L251 LINKER/LOCATER V4.66.93.0                                                          06/02/2023  21:15:45  PAGE 1


L251 LINKER/LOCATER V4.66.93.0, INVOKED BY:
C:\KEIL_V5\C251\BIN\L251.EXE .\Objects\oled.obj, .\Objects\main.obj, .\Objects\STC32G_PWM.obj TO .\Objects\project PRINT
>>  (.\Listings\project.map) CASE CLASSES (EDATA (0X0-0XFFF), HDATA (0X0-0XFFF))


CPU MODE:     251 SOURCE MODE
INTR FRAME:   2 BYTES SAVED ON INTERRUPT
MEMORY MODEL: LARGE WITH FLOATING POINT ARITHMETIC


INPUT MODULES INCLUDED:
  .\Objects\oled.obj (oled)
         COMMENT TYPE 0: C251 V5.60.0
  .\Objects\main.obj (main)
         COMMENT TYPE 0: C251 V5.60.0
  .\Objects\STC32G_PWM.obj (STC32G_PWM)
         COMMENT TYPE 0: C251 V5.60.0
  C:\KEIL_V5\C251\LIB\C2SFPL.LIB (?C?FPMUL)
         COMMENT TYPE 0: A251 V4.69.6.0
  C:\KEIL_V5\C251\LIB\C2SFPL.LIB (?C?FPDIV)
         COMMENT TYPE 0: A251 V4.69.6.0
  C:\KEIL_V5\C251\LIB\C2SFPL.LIB (?C?FCAST)
         COMMENT TYPE 0: A251 V4.69.6.0
  C:\KEIL_V5\C251\LIB\C2SFPL.LIB (?C?CASTF)
         COMMENT TYPE 0: A251 V4.69.6.0
  C:\KEIL_V5\C251\LIB\C2SFPL.LIB (SPRINTF)
         COMMENT TYPE 0: A251 V4.69.6.0
  C:\KEIL_V5\C251\LIB\C2SFPL.LIB (?C?FPGETOPN)
         COMMENT TYPE 0: A251 V4.69.6.0
  C:\KEIL_V5\C251\LIB\C2SFPL.LIB (?C?PRNFMT)
         COMMENT TYPE 0: A251 V4.69.6.0
  C:\KEIL_V5\C251\LIB\C2SFPL.LIB (?C?FPCONVERT)
         COMMENT TYPE 0: A251 V4.69.6.0
  C:\KEIL_V5\C251\LIB\C2SFPL.LIB (?C?FTNPWR)
         COMMENT TYPE 0: A251 V4.69.6.0
  C:\KEIL_V5\C251\LIB\C2SL.LIB (?C_START)
         COMMENT TYPE 0: A251 V4.69.6.0
  C:\KEIL_V5\C251\LIB\C2SL.LIB (?C?INITHDATA)
         COMMENT TYPE 0: A251 V4.69.6.0
  C:\KEIL_V5\C251\LIB\C2SL.LIB (?C?SIDIV)
         COMMENT TYPE 0: A251 V4.69.6.0
  C:\KEIL_V5\C251\LIB\C2SL.LIB (?C?LMUL)
         COMMENT TYPE 0: A251 V4.69.6.0
  C:\KEIL_V5\C251\LIB\C2SL.LIB (?C?ULDIV)
         COMMENT TYPE 0: A251 V4.69.6.0
  C:\KEIL_V5\C251\LIB\C2SL.LIB (?C?INITHDATA_END)
         COMMENT TYPE 0: A251 V4.69.6.0


ACTIVE MEMORY CLASSES OF MODULE:  .\Objects\project (oled)

BASE        START       END         USED      MEMORY CLASS
==========================================================
000000H     000000H     000FFFH     000100H   EDATA
000000H     000000H     000FFFH               HDATA
FF0000H     FF0000H     FFFFFFH     00258AH   CODE
010000H     010000H     01FFFFH     00009BH   XDATA
000000H     FF0000H     FFFFFFH     000010H   HCONST
FF0000H     FF0000H     FFFFFFH     000004H   CONST
000000H     000000H     00007FH     000008H   DATA


MEMORY MAP OF MODULE:  .\Objects\project (oled)


START     STOP      LENGTH    ALIGN  RELOC    MEMORY CLASS   SEGMENT NAME
L251 LINKER/LOCATER V4.66.93.0                                                        06/02/2023  21:15:45  PAGE 2


=========================================================================
000000H   000007H   000008H   ---    AT..     DATA           "REG BANK 0"
000008H   000107H   000100H   BYTE   UNIT     EDATA          ?STACK
000108H   00FFFFH   00FEF8H   ---    ---      **GAP**
010000H   010035H   000036H   BYTE   INSEG    XDATA          ?XD?MAIN
010036H   01005DH   000028H   BYTE   UNIT     XDATA          _XDATA_GROUP_
01005EH   01007DH   000020H   BYTE   INSEG    XDATA          ?XD?STC32G_PWM
01007EH   010086H   000009H   BYTE   UNIT     XDATA          ?XD?PWM_INIT?STC32G_PWM
010087H   01008EH   000008H   BYTE   UNIT     XDATA          ?XD?OLED_SHOWNUM?OLED
01008FH   010096H   000008H   BYTE   UNIT     XDATA          ?XD?OLED_DRAWBMP?OLED
010097H   01009AH   000004H   BYTE   UNIT     XDATA          ?XD?OLED_SHOWCHINESE?OLED
01009BH   FEFFFFH   FDFF65H   ---    ---      **GAP**
FF0000H   FF0002H   000003H   ---    OFFS..   CODE           ?CO?start251?4
FF0003H   FF0006H   000004H   BYTE   UNIT     CONST          ?CO?PRINTF
FF0007H   FF000AH   000004H   ---    ---      **GAP**
FF000BH   FF000DH   000003H   ---    OFFS..   CODE           ?PR?IV?1
FF000EH   FF0905H   0008F8H   BYTE   UNIT     CODE           ?CO?OLED
FF0906H   FF1153H   00084EH   BYTE   UNIT     CODE           ?C?LIB_CODE
FF1154H   FF176DH   00061AH   BYTE   INSEG    CODE           ?PR?PWM_CONFIGURATION?STC32G_PWM
FF176EH   FF1B6DH   000400H   BYTE   UNIT     CODE           ?CO?MAIN
FF1B6EH   FF1D2EH   0001C1H   BYTE   INSEG    CODE           ?PR?PWM_INIT?STC32G_PWM
FF1D2FH   FF1EABH   00017DH   BYTE   INSEG    CODE           ?PR?HPWM_SET?STC32G_PWM
FF1EACH   FF1FAEH   000103H   BYTE   INSEG    CODE           ?PR?OLED_SHOWNUM?OLED
FF1FAFH   FF208DH   0000DFH   BYTE   INSEG    CODE           ?PR?OLED_SHOWCHAR?OLED
FF208EH   FF215DH   0000D0H   BYTE   INSEG    CODE           ?PR?OLED_INIT?OLED
FF215EH   FF220DH   0000B0H   BYTE   INSEG    CODE           ?PR?OLED_DRAWBMP?OLED
FF220EH   FF229FH   000092H   BYTE   INSEG    CODE           ?PR?MAIN?MAIN
FF22A0H   FF232DH   00008EH   BYTE   INSEG    CODE           ?PR?OLED_SHOWCHINESE?OLED
FF232EH   FF23A7H   00007AH   BYTE   INSEG    CODE           ?PR?OLED_SHOWSTRING?OLED
FF23A8H   FF23F4H   00004DH   BYTE   INSEG    CODE           ?PR?TIMER0_ISR?MAIN
FF23F5H   FF2407H   000013H   BYTE   UNIT     CODE           ?C_C51STARTUP
FF2408H   FF2438H   000031H   BYTE   UNIT     CODE           ?C_C51STARTUP?2
FF2439H   FF243BH   000003H   BYTE   UNIT     CODE           ?C_C51STARTUP?3
FF243CH   FF2471H   000036H   BYTE   INSEG    CODE           ?PR?OLED_CLEAR?OLED
FF2472H   FF249DH   00002CH   BYTE   INSEG    CODE           ?PR?OLED_DISPLAYTURN?OLED
FF249EH   FF24C8H   00002BH   BYTE   INSEG    CODE           ?PR?OLED_WR_BYTE?OLED
FF24C9H   FF24F1H   000029H   BYTE   INSEG    CODE           ?PR?OLED_SET_POS?OLED
FF24F2H   FF250FH   00001EH   BYTE   INSEG    CODE           ?PR?OLED_COLORTURN?OLED
FF2510H   FF2529H   00001AH   BYTE   INSEG    CODE           ?PR?OLED_POW?OLED
FF252AH   FF2540H   000017H   BYTE   INSEG    CODE           ?PR?DELAY_MS?OLED
FF2541H   FF2555H   000015H   BYTE   INSEG    CODE           ?PR?OLED_DISPLAY_ON?OLED
FF2556H   FF256AH   000015H   BYTE   INSEG    CODE           ?PR?OLED_DISPLAY_OFF?OLED
FF256BH   FF257EH   000014H   BYTE   INSEG    CODE           ?PR?TIMER1_INIT?MAIN
FF257FH   FF2591H   000013H   BYTE   INSEG    CODE           ?PR?TIMER0_INIT?MAIN
FF2592H   FF259CH   00000BH   BYTE   UNIT     HCONST         ?C_INITHDATA
FF259DH   FF25A1H   000005H   BYTE   UNIT     HCONST         ?HC?MAIN



OVERLAY MAP OF MODULE:   .\Objects\project (oled)


FUNCTION/MODULE                   XDATA_GROUP
--> CALLED FUNCTION/MODULE        START  STOP
=============================================
Timer0_Isr/main                   ----- -----

*** NEW ROOT ********************

?C_C51STARTUP                     ----- -----

*** NEW ROOT ********************

?C_C51STARTUP?3                   ----- -----
  +--> main/main
L251 LINKER/LOCATER V4.66.93.0                                                        06/02/2023  21:15:45  PAGE 3



main/main                         ----- -----
  +--> OLED_Init/oled
  +--> Timer0_Init/main
  +--> Timer1_Init/main
  +--> SPRINTF/SPRINTF
  +--> OLED_ShowString/oled

OLED_Init/oled                    ----- -----
  +--> delay_ms/oled
  +--> OLED_WR_Byte/oled
  +--> OLED_Clear/oled

delay_ms/oled                     ----- -----

OLED_WR_Byte/oled                 ----- -----

OLED_Clear/oled                   ----- -----
  +--> OLED_WR_Byte/oled

Timer0_Init/main                  ----- -----

Timer1_Init/main                  ----- -----

SPRINTF/SPRINTF                   0036H 005DH
  +--> OUT/SPRINTF

OUT/SPRINTF                       ----- -----
  +--> PUTCH/SPRINTF

PUTCH/SPRINTF                     ----- -----

OLED_ShowString/oled              0036H 0039H
  +--> OLED_ShowChar/oled

OLED_ShowChar/oled                003AH 003EH
  +--> OLED_Set_Pos/oled
  +--> OLED_WR_Byte/oled

OLED_Set_Pos/oled                 ----- -----
  +--> OLED_WR_Byte/oled

*** NEW ROOT ********************

?C_C51STARTUP?2                   ----- -----



PUBLIC SYMBOLS OF MODULE:  .\Objects\project (oled)


      VALUE       CLASS    TYPE      PUBLIC SYMBOL NAME
      =================================================
      00FF0A64H   CODE     NEAR LAB  ?C?CASTF
      000000FFH   NUMBER   ---       ?C?CODESEG
      00FF0A31H   CODE     NEAR LAB  ?C?FCASTC
      00FF0A2CH   CODE     NEAR LAB  ?C?FCASTI
      00FF0A27H   CODE     NEAR LAB  ?C?FCASTL
      00FF0F5CH   CODE     ---       ?C?FPCONVERT
      00FF09A6H   CODE     ---       ?C?FPDIV
      00FF0AC1H   CODE     ---       ?C?FPGETOPN2
      00FF0906H   CODE     ---       ?C?FPMUL
      00FF0AFEH   CODE     ---       ?C?FPNANRESULT
      00FF0B06H   CODE     ---       ?C?FPOVERFLOW
      00FF0ADAH   CODE     ---       ?C?FPRESULT
L251 LINKER/LOCATER V4.66.93.0                                                        06/02/2023  21:15:45  PAGE 4


      00FF0AF0H   CODE     ---       ?C?FPRESULT2
      00FF1014H   CODE     ---       ?C?FPROUND
      00FF0B03H   CODE     ---       ?C?FPUNDERFLOW
      00FF1087H   CODE     ---       ?C?FTNPWR
      00FF2408H   CODE     ---       ?C?INITHDATA
      00FF259BH   HCONST   WORD      ?C?INITHDATA_END
      00FF10F0H   CODE     ---       ?C?LMUL
      00FF0B3FH   CODE     ---       ?C?PRNFMT
      00FF10BEH   CODE     ---       ?C?SIDIV
      00FF0000H   CODE     ---       ?C?STARTUP
      00FF1103H   CODE     NEAR LAB  ?C?ULDIV
      00FF1101H   CODE     NEAR LAB  ?C?ULIDIV
      00000001H   NUMBER   ---       ?C?XDATASEG
      00FF0000H   CODE     ---       ?C_STARTUP
      0001005EH   XDATA    ---       ?sprintf?BYTE
      00010032H   XDATA    FLOAT     a
*SFR* 000000BCH   DATA     BYTE      ADC_CONTR
*SFR* 000000DEH   DATA     BYTE      ADCCFG
      00FF000EH   CODE     ---       asc2_0806
      00FF0236H   CODE     ---       asc2_1608
*SFR* 000000EFH   DATA     BYTE      AUXINTIF
*SFR* 0000008EH   DATA     BYTE      AUXR
*SFR* 00000097H   DATA     BYTE      AUXR2
      00FF176EH   CODE     ---       BMP1
      00010000H   XDATA    ---       bug
*SFR* 000000F1H   DATA     BYTE      CANICR
*SFR* 000000EAH   DATA     BYTE      CKCON
*SFR* 000000E6H   DATA     BYTE      CMPCR1
*SFR* 000000E7H   DATA     BYTE      CMPCR2
      00FF252AH   CODE     ---       delay_ms
*SFR* 000000A8H.7 DATA     BIT       EA
*SFR* 000000BAH.7 DATA     BIT       EAXFR
*SFR* 000000A8H.1 DATA     BIT       ET0
      00FF1D2FH   CODE     ---       HPWM_Set
      00FF0826H   CODE     ---       Hzk
*SFR* 000000C7H   DATA     BYTE      IAP_CONTR
*SFR* 000000A8H   DATA     BYTE      IE
*SFR* 000000AFH   DATA     BYTE      IE2
*SFR* 0000008FH   DATA     BYTE      INTCLKO
*SFR* 000000B8H   DATA     BYTE      IP
*SFR* 000000B5H   DATA     BYTE      IP2
*SFR* 000000B6H   DATA     BYTE      IP2H
*SFR* 000000DFH   DATA     BYTE      IP3
*SFR* 000000EEH   DATA     BYTE      IP3H
*SFR* 000000B7H   DATA     BYTE      IPH
*SFR* 0000009DH   DATA     BYTE      IRCBAND
*SFR* 000000F9H   DATA     BYTE      LINICR
      00FF220EH   CODE     ---       main
      00FF243CH   CODE     ---       OLED_Clear
      00FF24F2H   CODE     ---       OLED_ColorTurn
*SFR* 000000C0H.4 DATA     BIT       OLED_CS
*SFR* 000000C0H.3 DATA     BIT       OLED_DC
      00FF2556H   CODE     ---       OLED_Display_Off
      00FF2541H   CODE     ---       OLED_Display_On
      00FF2472H   CODE     ---       OLED_DisplayTurn
      00FF215EH   CODE     ---       OLED_DrawBMP
      00FF208EH   CODE     ---       OLED_Init
      00FF2510H   CODE     ---       oled_pow
*SFR* 000000C0H.2 DATA     BIT       OLED_RES
*SFR* 000000C0H.0 DATA     BIT       OLED_SCL
*SFR* 000000C0H.1 DATA     BIT       OLED_SDA
      00FF24C9H   CODE     ---       OLED_Set_Pos
      00FF1FAFH   CODE     ---       OLED_ShowChar
      00FF22A0H   CODE     ---       OLED_ShowChinese
      00FF1EACH   CODE     ---       OLED_ShowNum
L251 LINKER/LOCATER V4.66.93.0                                                        06/02/2023  21:15:45  PAGE 5


      00FF232EH   CODE     ---       OLED_ShowString
      00FF249EH   CODE     ---       OLED_WR_Byte
*SFR* 00000080H   DATA     BYTE      P0
*SFR* 00000090H   DATA     BYTE      P1
*SFR* 000000A0H   DATA     BYTE      P2
*SFR* 00000096H   DATA     BYTE      P2M0
*SFR* 00000095H   DATA     BYTE      P2M1
*SFR* 000000B0H   DATA     BYTE      P3
*SFR* 000000B2H   DATA     BYTE      P3M0
*SFR* 000000B1H   DATA     BYTE      P3M1
*SFR* 000000C0H   DATA     BYTE      P4
*SFR* 000000B4H   DATA     BYTE      P4M0
*SFR* 000000B3H   DATA     BYTE      P4M1
*SFR* 000000C8H   DATA     BYTE      P5
*SFR* 000000E8H   DATA     BYTE      P6
*SFR* 000000F8H   DATA     BYTE      P7
*SFR* 000000A2H   DATA     BYTE      P_SW1
*SFR* 000000BAH   DATA     BYTE      P_SW2
*SFR* 000000BBH   DATA     BYTE      P_SW3
*SFR* 00000087H   DATA     BYTE      PCON
*SFR* 000000D0H   DATA     BYTE      PSW
      00FF1154H   CODE     ---       PWM_Configuration
      00FF1B6EH   CODE     ---       PWM_init
      0001005EH   XDATA    ---       PWMA_Duty
      0001006EH   XDATA    ---       PWMB_Duty
*SFR* 000000FFH   DATA     BYTE      RSTCFG
*SFR* 0000009AH   DATA     BYTE      S2CON
*SFR* 000000ACH   DATA     BYTE      S3CON
*SFR* 000000FDH   DATA     BYTE      S4CON
*SFR* 00000098H   DATA     BYTE      SCON
*SFR* 000000CEH   DATA     BYTE      SPCTL
      00FF0AA1H   CODE     NEAR LAB  sprintf
*SFR* 000000CDH   DATA     BYTE      SPSTAT
*SFR* 000000DDH   DATA     BYTE      T4T3M
*SFR* 00000088H   DATA     BYTE      TCON
*SFR* 00000088H.5 DATA     BIT       TF0
*SFR* 00000088H.7 DATA     BIT       TF1
*SFR* 0000008CH   DATA     BYTE      TH0
*SFR* 0000008DH   DATA     BYTE      TH1
      00FF257FH   CODE     ---       Timer0_Init
      00FF23A8H   CODE     ---       Timer0_Isr
      00FF256BH   CODE     ---       Timer1_Init
*SFR* 0000008AH   DATA     BYTE      TL0
*SFR* 0000008BH   DATA     BYTE      TL1
*SFR* 00000089H   DATA     BYTE      TMOD
*SFR* 00000088H.4 DATA     BIT       TR0
*SFR* 00000088H.6 DATA     BIT       TR1
*SFR* 000000F4H   DATA     BYTE      USBCON
*SFR* 000000C1H   DATA     BYTE      WDT_CONTR
*SFR* 000000E9H   DATA     BYTE      WTST



SYMBOL TABLE OF MODULE:  .\Objects\project (oled)

      VALUE       REP       CLASS    TYPE      SYMBOL NAME
      ====================================================
      ---         MODULE    ---      ---       oled
      00FF2541H   PUBLIC    CODE     ---       OLED_Display_On
      00FF2472H   PUBLIC    CODE     ---       OLED_DisplayTurn
      00FF208EH   PUBLIC    CODE     ---       OLED_Init
      00FF232EH   PUBLIC    CODE     ---       OLED_ShowString
      00FF249EH   PUBLIC    CODE     ---       OLED_WR_Byte
      00FF1FAFH   PUBLIC    CODE     ---       OLED_ShowChar
      00FF24F2H   PUBLIC    CODE     ---       OLED_ColorTurn
L251 LINKER/LOCATER V4.66.93.0                                                        06/02/2023  21:15:45  PAGE 6


      00FF24C9H   PUBLIC    CODE     ---       OLED_Set_Pos
      00FF252AH   PUBLIC    CODE     ---       delay_ms
      00FF1EACH   PUBLIC    CODE     ---       OLED_ShowNum
      00FF2556H   PUBLIC    CODE     ---       OLED_Display_Off
      00FF2510H   PUBLIC    CODE     ---       oled_pow
      00FF22A0H   PUBLIC    CODE     ---       OLED_ShowChinese
      00FF243CH   PUBLIC    CODE     ---       OLED_Clear
      00FF215EH   PUBLIC    CODE     ---       OLED_DrawBMP
      00FF000EH   PUBLIC    CODE     ---       asc2_0806
      00FF0236H   PUBLIC    CODE     ---       asc2_1608
      00FF0826H   PUBLIC    CODE     ---       Hzk
      000000D0H   SFRSYM    DATA     BYTE      PSW
      0000009DH   SFRSYM    DATA     BYTE      IRCBAND
      00000097H   SFRSYM    DATA     BYTE      AUXR2
      000000C0H.2 SFRSYM    DATA     BIT       OLED_RES
      000000EFH   SFRSYM    DATA     BYTE      AUXINTIF
      000000FDH   SFRSYM    DATA     BYTE      S4CON
      000000C0H.0 SFRSYM    DATA     BIT       OLED_SCL
      000000ACH   SFRSYM    DATA     BYTE      S3CON
      0000009AH   SFRSYM    DATA     BYTE      S2CON
      000000B7H   SFRSYM    DATA     BYTE      IPH
      000000CDH   SFRSYM    DATA     BYTE      SPSTAT
      000000C0H.1 SFRSYM    DATA     BIT       OLED_SDA
      000000DDH   SFRSYM    DATA     BYTE      T4T3M
      000000C1H   SFRSYM    DATA     BYTE      WDT_CONTR
      000000DFH   SFRSYM    DATA     BYTE      IP3
      000000F4H   SFRSYM    DATA     BYTE      USBCON
      000000B5H   SFRSYM    DATA     BYTE      IP2
      000000FFH   SFRSYM    DATA     BYTE      RSTCFG
      000000C7H   SFRSYM    DATA     BYTE      IAP_CONTR
      000000F9H   SFRSYM    DATA     BYTE      LINICR
      0000008EH   SFRSYM    DATA     BYTE      AUXR
      000000AFH   SFRSYM    DATA     BYTE      IE2
      00000088H   SFRSYM    DATA     BYTE      TCON
      00000089H   SFRSYM    DATA     BYTE      TMOD
      00000098H   SFRSYM    DATA     BYTE      SCON
      000000F1H   SFRSYM    DATA     BYTE      CANICR
      00000087H   SFRSYM    DATA     BYTE      PCON
      000000BCH   SFRSYM    DATA     BYTE      ADC_CONTR
      000000E7H   SFRSYM    DATA     BYTE      CMPCR2
      000000E6H   SFRSYM    DATA     BYTE      CMPCR1
      000000C0H.4 SFRSYM    DATA     BIT       OLED_CS
      000000DEH   SFRSYM    DATA     BYTE      ADCCFG
      000000B8H   SFRSYM    DATA     BYTE      IP
      0000008FH   SFRSYM    DATA     BYTE      INTCLKO
      000000EEH   SFRSYM    DATA     BYTE      IP3H
      000000B6H   SFRSYM    DATA     BYTE      IP2H
      000000A8H   SFRSYM    DATA     BYTE      IE
      000000BBH   SFRSYM    DATA     BYTE      P_SW3
      000000BAH   SFRSYM    DATA     BYTE      P_SW2
      000000C0H.3 SFRSYM    DATA     BIT       OLED_DC
      000000A2H   SFRSYM    DATA     BYTE      P_SW1
      000000CEH   SFRSYM    DATA     BYTE      SPCTL
      000000F8H   SFRSYM    DATA     BYTE      P7
      000000E8H   SFRSYM    DATA     BYTE      P6
      000000C8H   SFRSYM    DATA     BYTE      P5
      000000C0H   SFRSYM    DATA     BYTE      P4
      000000B0H   SFRSYM    DATA     BYTE      P3
      000000A0H   SFRSYM    DATA     BYTE      P2
      00000090H   SFRSYM    DATA     BYTE      P1
      00000080H   SFRSYM    DATA     BYTE      P0

      00FF252AH   BLOCK     CODE     ---       LVL=0
      WR2         REGSYM    ---      WORD      ms
      00FF252CH   BLOCK     CODE     NEAR LAB  LVL=1
L251 LINKER/LOCATER V4.66.93.0                                                        06/02/2023  21:15:45  PAGE 7


      WR0         REGSYM    ---      WORD      a
      ---         BLOCKEND  ---      ---       LVL=1
      00FF252AH   LINE      CODE     ---       #14
      00FF252CH   LINE      CODE     ---       #15
      00FF252CH   LINE      CODE     ---       #17
      00FF252EH   LINE      CODE     ---       #19
      00FF2532H   LINE      CODE     ---       #20
      00FF253AH   LINE      CODE     ---       #21
      00FF253CH   LINE      CODE     ---       #22
      00FF2540H   LINE      CODE     ---       #23
      00FF2540H   LINE      CODE     ---       #24
      ---         BLOCKEND  ---      ---       LVL=0

      00FF24F2H   BLOCK     CODE     ---       LVL=0
      R15         REGSYM    ---      BYTE      i
      00FF24F2H   LINE      CODE     ---       #27
      00FF24F6H   LINE      CODE     ---       #29
      00FF24FAH   LINE      CODE     ---       #31
      00FF2501H   LINE      CODE     ---       #32
      00FF2501H   LINE      CODE     ---       #33
      00FF2506H   LINE      CODE     ---       #35
      00FF250DH   LINE      CODE     ---       #36
      ---         BLOCKEND  ---      ---       LVL=0

      00FF2472H   BLOCK     CODE     ---       LVL=0
      R15         REGSYM    ---      BYTE      i
      00FF2472H   LINE      CODE     ---       #40
      00FF2476H   LINE      CODE     ---       #42
      00FF247AH   LINE      CODE     ---       #44
      00FF2481H   LINE      CODE     ---       #45
      00FF2488H   LINE      CODE     ---       #46
      00FF2488H   LINE      CODE     ---       #47
      00FF248DH   LINE      CODE     ---       #49
      00FF2494H   LINE      CODE     ---       #50
      00FF249BH   LINE      CODE     ---       #51
      ---         BLOCKEND  ---      ---       LVL=0

      00FF249EH   BLOCK     CODE     ---       LVL=0
      R10         REGSYM    ---      BYTE      dat
      R7          REGSYM    ---      BYTE      cmd
      00FF24A0H   BLOCK     CODE     NEAR LAB  LVL=1
      R7          REGSYM    ---      BYTE      i
      ---         BLOCKEND  ---      ---       LVL=1
      00FF249EH   LINE      CODE     ---       #55
      00FF24A0H   LINE      CODE     ---       #56
      00FF24A0H   LINE      CODE     ---       #58
      00FF24A4H   LINE      CODE     ---       #59
      00FF24A8H   LINE      CODE     ---       #61
      00FF24AAH   LINE      CODE     ---       #62
      00FF24ACH   LINE      CODE     ---       #63
      00FF24AFH   LINE      CODE     ---       #65
      00FF24B1H   LINE      CODE     ---       #66
      00FF24B6H   LINE      CODE     ---       #68
      00FF24B8H   LINE      CODE     ---       #69
      00FF24BAH   LINE      CODE     ---       #72
      00FF24BCH   LINE      CODE     ---       #73
      00FF24BCH   LINE      CODE     ---       #74
      00FF24BEH   LINE      CODE     ---       #75
      00FF24C0H   LINE      CODE     ---       #76
      00FF24C4H   LINE      CODE     ---       #77
      00FF24C6H   LINE      CODE     ---       #78
      00FF24C8H   LINE      CODE     ---       #79
      ---         BLOCKEND  ---      ---       LVL=0

      00FF24C9H   BLOCK     CODE     ---       LVL=0
L251 LINKER/LOCATER V4.66.93.0                                                        06/02/2023  21:15:45  PAGE 8


      R15         REGSYM    ---      BYTE      x
      R10         REGSYM    ---      BYTE      y
      00FF24C9H   LINE      CODE     ---       #83
      00FF24CDH   LINE      CODE     ---       #85
      00FF24D8H   LINE      CODE     ---       #86
      00FF24E6H   LINE      CODE     ---       #87
      00FF24EFH   LINE      CODE     ---       #88
      ---         BLOCKEND  ---      ---       LVL=0

      00FF2541H   BLOCK     CODE     ---       LVL=0
      00FF2541H   LINE      CODE     ---       #90
      00FF2541H   LINE      CODE     ---       #92
      00FF2548H   LINE      CODE     ---       #93
      00FF254FH   LINE      CODE     ---       #94
      ---         BLOCKEND  ---      ---       LVL=0

      00FF2556H   BLOCK     CODE     ---       LVL=0
      00FF2556H   LINE      CODE     ---       #97
      00FF2556H   LINE      CODE     ---       #99
      00FF255DH   LINE      CODE     ---       #100
      00FF2564H   LINE      CODE     ---       #101
      ---         BLOCKEND  ---      ---       LVL=0

      00FF243CH   BLOCK     CODE     ---       LVL=0
      00FF243EH   BLOCK     CODE     NEAR LAB  LVL=1
      R15         REGSYM    ---      BYTE      i
      R14         REGSYM    ---      BYTE      n
      ---         BLOCKEND  ---      ---       LVL=1
      00FF243CH   LINE      CODE     ---       #104
      00FF243EH   LINE      CODE     ---       #105
      00FF243EH   LINE      CODE     ---       #107
      00FF2440H   LINE      CODE     ---       #109
      00FF244BH   LINE      CODE     ---       #110
      00FF2451H   LINE      CODE     ---       #111
      00FF2458H   LINE      CODE     ---       #112
      00FF2468H   LINE      CODE     ---       #113
      00FF246FH   LINE      CODE     ---       #114
      ---         BLOCKEND  ---      ---       LVL=0

      00FF1FAFH   BLOCK     CODE     ---       LVL=0
      R13         REGSYM    ---      BYTE      x
      R14         REGSYM    ---      BYTE      y
      R3          REGSYM    ---      BYTE      chr
      R15         REGSYM    ---      BYTE      sizey
      00FF1FB9H   BLOCK     CODE     NEAR LAB  LVL=1
      R12         REGSYM    ---      BYTE      c
      0001003AH   SYMBOL    XDATA    BYTE      sizex
      0001003BH   SYMBOL    XDATA    WORD      i
      0001003DH   SYMBOL    XDATA    WORD      size1
      ---         BLOCKEND  ---      ---       LVL=1
      00FF1FAFH   LINE      CODE     ---       #120
      00FF1FB9H   LINE      CODE     ---       #121
      00FF1FB9H   LINE      CODE     ---       #122
      00FF1FC5H   LINE      CODE     ---       #123
      00FF1FCDH   LINE      CODE     ---       #124
      00FF1FDEH   LINE      CODE     ---       #125
      00FF1FFEH   LINE      CODE     ---       #126
      00FF2006H   LINE      CODE     ---       #127
      00FF200DH   LINE      CODE     ---       #128
      00FF2014H   LINE      CODE     ---       #130
      00FF2034H   LINE      CODE     ---       #131
      00FF204CH   LINE      CODE     ---       #132
      00FF2070H   LINE      CODE     ---       #134
      00FF2070H   LINE      CODE     ---       #135
      00FF208BH   LINE      CODE     ---       #136
L251 LINKER/LOCATER V4.66.93.0                                                        06/02/2023  21:15:45  PAGE 9


      ---         BLOCKEND  ---      ---       LVL=0

      00FF2510H   BLOCK     CODE     ---       LVL=0
      R8          REGSYM    ---      BYTE      m
      R9          REGSYM    ---      BYTE      n
      00FF2514H   BLOCK     CODE     NEAR LAB  LVL=1
      DR4         REGSYM    ---      DWORD     result
      ---         BLOCKEND  ---      ---       LVL=1
      00FF2510H   LINE      CODE     ---       #138
      00FF2514H   LINE      CODE     ---       #139
      00FF2514H   LINE      CODE     ---       #140
      00FF2518H   LINE      CODE     ---       #141
      00FF2529H   LINE      CODE     ---       #142
      00FF2529H   LINE      CODE     ---       #143
      ---         BLOCKEND  ---      ---       LVL=0

      00FF1EACH   BLOCK     CODE     ---       LVL=0
      00010087H   SYMBOL    XDATA    BYTE      x
      00010088H   SYMBOL    XDATA    BYTE      y
      DR12        REGSYM    ---      DWORD     num
      00010089H   SYMBOL    XDATA    BYTE      len
      0001008AH   SYMBOL    XDATA    BYTE      sizey
      00FF1EC6H   BLOCK     CODE     NEAR LAB  LVL=1
      0001008BH   SYMBOL    XDATA    BYTE      t
      0001008CH   SYMBOL    XDATA    BYTE      temp
      0001008DH   SYMBOL    XDATA    BYTE      m
      0001008EH   SYMBOL    XDATA    BYTE      enshow
      ---         BLOCKEND  ---      ---       LVL=1
      00FF1EACH   LINE      CODE     ---       #149
      00FF1EC6H   LINE      CODE     ---       #150
      00FF1EC6H   LINE      CODE     ---       #151
      00FF1ECBH   LINE      CODE     ---       #152
      00FF1ECFH   LINE      CODE     ---       #153
      00FF1EDCH   LINE      CODE     ---       #154
      00FF1EE4H   LINE      CODE     ---       #156
      00FF1F11H   LINE      CODE     ---       #157
      00FF1F29H   LINE      CODE     ---       #159
      00FF1F2FH   LINE      CODE     ---       #161
      00FF1F54H   LINE      CODE     ---       #162
      00FF1F56H   LINE      CODE     ---       #163
      00FF1F5CH   LINE      CODE     ---       #164
      00FF1F5CH   LINE      CODE     ---       #165
      00FF1F95H   LINE      CODE     ---       #166
      00FF1FACH   LINE      CODE     ---       #167
      ---         BLOCKEND  ---      ---       LVL=0

      00FF232EH   BLOCK     CODE     ---       LVL=0
      00010036H   SYMBOL    XDATA    BYTE      x
      00010037H   SYMBOL    XDATA    BYTE      y
      REG=3       REGSYM    ---      ---       chr
      00010038H   SYMBOL    XDATA    BYTE      sizey
      00FF2342H   BLOCK     CODE     NEAR LAB  LVL=1
      00010039H   SYMBOL    XDATA    BYTE      j
      ---         BLOCKEND  ---      ---       LVL=1
      00FF232EH   LINE      CODE     ---       #169
      00FF2342H   LINE      CODE     ---       #170
      00FF2342H   LINE      CODE     ---       #171
      00FF2347H   LINE      CODE     ---       #172
      00FF2349H   LINE      CODE     ---       #174
      00FF2372H   LINE      CODE     ---       #175
      00FF2386H   LINE      CODE     ---       #176
      00FF2396H   LINE      CODE     ---       #177
      00FF23A5H   LINE      CODE     ---       #178
      ---         BLOCKEND  ---      ---       LVL=0

L251 LINKER/LOCATER V4.66.93.0                                                        06/02/2023  21:15:45  PAGE 10


      00FF22A0H   BLOCK     CODE     ---       LVL=0
      R12         REGSYM    ---      BYTE      x
      R13         REGSYM    ---      BYTE      y
      R14         REGSYM    ---      BYTE      no
      R15         REGSYM    ---      BYTE      sizey
      00FF22AAH   BLOCK     CODE     NEAR LAB  LVL=1
      00010097H   SYMBOL    XDATA    WORD      i
      00010099H   SYMBOL    XDATA    WORD      size1
      ---         BLOCKEND  ---      ---       LVL=1
      00FF22A0H   LINE      CODE     ---       #180
      00FF22AAH   LINE      CODE     ---       #181
      00FF22AAH   LINE      CODE     ---       #182
      00FF22CEH   LINE      CODE     ---       #183
      00FF22D5H   LINE      CODE     ---       #185
      00FF22ECH   LINE      CODE     ---       #186
      00FF2310H   LINE      CODE     ---       #188
      00FF2310H   LINE      CODE     ---       #189
      00FF232BH   LINE      CODE     ---       #190
      ---         BLOCKEND  ---      ---       LVL=0

      00FF215EH   BLOCK     CODE     ---       LVL=0
      0001008FH   SYMBOL    XDATA    BYTE      x
      00010090H   SYMBOL    XDATA    BYTE      y
      00010091H   SYMBOL    XDATA    BYTE      sizex
      00010092H   SYMBOL    XDATA    BYTE      sizey
      REG=3       REGSYM    ---      ---       BMP
      00FF2178H   BLOCK     CODE     NEAR LAB  LVL=1
      00010093H   SYMBOL    XDATA    WORD      j
      00010095H   SYMBOL    XDATA    BYTE      i
      00010096H   SYMBOL    XDATA    BYTE      m
      ---         BLOCKEND  ---      ---       LVL=1
      00FF215EH   LINE      CODE     ---       #197
      00FF2178H   LINE      CODE     ---       #198
      00FF2178H   LINE      CODE     ---       #199
      00FF2180H   LINE      CODE     ---       #201
      00FF21A2H   LINE      CODE     ---       #202
      00FF21A9H   LINE      CODE     ---       #204
      00FF21C2H   LINE      CODE     ---       #205
      00FF21C9H   LINE      CODE     ---       #207
      00FF21E3H   LINE      CODE     ---       #208
      00FF21F7H   LINE      CODE     ---       #209
      00FF220BH   LINE      CODE     ---       #210
      ---         BLOCKEND  ---      ---       LVL=0

      00FF208EH   BLOCK     CODE     ---       LVL=0
      00FF208EH   LINE      CODE     ---       #215
      00FF208EH   LINE      CODE     ---       #217
      00FF2090H   LINE      CODE     ---       #218
      00FF2097H   LINE      CODE     ---       #219
      00FF2099H   LINE      CODE     ---       #221
      00FF20A0H   LINE      CODE     ---       #222
      00FF20A6H   LINE      CODE     ---       #223
      00FF20ADH   LINE      CODE     ---       #224
      00FF20B4H   LINE      CODE     ---       #225
      00FF20BBH   LINE      CODE     ---       #226
      00FF20C2H   LINE      CODE     ---       #227
      00FF20C9H   LINE      CODE     ---       #228
      00FF20D0H   LINE      CODE     ---       #229
      00FF20D7H   LINE      CODE     ---       #230
      00FF20DEH   LINE      CODE     ---       #231
      00FF20E5H   LINE      CODE     ---       #232
      00FF20ECH   LINE      CODE     ---       #233
      00FF20F2H   LINE      CODE     ---       #234
      00FF20F9H   LINE      CODE     ---       #235
      00FF2100H   LINE      CODE     ---       #236
L251 LINKER/LOCATER V4.66.93.0                                                        06/02/2023  21:15:45  PAGE 11


      00FF2107H   LINE      CODE     ---       #237
      00FF210EH   LINE      CODE     ---       #238
      00FF2115H   LINE      CODE     ---       #239
      00FF211CH   LINE      CODE     ---       #240
      00FF2123H   LINE      CODE     ---       #241
      00FF212AH   LINE      CODE     ---       #242
      00FF2131H   LINE      CODE     ---       #243
      00FF2138H   LINE      CODE     ---       #244
      00FF213FH   LINE      CODE     ---       #245
      00FF2146H   LINE      CODE     ---       #246
      00FF214DH   LINE      CODE     ---       #247
      00FF2154H   LINE      CODE     ---       #248
      00FF2157H   LINE      CODE     ---       #249
      ---         BLOCKEND  ---      ---       LVL=0

      ---         MODULE    ---      ---       main
      00FF220EH   PUBLIC    CODE     ---       main
      00FF257FH   PUBLIC    CODE     ---       Timer0_Init
      00FF256BH   PUBLIC    CODE     ---       Timer1_Init
      00FF23A8H   PUBLIC    CODE     ---       Timer0_Isr
      00FF176EH   PUBLIC    CODE     ---       BMP1
      00010000H   PUBLIC    XDATA    ---       bug
      00010032H   PUBLIC    XDATA    FLOAT     a
      000000D0H   SFRSYM    DATA     BYTE      PSW
      000000BAH.7 SFRSYM    DATA     BIT       EAXFR
      0000009DH   SFRSYM    DATA     BYTE      IRCBAND
      00000097H   SFRSYM    DATA     BYTE      AUXR2
      000000EAH   SFRSYM    DATA     BYTE      CKCON
      000000EFH   SFRSYM    DATA     BYTE      AUXINTIF
      000000FDH   SFRSYM    DATA     BYTE      S4CON
      000000ACH   SFRSYM    DATA     BYTE      S3CON
      0000009AH   SFRSYM    DATA     BYTE      S2CON
      000000B7H   SFRSYM    DATA     BYTE      IPH
      000000CDH   SFRSYM    DATA     BYTE      SPSTAT
      000000DDH   SFRSYM    DATA     BYTE      T4T3M
      000000C1H   SFRSYM    DATA     BYTE      WDT_CONTR
      00000088H.6 SFRSYM    DATA     BIT       TR1
      00000088H.4 SFRSYM    DATA     BIT       TR0
      000000E9H   SFRSYM    DATA     BYTE      WTST
      0000008BH   SFRSYM    DATA     BYTE      TL1
      0000008AH   SFRSYM    DATA     BYTE      TL0
      0000008DH   SFRSYM    DATA     BYTE      TH1
      0000008CH   SFRSYM    DATA     BYTE      TH0
      000000DFH   SFRSYM    DATA     BYTE      IP3
      000000F4H   SFRSYM    DATA     BYTE      USBCON
      00000088H.7 SFRSYM    DATA     BIT       TF1
      000000B5H   SFRSYM    DATA     BYTE      IP2
      000000FFH   SFRSYM    DATA     BYTE      RSTCFG
      00000088H.5 SFRSYM    DATA     BIT       TF0
      000000A8H.1 SFRSYM    DATA     BIT       ET0
      000000C7H   SFRSYM    DATA     BYTE      IAP_CONTR
      000000F9H   SFRSYM    DATA     BYTE      LINICR
      0000008EH   SFRSYM    DATA     BYTE      AUXR
      000000AFH   SFRSYM    DATA     BYTE      IE2
      00000088H   SFRSYM    DATA     BYTE      TCON
      00000089H   SFRSYM    DATA     BYTE      TMOD
      00000098H   SFRSYM    DATA     BYTE      SCON
      000000F1H   SFRSYM    DATA     BYTE      CANICR
      00000087H   SFRSYM    DATA     BYTE      PCON
      000000BCH   SFRSYM    DATA     BYTE      ADC_CONTR
      000000E7H   SFRSYM    DATA     BYTE      CMPCR2
      000000E6H   SFRSYM    DATA     BYTE      CMPCR1
      000000DEH   SFRSYM    DATA     BYTE      ADCCFG
      000000B8H   SFRSYM    DATA     BYTE      IP
      0000008FH   SFRSYM    DATA     BYTE      INTCLKO
L251 LINKER/LOCATER V4.66.93.0                                                        06/02/2023  21:15:45  PAGE 12


      000000EEH   SFRSYM    DATA     BYTE      IP3H
      000000B6H   SFRSYM    DATA     BYTE      IP2H
      000000A8H   SFRSYM    DATA     BYTE      IE
      000000BBH   SFRSYM    DATA     BYTE      P_SW3
      000000BAH   SFRSYM    DATA     BYTE      P_SW2
      000000A2H   SFRSYM    DATA     BYTE      P_SW1
      000000CEH   SFRSYM    DATA     BYTE      SPCTL
      000000F8H   SFRSYM    DATA     BYTE      P7
      000000A8H.7 SFRSYM    DATA     BIT       EA
      000000E8H   SFRSYM    DATA     BYTE      P6
      000000C8H   SFRSYM    DATA     BYTE      P5
      000000C0H   SFRSYM    DATA     BYTE      P4
      000000B0H   SFRSYM    DATA     BYTE      P3
      000000B3H   SFRSYM    DATA     BYTE      P4M1
      000000A0H   SFRSYM    DATA     BYTE      P2
      000000B1H   SFRSYM    DATA     BYTE      P3M1
      000000B4H   SFRSYM    DATA     BYTE      P4M0
      00000090H   SFRSYM    DATA     BYTE      P1
      00000095H   SFRSYM    DATA     BYTE      P2M1
      000000B2H   SFRSYM    DATA     BYTE      P3M0
      00000080H   SFRSYM    DATA     BYTE      P0
      00000096H   SFRSYM    DATA     BYTE      P2M0

      00FF23A8H   BLOCK     CODE     ---       LVL=0
      00FF23A8H   LINE      CODE     ---       #9
      00FF23B6H   LINE      CODE     ---       #11
      00FF23E0H   LINE      CODE     ---       #12
      00FF23E3H   LINE      CODE     ---       #13
      00FF23E6H   LINE      CODE     ---       #14
      ---         BLOCKEND  ---      ---       LVL=0

      00FF257FH   BLOCK     CODE     ---       LVL=0
      00FF257FH   LINE      CODE     ---       #16
      00FF257FH   LINE      CODE     ---       #18
      00FF2582H   LINE      CODE     ---       #19
      00FF2585H   LINE      CODE     ---       #20
      00FF2588H   LINE      CODE     ---       #21
      00FF258BH   LINE      CODE     ---       #22
      00FF258DH   LINE      CODE     ---       #23
      00FF258FH   LINE      CODE     ---       #24
      00FF2591H   LINE      CODE     ---       #25
      ---         BLOCKEND  ---      ---       LVL=0

      00FF256BH   BLOCK     CODE     ---       LVL=0
      00FF256BH   LINE      CODE     ---       #26
      00FF256BH   LINE      CODE     ---       #28
      00FF256EH   LINE      CODE     ---       #29
      00FF2571H   LINE      CODE     ---       #30
      00FF2574H   LINE      CODE     ---       #31
      00FF2577H   LINE      CODE     ---       #32
      00FF257AH   LINE      CODE     ---       #33
      00FF257CH   LINE      CODE     ---       #34
      00FF257EH   LINE      CODE     ---       #35
      ---         BLOCKEND  ---      ---       LVL=0

      00FF220EH   BLOCK     CODE     ---       LVL=0
      00FF220EH   LINE      CODE     ---       #38
      00FF220EH   LINE      CODE     ---       #40
      00FF2210H   LINE      CODE     ---       #41
      00FF2216H   LINE      CODE     ---       #42
      00FF221CH   LINE      CODE     ---       #43
      00FF2222H   LINE      CODE     ---       #45
      00FF222FH   LINE      CODE     ---       #46
      00FF223DH   LINE      CODE     ---       #47
      00FF2249H   LINE      CODE     ---       #48
L251 LINKER/LOCATER V4.66.93.0                                                        06/02/2023  21:15:45  PAGE 13


      00FF2252H   LINE      CODE     ---       #50
      00FF2255H   LINE      CODE     ---       #51
      00FF2258H   LINE      CODE     ---       #52
      00FF225BH   LINE      CODE     ---       #54
      00FF225EH   LINE      CODE     ---       #55
      00FF2261H   LINE      CODE     ---       #56
      00FF2264H   LINE      CODE     ---       #71
      00FF2264H   LINE      CODE     ---       #73
      00FF228BH   LINE      CODE     ---       #74
      00FF229EH   LINE      CODE     ---       #77
      ---         BLOCKEND  ---      ---       LVL=0

      ---         MODULE    ---      ---       STC32G_PWM
      00FF1B6EH   PUBLIC    CODE     ---       PWM_init
      00FF1154H   PUBLIC    CODE     ---       PWM_Configuration
      00FF1D2FH   PUBLIC    CODE     ---       HPWM_Set
      0001005EH   PUBLIC    XDATA    ---       PWMA_Duty
      0001006EH   PUBLIC    XDATA    ---       PWMB_Duty
      000000D0H   SFRSYM    DATA     BYTE      PSW
      0000009DH   SFRSYM    DATA     BYTE      IRCBAND
      00000097H   SFRSYM    DATA     BYTE      AUXR2
      000000EFH   SFRSYM    DATA     BYTE      AUXINTIF
      000000FDH   SFRSYM    DATA     BYTE      S4CON
      000000ACH   SFRSYM    DATA     BYTE      S3CON
      0000009AH   SFRSYM    DATA     BYTE      S2CON
      000000B7H   SFRSYM    DATA     BYTE      IPH
      000000CDH   SFRSYM    DATA     BYTE      SPSTAT
      000000DDH   SFRSYM    DATA     BYTE      T4T3M
      000000C1H   SFRSYM    DATA     BYTE      WDT_CONTR
      000000DFH   SFRSYM    DATA     BYTE      IP3
      000000F4H   SFRSYM    DATA     BYTE      USBCON
      000000B5H   SFRSYM    DATA     BYTE      IP2
      000000FFH   SFRSYM    DATA     BYTE      RSTCFG
      000000C7H   SFRSYM    DATA     BYTE      IAP_CONTR
      000000F9H   SFRSYM    DATA     BYTE      LINICR
      0000008EH   SFRSYM    DATA     BYTE      AUXR
      000000AFH   SFRSYM    DATA     BYTE      IE2
      00000088H   SFRSYM    DATA     BYTE      TCON
      00000089H   SFRSYM    DATA     BYTE      TMOD
      00000098H   SFRSYM    DATA     BYTE      SCON
      000000F1H   SFRSYM    DATA     BYTE      CANICR
      00000087H   SFRSYM    DATA     BYTE      PCON
      000000BCH   SFRSYM    DATA     BYTE      ADC_CONTR
      000000E7H   SFRSYM    DATA     BYTE      CMPCR2
      000000E6H   SFRSYM    DATA     BYTE      CMPCR1
      000000DEH   SFRSYM    DATA     BYTE      ADCCFG
      000000B8H   SFRSYM    DATA     BYTE      IP
      0000008FH   SFRSYM    DATA     BYTE      INTCLKO
      000000EEH   SFRSYM    DATA     BYTE      IP3H
      000000B6H   SFRSYM    DATA     BYTE      IP2H
      000000A8H   SFRSYM    DATA     BYTE      IE
      000000BBH   SFRSYM    DATA     BYTE      P_SW3
      000000BAH   SFRSYM    DATA     BYTE      P_SW2
      000000A2H   SFRSYM    DATA     BYTE      P_SW1
      000000CEH   SFRSYM    DATA     BYTE      SPCTL
      000000F8H   SFRSYM    DATA     BYTE      P7
      000000E8H   SFRSYM    DATA     BYTE      P6
      000000C8H   SFRSYM    DATA     BYTE      P5
      000000C0H   SFRSYM    DATA     BYTE      P4
      000000B0H   SFRSYM    DATA     BYTE      P3
      000000A0H   SFRSYM    DATA     BYTE      P2
      00000090H   SFRSYM    DATA     BYTE      P1
      00000080H   SFRSYM    DATA     BYTE      P0

      00FF1154H   BLOCK     CODE     ---       LVL=0
L251 LINKER/LOCATER V4.66.93.0                                                        06/02/2023  21:15:45  PAGE 14


      R7          REGSYM    ---      BYTE      PWM
      REG=7       REGSYM    ---      ---       PWMx
      00FF1154H   LINE      CODE     ---       #16
      00FF1158H   LINE      CODE     ---       #18
      00FF1161H   LINE      CODE     ---       #20
      00FF1171H   LINE      CODE     ---       #21
      00FF1179H   LINE      CODE     ---       #22
      00FF1189H   LINE      CODE     ---       #23
      00FF1197H   LINE      CODE     ---       #25
      00FF11A0H   LINE      CODE     ---       #27
      00FF11A8H   LINE      CODE     ---       #28
      00FF11B5H   LINE      CODE     ---       #29
      00FF11B7H   LINE      CODE     ---       #32
      00FF11BFH   LINE      CODE     ---       #33
      00FF11CFH   LINE      CODE     ---       #34
      00FF11CFH   LINE      CODE     ---       #35
      00FF11D4H   LINE      CODE     ---       #37
      00FF11DCH   LINE      CODE     ---       #38
      00FF11ECH   LINE      CODE     ---       #39
      00FF11EEH   LINE      CODE     ---       #42
      00FF11F6H   LINE      CODE     ---       #43
      00FF1206H   LINE      CODE     ---       #44
      00FF1206H   LINE      CODE     ---       #45
      00FF1219H   LINE      CODE     ---       #46
      00FF121CH   LINE      CODE     ---       #47
      00FF121CH   LINE      CODE     ---       #49
      00FF1225H   LINE      CODE     ---       #51
      00FF1235H   LINE      CODE     ---       #52
      00FF123DH   LINE      CODE     ---       #53
      00FF124DH   LINE      CODE     ---       #54
      00FF125BH   LINE      CODE     ---       #56
      00FF1264H   LINE      CODE     ---       #58
      00FF126CH   LINE      CODE     ---       #59
      00FF1279H   LINE      CODE     ---       #60
      00FF127BH   LINE      CODE     ---       #63
      00FF1283H   LINE      CODE     ---       #64
      00FF1293H   LINE      CODE     ---       #65
      00FF1293H   LINE      CODE     ---       #66
      00FF1298H   LINE      CODE     ---       #68
      00FF12A0H   LINE      CODE     ---       #69
      00FF12B0H   LINE      CODE     ---       #70
      00FF12B2H   LINE      CODE     ---       #73
      00FF12BAH   LINE      CODE     ---       #74
      00FF12CAH   LINE      CODE     ---       #75
      00FF12CAH   LINE      CODE     ---       #76
      00FF12DDH   LINE      CODE     ---       #77
      00FF12E0H   LINE      CODE     ---       #78
      00FF12E0H   LINE      CODE     ---       #80
      00FF12E9H   LINE      CODE     ---       #82
      00FF12F9H   LINE      CODE     ---       #83
      00FF1301H   LINE      CODE     ---       #84
      00FF1311H   LINE      CODE     ---       #85
      00FF131FH   LINE      CODE     ---       #87
      00FF1328H   LINE      CODE     ---       #89
      00FF1330H   LINE      CODE     ---       #90
      00FF133DH   LINE      CODE     ---       #91
      00FF133FH   LINE      CODE     ---       #94
      00FF1347H   LINE      CODE     ---       #95
      00FF1357H   LINE      CODE     ---       #96
      00FF1357H   LINE      CODE     ---       #97
      00FF135CH   LINE      CODE     ---       #99
      00FF1364H   LINE      CODE     ---       #100
      00FF1374H   LINE      CODE     ---       #101
      00FF1376H   LINE      CODE     ---       #104
      00FF137EH   LINE      CODE     ---       #105
L251 LINKER/LOCATER V4.66.93.0                                                        06/02/2023  21:15:45  PAGE 15


      00FF138EH   LINE      CODE     ---       #106
      00FF138EH   LINE      CODE     ---       #107
      00FF13A1H   LINE      CODE     ---       #108
      00FF13A4H   LINE      CODE     ---       #109
      00FF13A4H   LINE      CODE     ---       #111
      00FF13ADH   LINE      CODE     ---       #113
      00FF13BDH   LINE      CODE     ---       #114
      00FF13C5H   LINE      CODE     ---       #115
      00FF13D5H   LINE      CODE     ---       #116
      00FF13E3H   LINE      CODE     ---       #118
      00FF13ECH   LINE      CODE     ---       #120
      00FF13F4H   LINE      CODE     ---       #121
      00FF1401H   LINE      CODE     ---       #122
      00FF1403H   LINE      CODE     ---       #125
      00FF140BH   LINE      CODE     ---       #126
      00FF141BH   LINE      CODE     ---       #127
      00FF141BH   LINE      CODE     ---       #128
      00FF1420H   LINE      CODE     ---       #130
      00FF1428H   LINE      CODE     ---       #131
      00FF1438H   LINE      CODE     ---       #132
      00FF143AH   LINE      CODE     ---       #135
      00FF1442H   LINE      CODE     ---       #136
      00FF1452H   LINE      CODE     ---       #137
      00FF1452H   LINE      CODE     ---       #138
      00FF1465H   LINE      CODE     ---       #139
      00FF1468H   LINE      CODE     ---       #140
      00FF1468H   LINE      CODE     ---       #142
      00FF146CH   LINE      CODE     ---       #149
      00FF147BH   LINE      CODE     ---       #150
      00FF148DH   LINE      CODE     ---       #151
      00FF14B3H   LINE      CODE     ---       #152
      00FF14D7H   LINE      CODE     ---       #153
      00FF14DAH   LINE      CODE     ---       #154
      00FF14DAH   LINE      CODE     ---       #156
      00FF14E3H   LINE      CODE     ---       #158
      00FF14F3H   LINE      CODE     ---       #159
      00FF1503H   LINE      CODE     ---       #160
      00FF1511H   LINE      CODE     ---       #162
      00FF1518H   LINE      CODE     ---       #164
      00FF1520H   LINE      CODE     ---       #165
      00FF1530H   LINE      CODE     ---       #166
      00FF1532H   LINE      CODE     ---       #169
      00FF153AH   LINE      CODE     ---       #170
      00FF154AH   LINE      CODE     ---       #171
      00FF154AH   LINE      CODE     ---       #172
      00FF155DH   LINE      CODE     ---       #173
      00FF1560H   LINE      CODE     ---       #174
      00FF1560H   LINE      CODE     ---       #176
      00FF1569H   LINE      CODE     ---       #178
      00FF1579H   LINE      CODE     ---       #179
      00FF1589H   LINE      CODE     ---       #180
      00FF1597H   LINE      CODE     ---       #182
      00FF159EH   LINE      CODE     ---       #184
      00FF15A6H   LINE      CODE     ---       #185
      00FF15B6H   LINE      CODE     ---       #186
      00FF15B8H   LINE      CODE     ---       #189
      00FF15C0H   LINE      CODE     ---       #190
      00FF15D0H   LINE      CODE     ---       #191
      00FF15D0H   LINE      CODE     ---       #192
      00FF15E3H   LINE      CODE     ---       #193
      00FF15E6H   LINE      CODE     ---       #194
      00FF15E6H   LINE      CODE     ---       #196
      00FF15EFH   LINE      CODE     ---       #198
      00FF15FFH   LINE      CODE     ---       #199
      00FF160FH   LINE      CODE     ---       #200
L251 LINKER/LOCATER V4.66.93.0                                                        06/02/2023  21:15:45  PAGE 16


      00FF161DH   LINE      CODE     ---       #202
      00FF1624H   LINE      CODE     ---       #204
      00FF162CH   LINE      CODE     ---       #205
      00FF163CH   LINE      CODE     ---       #206
      00FF163EH   LINE      CODE     ---       #209
      00FF1646H   LINE      CODE     ---       #210
      00FF1656H   LINE      CODE     ---       #211
      00FF1656H   LINE      CODE     ---       #212
      00FF1669H   LINE      CODE     ---       #213
      00FF166CH   LINE      CODE     ---       #214
      00FF166CH   LINE      CODE     ---       #216
      00FF1675H   LINE      CODE     ---       #218
      00FF1685H   LINE      CODE     ---       #219
      00FF1695H   LINE      CODE     ---       #220
      00FF16A3H   LINE      CODE     ---       #222
      00FF16AAH   LINE      CODE     ---       #224
      00FF16B2H   LINE      CODE     ---       #225
      00FF16C2H   LINE      CODE     ---       #226
      00FF16C4H   LINE      CODE     ---       #229
      00FF16CCH   LINE      CODE     ---       #230
      00FF16DCH   LINE      CODE     ---       #231
      00FF16DCH   LINE      CODE     ---       #232
      00FF16F6H   LINE      CODE     ---       #233
      00FF16F8H   LINE      CODE     ---       #234
      00FF16F8H   LINE      CODE     ---       #236
      00FF16FCH   LINE      CODE     ---       #243
      00FF170BH   LINE      CODE     ---       #244
      00FF171DH   LINE      CODE     ---       #245
      00FF1743H   LINE      CODE     ---       #246
      00FF1769H   LINE      CODE     ---       #247
      00FF176BH   LINE      CODE     ---       #248
      00FF176BH   LINE      CODE     ---       #249
      00FF176DH   LINE      CODE     ---       #250
      ---         BLOCKEND  ---      ---       LVL=0

      00FF1B6EH   BLOCK     CODE     ---       LVL=0
      0001007EH   SYMBOL    XDATA    ---       PWMx_InitStructure
      00FF1B6EH   LINE      CODE     ---       #297
      00FF1B6EH   LINE      CODE     ---       #298
      00FF1B6EH   LINE      CODE     ---       #300
      00FF1B83H   LINE      CODE     ---       #301
      00FF1B95H   LINE      CODE     ---       #303
      00FF1B9FH   LINE      CODE     ---       #304
      00FF1BA9H   LINE      CODE     ---       #305
      00FF1BB3H   LINE      CODE     ---       #306
      00FF1BBDH   LINE      CODE     ---       #307
      00FF1BC3H   LINE      CODE     ---       #308
      00FF1BC9H   LINE      CODE     ---       #309
      00FF1BCFH   LINE      CODE     ---       #310
      00FF1BD5H   LINE      CODE     ---       #312
      00FF1BDBH   LINE      CODE     ---       #313
      00FF1BE7H   LINE      CODE     ---       #314
      00FF1BEDH   LINE      CODE     ---       #315
      00FF1BFAH   LINE      CODE     ---       #317
      00FF1C00H   LINE      CODE     ---       #318
      00FF1C0CH   LINE      CODE     ---       #319
      00FF1C12H   LINE      CODE     ---       #320
      00FF1C1FH   LINE      CODE     ---       #322
      00FF1C25H   LINE      CODE     ---       #323
      00FF1C31H   LINE      CODE     ---       #324
      00FF1C37H   LINE      CODE     ---       #325
      00FF1C44H   LINE      CODE     ---       #327
      00FF1C4AH   LINE      CODE     ---       #328
      00FF1C56H   LINE      CODE     ---       #329
      00FF1C5CH   LINE      CODE     ---       #330
L251 LINKER/LOCATER V4.66.93.0                                                        06/02/2023  21:15:45  PAGE 17


      00FF1C69H   LINE      CODE     ---       #332
      00FF1C73H   LINE      CODE     ---       #333
      00FF1C78H   LINE      CODE     ---       #334
      00FF1C7EH   LINE      CODE     ---       #335
      00FF1C82H   LINE      CODE     ---       #336
      00FF1C8FH   LINE      CODE     ---       #338
      00FF1C95H   LINE      CODE     ---       #339
      00FF1CA1H   LINE      CODE     ---       #340
      00FF1CA7H   LINE      CODE     ---       #341
      00FF1CB4H   LINE      CODE     ---       #358
      00FF1CBEH   LINE      CODE     ---       #359
      00FF1CC3H   LINE      CODE     ---       #360
      00FF1CC9H   LINE      CODE     ---       #361
      00FF1CCDH   LINE      CODE     ---       #362
      00FF1CDAH   LINE      CODE     ---       #368
      00FF1CECH   LINE      CODE     ---       #369
      00FF1CF6H   LINE      CODE     ---       #370
      00FF1D00H   LINE      CODE     ---       #371
      00FF1D0AH   LINE      CODE     ---       #376
      00FF1D16H   LINE      CODE     ---       #377
      00FF1D1EH   LINE      CODE     ---       #379
      00FF1D26H   LINE      CODE     ---       #380
      00FF1D2EH   LINE      CODE     ---       #381
      ---         BLOCKEND  ---      ---       LVL=0

      00FF1D2FH   BLOCK     CODE     ---       LVL=0
      R11         REGSYM    ---      BYTE      PWMchannel
      DR28        REGSYM    ---      FLOAT     zkb
      00FF1D2FH   LINE      CODE     ---       #383
      00FF1D31H   LINE      CODE     ---       #385
      00FF1D5AH   LINE      CODE     ---       #387
      00FF1D5AH   LINE      CODE     ---       #388
      00FF1D70H   LINE      CODE     ---       #389
      00FF1D81H   LINE      CODE     ---       #390
      00FF1D84H   LINE      CODE     ---       #391
      00FF1D84H   LINE      CODE     ---       #392
      00FF1D9AH   LINE      CODE     ---       #393
      00FF1DABH   LINE      CODE     ---       #394
      00FF1DAEH   LINE      CODE     ---       #395
      00FF1DAEH   LINE      CODE     ---       #396
      00FF1DC4H   LINE      CODE     ---       #397
      00FF1DD5H   LINE      CODE     ---       #398
      00FF1DD8H   LINE      CODE     ---       #399
      00FF1DD8H   LINE      CODE     ---       #400
      00FF1DEEH   LINE      CODE     ---       #401
      00FF1DFFH   LINE      CODE     ---       #402
      00FF1E02H   LINE      CODE     ---       #403
      00FF1E02H   LINE      CODE     ---       #404
      00FF1E18H   LINE      CODE     ---       #405
      00FF1E29H   LINE      CODE     ---       #406
      00FF1E2BH   LINE      CODE     ---       #407
      00FF1E2BH   LINE      CODE     ---       #408
      00FF1E41H   LINE      CODE     ---       #409
      00FF1E52H   LINE      CODE     ---       #410
      00FF1E54H   LINE      CODE     ---       #411
      00FF1E54H   LINE      CODE     ---       #412
      00FF1E6AH   LINE      CODE     ---       #413
      00FF1E7BH   LINE      CODE     ---       #414
      00FF1E7DH   LINE      CODE     ---       #415
      00FF1E7DH   LINE      CODE     ---       #416
      00FF1E93H   LINE      CODE     ---       #417
      00FF1EABH   LINE      CODE     ---       #418
      00FF1EABH   LINE      CODE     ---       #419
      00FF1EABH   LINE      CODE     ---       #420
      00FF1EABH   LINE      CODE     ---       #421
L251 LINKER/LOCATER V4.66.93.0                                                        06/02/2023  21:15:45  PAGE 18


      ---         BLOCKEND  ---      ---       LVL=0

      ---         MODULE    ---      ---       ?C?FPMUL
      00FF0906H   PUBLIC    CODE     ---       ?C?FPMUL

      ---         MODULE    ---      ---       ?C?FPDIV
      00FF09A6H   PUBLIC    CODE     ---       ?C?FPDIV

      ---         MODULE    ---      ---       ?C?FCAST
      00FF0A31H   PUBLIC    CODE     NEAR LAB  ?C?FCASTC
      00FF0A2CH   PUBLIC    CODE     NEAR LAB  ?C?FCASTI
      00FF0A27H   PUBLIC    CODE     NEAR LAB  ?C?FCASTL

      ---         MODULE    ---      ---       ?C?CASTF
      00FF0A64H   PUBLIC    CODE     NEAR LAB  ?C?CASTF

      ---         MODULE    ---      ---       SPRINTF
      0001005EH   PUBLIC    XDATA    ---       ?SPRINTF?BYTE
      00FF0AA1H   PUBLIC    CODE     NEAR LAB  SPRINTF

      ---         MODULE    ---      ---       ?C?FPGETOPN
      00FF0AC1H   PUBLIC    CODE     ---       ?C?FPGETOPN2
      00FF0AFEH   PUBLIC    CODE     ---       ?C?FPNANRESULT
      00FF0B06H   PUBLIC    CODE     ---       ?C?FPOVERFLOW
      00FF0ADAH   PUBLIC    CODE     ---       ?C?FPRESULT
      00FF0AF0H   PUBLIC    CODE     ---       ?C?FPRESULT2
      00FF0B03H   PUBLIC    CODE     ---       ?C?FPUNDERFLOW

      ---         MODULE    ---      ---       ?C?PRNFMT
      00FF0B3FH   PUBLIC    CODE     ---       ?C?PRNFMT

      ---         MODULE    ---      ---       ?C?FPCONVERT
      00FF0F5CH   PUBLIC    CODE     ---       ?C?FPCONVERT
      00FF1014H   PUBLIC    CODE     ---       ?C?FPROUND

      ---         MODULE    ---      ---       ?C?FTNPWR
      00FF1087H   PUBLIC    CODE     ---       ?C?FTNPWR

      ---         MODULE    ---      ---       ?C_START
      00FF0000H   PUBLIC    CODE     ---       ?C?STARTUP
      00FF0000H   PUBLIC    CODE     ---       ?C_STARTUP

      ---         MODULE    ---      ---       ?C?INITHDATA
      00FF2408H   PUBLIC    CODE     ---       ?C?INITHDATA

      ---         MODULE    ---      ---       ?C?SIDIV
      00FF10BEH   PUBLIC    CODE     ---       ?C?SIDIV

      ---         MODULE    ---      ---       ?C?LMUL
      00FF10F0H   PUBLIC    CODE     ---       ?C?LMUL

      ---         MODULE    ---      ---       ?C?ULDIV
      00FF1103H   PUBLIC    CODE     NEAR LAB  ?C?ULDIV
      00FF1101H   PUBLIC    CODE     NEAR LAB  ?C?ULIDIV

      ---         MODULE    ---      ---       ?C?INITHDATA_END
      00FF259BH   PUBLIC    HCONST   WORD      ?C?INITHDATA_END



*** WARNING L57: UNCALLED FUNCTION, IGNORED FOR OVERLAY PROCESS
    NAME:    OLED_Display_On/oled

*** WARNING L57: UNCALLED FUNCTION, IGNORED FOR OVERLAY PROCESS
    NAME:    OLED_DisplayTurn/oled
L251 LINKER/LOCATER V4.66.93.0                                                        06/02/2023  21:15:45  PAGE 19



*** WARNING L57: UNCALLED FUNCTION, IGNORED FOR OVERLAY PROCESS
    NAME:    OLED_ColorTurn/oled

*** WARNING L57: UNCALLED FUNCTION, IGNORED FOR OVERLAY PROCESS
    NAME:    OLED_ShowNum/oled

*** WARNING L57: UNCALLED FUNCTION, IGNORED FOR OVERLAY PROCESS
    NAME:    OLED_Display_Off/oled

*** WARNING L57: UNCALLED FUNCTION, IGNORED FOR OVERLAY PROCESS
    NAME:    OLED_ShowChinese/oled

*** WARNING L57: UNCALLED FUNCTION, IGNORED FOR OVERLAY PROCESS
    NAME:    OLED_DrawBMP/oled

*** WARNING L57: UNCALLED FUNCTION, IGNORED FOR OVERLAY PROCESS
    NAME:    PWM_init/STC32G_PWM

*** WARNING L57: UNCALLED FUNCTION, IGNORED FOR OVERLAY PROCESS
    NAME:    HPWM_Set/STC32G_PWM

Program Size: data=8.0 edata+hdata=256 xdata=155 const=20 code=9610
L251 RUN COMPLETE.  9 WARNING(S),  0 ERROR(S)
