L251 LINKER/LOCATER V4.66.93.0                                                          07/19/2023  00:24:25  PAGE 1


L251 LINKER/LOCATER V4.66.93.0, INVOKED BY:
C:\KEIL_V5\C251\BIN\L251.EXE .\Objects\main.obj, .\Objects\oled.obj, .\Objects\USART.obj TO .\Objects\project PRINT (.\L
>> istings\project.map) CASE CLASSES (EDATA (0X0-0XFFF), HDATA (0X0-0XFFF))


CPU MODE:     251 SOURCE MODE
INTR FRAME:   2 BYTES SAVED ON INTERRUPT
MEMORY MODEL: LARGE


INPUT MODULES INCLUDED:
  .\Objects\main.obj (main)
         COMMENT TYPE 0: C251 V5.60.0
  .\Objects\oled.obj (oled)
         COMMENT TYPE 0: C251 V5.60.0
  .\Objects\USART.obj (USART)
         COMMENT TYPE 0: C251 V5.60.0
  C:\KEIL_V5\C251\LIB\C2SL.LIB (?C_START?)
         COMMENT TYPE 0: A251 V4.69.6.0
  C:\KEIL_V5\C251\LIB\C2SL.LIB (?C?INITHDATA)
         COMMENT TYPE 0: A251 V4.69.6.0
  C:\KEIL_V5\C251\LIB\C2SL.LIB (?C?SIDIV?)
         COMMENT TYPE 0: A251 V4.69.6.0
  C:\KEIL_V5\C251\LIB\C2SL.LIB (?C?LMUL?)
         COMMENT TYPE 0: A251 V4.69.6.0
  C:\KEIL_V5\C251\LIB\C2SL.LIB (?C?ULDIV?)
         COMMENT TYPE 0: A251 V4.69.6.0
  C:\KEIL_V5\C251\LIB\C2SL.LIB (?C?INITHDATA_END)
         COMMENT TYPE 0: A251 V4.69.6.0


ACTIVE MEMORY CLASSES OF MODULE:  .\Objects\project (main)

BASE        START       END         USED      MEMORY CLASS
==========================================================
000000H     000000H     000FFFH     000100H   EDATA
000000H     000000H     000FFFH               HDATA
000000H     FF0000H     FFFFFFH     0014E6H   ECODE
FF0000H     FF0000H     FFFFFFH     0008A9H   CODE
010000H     010000H     01FFFFH     000047H   XDATA
000020H.0   000020H.0   00002FH.7   000000H.1 BIT
000000H     FF0000H     FFFFFFH     000021H   HCONST
000000H     000000H     00007FH     000008H   DATA


MEMORY MAP OF MODULE:  .\Objects\project (main)


START     STOP      LENGTH    ALIGN  RELOC    MEMORY CLASS   SEGMENT NAME
=========================================================================
000000H   000007H   000008H   ---    AT..     DATA           "REG BANK 0"
000008H.0 00001FH.7 000018H.0 ---    ---      **GAP**
000020H.0 000020H.0 000000H.1 BIT    UNIT     BIT            ?BI?MAIN
000020H.1 000020H   000000H.7 ---    ---      **GAP**
000021H   000120H   000100H   BYTE   UNIT     EDATA          ?STACK
000121H   00FFFFH   00FEDFH   ---    ---      **GAP**
010000H   01000DH   00000EH   BYTE   INSEG    XDATA          ?XD?MAIN
01000EH   010017H   00000AH   BYTE   UNIT     XDATA          ?XD?OLED_DRAWLINE??OLED
010018H   01001FH   000008H   BYTE   UNIT     XDATA          ?XD?OLED_SHOWNUM??OLED
010020H   010027H   000008H   BYTE   UNIT     XDATA          ?XD?OLED_DRAWBMP??OLED
010028H   01002EH   000007H   BYTE   UNIT     XDATA          _XDATA_GROUP_
01002FH   010033H   000005H   BYTE   UNIT     XDATA          ?XD?OLED_SHOWCHAR??OLED
010034H   010037H   000004H   BYTE   UNIT     XDATA          ?XD?OLED_SHOWSTRING??OLED
010038H   01003BH   000004H   BYTE   UNIT     XDATA          ?XD?OLED_SHOWCHINESE??OLED
01003CH   01003FH   000004H   BYTE   UNIT     XDATA          ?XD?CLEAR??OLED
010040H   010043H   000004H   BYTE   UNIT     XDATA          ?XD?DRAW_VLINEF??OLED
L251 LINKER/LOCATER V4.66.93.0                                                        07/19/2023  00:24:25  PAGE 2


010044H   010045H   000002H   BYTE   UNIT     XDATA          ?XD?DRAW_RECTANGLE??OLED
010046H   010046H   000001H   BYTE   UNIT     XDATA          ?XD?DRAW_DIMOND??OLED
010047H   FEFFFFH   FDFFB9H   ---    ---      **GAP**
FF0000H   FF0002H   000003H   ---    OFFS..   CODE           ?CO?start251?4
FF0003H   FF0006H   000004H   ---    OFFS..   CODE           ?PR?IV?0
FF0007H   FF085EH   000858H   BYTE   UNIT     CODE           ?CO?OLED
FF085FH   FF0871H   000013H   BYTE   UNIT     CODE           ?C_C51STARTUP
FF0872H   FF0873H   000002H   BYTE   UNIT     CODE           ?C_C51STARTUP?1
FF0874H   FF08A4H   000031H   BYTE   UNIT     CODE           ?C_C51STARTUP?2
FF08A5H   FF08A8H   000004H   BYTE   UNIT     CODE           ?C_C51STARTUP?3
FF08A9H   FF188CH   000FE4H   BYTE   INSEG    ECODE          ?PR?OLED
FF188DH   FF1CD3H   000447H   BYTE   INSEG    ECODE          ?PR?MAIN
FF1CD4H   FF1D69H   000096H   BYTE   INSEG    ECODE          ?C?LIB_CODE?
FF1D6AH   FF1D8EH   000025H   BYTE   INSEG    ECODE          ?PR?USART
FF1D8FH   FF1DAFH   000021H   BYTE   UNIT     HCONST         ?C_INITHDATA



OVERLAY MAP OF MODULE:   .\Objects\project (main)


FUNCTION/MODULE             XDATA_GROUP
--> CALLED FUNCTION/MODULE  START  STOP
=======================================
INT0_Routine?/main          ----- -----
  +--> Delay2us?/main

Delay2us?/main              ----- -----

*** NEW ROOT **************

?C_C51STARTUP?1             ----- -----

*** NEW ROOT **************

?C_C51STARTUP               ----- -----

*** NEW ROOT **************

?C_C51STARTUP?3             ----- -----
  +--> main?/main

main?/main                  ----- -----
  +--> OLED_Init?/oled
  +--> UartInit?/USART
  +--> delay?/main
  +--> judge_1?/main

OLED_Init?/oled             ----- -----
  +--> delay_ms?/oled
  +--> OLED_WR_Byte?/oled
  +--> OLED_Clear?/oled

delay_ms?/oled              ----- -----

OLED_WR_Byte?/oled          ----- -----

OLED_Clear?/oled            ----- -----
  +--> OLED_WR_Byte?/oled

UartInit?/USART             ----- -----

delay?/main                 ----- -----

judge_1?/main               ----- -----
L251 LINKER/LOCATER V4.66.93.0                                                        07/19/2023  00:24:25  PAGE 3


  +--> judge?/main
  +--> signaldisplay?/main

judge?/main                 ----- -----

signaldisplay?/main         0028H 002AH
  +--> Draw_Hline?/oled
  +--> Draw_Vline?/oled

Draw_Hline?/oled            002BH 002CH
  +--> OLED_Set_Pos?/oled
  +--> delay_ms?/oled
  +--> OLED_WR_Byte?/oled

OLED_Set_Pos?/oled          ----- -----
  +--> OLED_WR_Byte?/oled

Draw_Vline?/oled            002BH 002EH
  +--> OLED_Set_Pos?/oled
  +--> OLED_WR_Byte?/oled
  +--> delay_ms?/oled

*** NEW ROOT **************

?C_C51STARTUP?2             ----- -----



PUBLIC SYMBOLS OF MODULE:  .\Objects\project (main)


      VALUE       CLASS    TYPE      PUBLIC SYMBOL NAME
      =================================================
      000000FFH   NUMBER   ---       ?C?CODESEG
      00FF0874H   CODE     ---       ?C?INITHDATA
      00FF1DAEH   HCONST   WORD      ?C?INITHDATA_END
      00FF1D06H   ECODE    ---       ?C?LMUL?
      00FF1CD4H   ECODE    ---       ?C?SIDIV?
      00FF0000H   CODE     ---       ?C?STARTUP?
      00FF1D19H   ECODE    FAR LAB   ?C?ULDIV?
      00FF1D17H   ECODE    FAR LAB   ?C?ULIDIV?
      00000001H   NUMBER   ---       ?C?XDATASEG
      00FF0000H   CODE     ---       ?C_STARTUP?
*SFR* 000000BCH   DATA     BYTE      ADC_CONTR
*SFR* 000000DEH   DATA     BYTE      ADCCFG
      00010000H   XDATA    ---       array_signal
      00FF0007H   CODE     ---       asc2_0806
      00FF022FH   CODE     ---       asc2_1608
*SFR* 000000EFH   DATA     BYTE      AUXINTIF
*SFR* 0000008EH   DATA     BYTE      AUXR
*SFR* 00000097H   DATA     BYTE      AUXR2
*SFR* 000000F1H   DATA     BYTE      CANICR
*SFR* 000000EAH   DATA     BYTE      CKCON
      00FF0F75H   ECODE    ---       Clear?
*SFR* 000000E6H   DATA     BYTE      CMPCR1
*SFR* 000000E7H   DATA     BYTE      CMPCR2
      00010009H   XDATA    CHAR      count
      00FF188DH   ECODE    ---       Delay2us?
      00FF189AH   ECODE    ---       delay?
      00FF08A9H   ECODE    ---       delay_ms?
      00FF16C6H   ECODE    ---       Draw_dimond?
      00FF0D88H   ECODE    ---       Draw_Hline?
      00FF121FH   ECODE    ---       Draw_Rectangle?
      00FF0E27H   ECODE    ---       Draw_Vline?
      00FF10D3H   ECODE    ---       Draw_VlineF?
L251 LINKER/LOCATER V4.66.93.0                                                        07/19/2023  00:24:25  PAGE 4


*SFR* 000000A8H.7 DATA     BIT       EA
*SFR* 000000BAH.7 DATA     BIT       EAXFR
*SFR* 000000A8H.0 DATA     BIT       EX0
      00FF081FH   CODE     ---       Hzk
      0001000BH   XDATA    CHAR      i
*SFR* 000000C7H   DATA     BYTE      IAP_CONTR
*SFR* 000000A8H   DATA     BYTE      IE
*SFR* 000000AFH   DATA     BYTE      IE2
      00000020H.0 BIT      BIT       INT0_judge
      00FF1C8FH   ECODE    ---       INT0_Routine?
*SFR* 0000008FH   DATA     BYTE      INTCLKO
      0001000DH   XDATA    BYTE      interim
      0001000AH   XDATA    BYTE      interim_array_signal
*SFR* 000000B8H   DATA     BYTE      IP
*SFR* 000000B5H   DATA     BYTE      IP2
*SFR* 000000B6H   DATA     BYTE      IP2H
*SFR* 000000DFH   DATA     BYTE      IP3
*SFR* 000000EEH   DATA     BYTE      IP3H
*SFR* 000000B7H   DATA     BYTE      IPH
*SFR* 0000009DH   DATA     BYTE      IRCBAND
*SFR* 00000088H.0 DATA     BIT       IT0
      00FF19DAH   ECODE    ---       judge?
      00FF1A2EH   ECODE    ---       judge_1?
*SFR* 000000F9H   DATA     BYTE      LINICR
      00FF1BC6H   ECODE    ---       main?
      00FF0989H   ECODE    ---       OLED_Clear?
      00FF08B2H   ECODE    ---       OLED_ColorTurn?
*SFR* 000000C0H.4 DATA     BIT       OLED_CS
*SFR* 000000C0H.3 DATA     BIT       OLED_DC
      00FF0971H   ECODE    ---       OLED_Display_Off?
      00FF0959H   ECODE    ---       OLED_Display_On?
      00FF08D2H   ECODE    ---       OLED_DisplayTurn?
      00FF0CD1H   ECODE    ---       OLED_DrawBMP?
      00FF1307H   ECODE    ---       OLED_DrawLine?
      00FF179FH   ECODE    ---       OLED_Init?
      00FF0AA4H   ECODE    ---       oled_pow?
*SFR* 000000C0H.2 DATA     BIT       OLED_RES
*SFR* 000000C0H.0 DATA     BIT       OLED_SCL
*SFR* 000000C0H.1 DATA     BIT       OLED_SDA
      00FF092DH   ECODE    ---       OLED_Set_Pos?
      00FF09C3H   ECODE    ---       OLED_ShowChar?
      00FF0C42H   ECODE    ---       OLED_ShowChinese?
      00FF0ABFH   ECODE    ---       OLED_ShowNum?
      00FF0BC6H   ECODE    ---       OLED_ShowString?
      00FF0902H   ECODE    ---       OLED_WR_Byte?
*SFR* 00000080H   DATA     BYTE      P0
*SFR* 00000090H   DATA     BYTE      P1
*SFR* 000000A0H   DATA     BYTE      P2
*SFR* 000000B0H   DATA     BYTE      P3
*SFR* 000000C0H   DATA     BYTE      P4
*SFR* 000000B4H   DATA     BYTE      P4M0
*SFR* 000000B3H   DATA     BYTE      P4M1
*SFR* 000000C8H   DATA     BYTE      P5
*SFR* 000000E8H   DATA     BYTE      P6
*SFR* 000000CCH   DATA     BYTE      P6M0
*SFR* 000000CBH   DATA     BYTE      P6M1
*SFR* 000000F8H   DATA     BYTE      P7
*SFR* 000000F8H.0 DATA     BIT       P70
*SFR* 000000F8H.1 DATA     BIT       P71
*SFR* 000000F8H.6 DATA     BIT       P76
*SFR* 000000A2H   DATA     BYTE      P_SW1
*SFR* 000000BAH   DATA     BYTE      P_SW2
*SFR* 000000BBH   DATA     BYTE      P_SW3
*SFR* 00000087H   DATA     BYTE      PCON
*SFR* 000000D0H   DATA     BYTE      PSW
L251 LINKER/LOCATER V4.66.93.0                                                        07/19/2023  00:24:25  PAGE 5


      00FF1D86H   ECODE    ---       putchar?
*SFR* 000000FFH   DATA     BYTE      RSTCFG
*SFR* 0000009AH   DATA     BYTE      S2CON
*SFR* 000000ACH   DATA     BYTE      S3CON
*SFR* 000000FDH   DATA     BYTE      S4CON
*SFR* 00000099H   DATA     BYTE      SBUF
*SFR* 00000098H   DATA     BYTE      SCON
      00FF1D7DH   ECODE    ---       SendByte?
      00FF1288H   ECODE    ---       Setpos?
      00FF18A3H   ECODE    ---       signaldisplay?
*SFR* 000000CEH   DATA     BYTE      SPCTL
*SFR* 000000CDH   DATA     BYTE      SPSTAT
*SFR* 000000D6H   DATA     BYTE      T2H
*SFR* 000000D7H   DATA     BYTE      T2L
*SFR* 000000DDH   DATA     BYTE      T4T3M
*SFR* 00000088H   DATA     BYTE      TCON
*SFR* 00000098H.1 DATA     BIT       TI
*SFR* 00000089H   DATA     BYTE      TMOD
      0001000CH   XDATA    CHAR      transfer
      00FF1D6AH   ECODE    ---       UartInit?
*SFR* 000000F4H   DATA     BYTE      USBCON
*SFR* 000000C1H   DATA     BYTE      WDT_CONTR
*SFR* 000000E9H   DATA     BYTE      WTST
      00010008H   XDATA    CHAR      xstart



SYMBOL TABLE OF MODULE:  .\Objects\project (main)

      VALUE       REP       CLASS    TYPE      SYMBOL NAME
      ====================================================
      ---         MODULE    ---      ---       main
      00FF188DH   PUBLIC    ECODE    ---       Delay2us?
      00FF19DAH   PUBLIC    ECODE    ---       judge?
      00FF189AH   PUBLIC    ECODE    ---       delay?
      00FF1A2EH   PUBLIC    ECODE    ---       judge_1?
      00FF1BC6H   PUBLIC    ECODE    ---       main?
      00FF1C8FH   PUBLIC    ECODE    ---       INT0_Routine?
      00FF18A3H   PUBLIC    ECODE    ---       signaldisplay?
      00010000H   PUBLIC    XDATA    ---       array_signal
      00010008H   PUBLIC    XDATA    CHAR      xstart
      00010009H   PUBLIC    XDATA    CHAR      count
      0001000AH   PUBLIC    XDATA    BYTE      interim_array_signal
      0001000BH   PUBLIC    XDATA    CHAR      i
      0001000CH   PUBLIC    XDATA    CHAR      transfer
      0001000DH   PUBLIC    XDATA    BYTE      interim
      00000020H.0 PUBLIC    BIT      BIT       INT0_judge
      000000D0H   SFRSYM    DATA     BYTE      PSW
      000000BAH.7 SFRSYM    DATA     BIT       EAXFR
      0000009DH   SFRSYM    DATA     BYTE      IRCBAND
      00000097H   SFRSYM    DATA     BYTE      AUXR2
      000000EAH   SFRSYM    DATA     BYTE      CKCON
      000000EFH   SFRSYM    DATA     BYTE      AUXINTIF
      000000FDH   SFRSYM    DATA     BYTE      S4CON
      000000ACH   SFRSYM    DATA     BYTE      S3CON
      0000009AH   SFRSYM    DATA     BYTE      S2CON
      000000B7H   SFRSYM    DATA     BYTE      IPH
      000000CDH   SFRSYM    DATA     BYTE      SPSTAT
      000000DDH   SFRSYM    DATA     BYTE      T4T3M
      000000C1H   SFRSYM    DATA     BYTE      WDT_CONTR
      000000E9H   SFRSYM    DATA     BYTE      WTST
      00000088H.0 SFRSYM    DATA     BIT       IT0
      000000A8H.0 SFRSYM    DATA     BIT       EX0
      000000DFH   SFRSYM    DATA     BYTE      IP3
      000000F4H   SFRSYM    DATA     BYTE      USBCON
L251 LINKER/LOCATER V4.66.93.0                                                        07/19/2023  00:24:25  PAGE 6


      000000B5H   SFRSYM    DATA     BYTE      IP2
      000000FFH   SFRSYM    DATA     BYTE      RSTCFG
      000000C7H   SFRSYM    DATA     BYTE      IAP_CONTR
      000000F9H   SFRSYM    DATA     BYTE      LINICR
      0000008EH   SFRSYM    DATA     BYTE      AUXR
      000000AFH   SFRSYM    DATA     BYTE      IE2
      000000F8H.6 SFRSYM    DATA     BIT       P76
      000000F8H.1 SFRSYM    DATA     BIT       P71
      000000F8H.0 SFRSYM    DATA     BIT       P70
      00000088H   SFRSYM    DATA     BYTE      TCON
      00000089H   SFRSYM    DATA     BYTE      TMOD
      00000098H   SFRSYM    DATA     BYTE      SCON
      000000F1H   SFRSYM    DATA     BYTE      CANICR
      00000087H   SFRSYM    DATA     BYTE      PCON
      000000BCH   SFRSYM    DATA     BYTE      ADC_CONTR
      000000E7H   SFRSYM    DATA     BYTE      CMPCR2
      000000E6H   SFRSYM    DATA     BYTE      CMPCR1
      000000DEH   SFRSYM    DATA     BYTE      ADCCFG
      000000B8H   SFRSYM    DATA     BYTE      IP
      0000008FH   SFRSYM    DATA     BYTE      INTCLKO
      000000EEH   SFRSYM    DATA     BYTE      IP3H
      000000B6H   SFRSYM    DATA     BYTE      IP2H
      000000A8H   SFRSYM    DATA     BYTE      IE
      000000BBH   SFRSYM    DATA     BYTE      P_SW3
      000000BAH   SFRSYM    DATA     BYTE      P_SW2
      000000A2H   SFRSYM    DATA     BYTE      P_SW1
      000000CEH   SFRSYM    DATA     BYTE      SPCTL
      000000F8H   SFRSYM    DATA     BYTE      P7
      000000A8H.7 SFRSYM    DATA     BIT       EA
      000000E8H   SFRSYM    DATA     BYTE      P6
      000000C8H   SFRSYM    DATA     BYTE      P5
      000000CBH   SFRSYM    DATA     BYTE      P6M1
      000000C0H   SFRSYM    DATA     BYTE      P4
      000000CCH   SFRSYM    DATA     BYTE      P6M0
      000000B0H   SFRSYM    DATA     BYTE      P3
      000000B3H   SFRSYM    DATA     BYTE      P4M1
      000000A0H   SFRSYM    DATA     BYTE      P2
      000000B4H   SFRSYM    DATA     BYTE      P4M0
      00000090H   SFRSYM    DATA     BYTE      P1
      00000080H   SFRSYM    DATA     BYTE      P0

      00FF188DH   BLOCK     ECODE    ---       LVL=0
      DR4         REGSYM    ---      DWORD     g
      00FF188DH   LINE      ECODE    ---       #17
      00FF188DH   LINE      ECODE    ---       #18
      00FF188DH   LINE      ECODE    ---       #21
      00FF188EH   LINE      ECODE    ---       #22
      00FF188FH   LINE      ECODE    ---       #23
      00FF1890H   LINE      ECODE    ---       #24
      00FF1891H   LINE      ECODE    ---       #25
      00FF1895H   LINE      ECODE    ---       #26
      00FF1899H   LINE      ECODE    ---       #27
      ---         BLOCKEND  ---      ---       LVL=0

      00FF189AH   BLOCK     ECODE    ---       LVL=0
      WR6         REGSYM    ---      WORD      ns
      00FF189AH   LINE      ECODE    ---       #29
      00FF189AH   LINE      ECODE    ---       #31
      00FF18A2H   LINE      ECODE    ---       #32
      ---         BLOCKEND  ---      ---       LVL=0

      00FF18A3H   BLOCK     ECODE    ---       LVL=0
      R13         REGSYM    ---      BYTE      ax
      R15         REGSYM    ---      BYTE      ay
      00010028H   SYMBOL    XDATA    BYTE      tall
L251 LINKER/LOCATER V4.66.93.0                                                        07/19/2023  00:24:25  PAGE 7


      R14         REGSYM    ---      BYTE      wide
      R12         REGSYM    ---      BYTE      gap
      00010029H   SYMBOL    XDATA    WORD      continue_time
      00FF18A3H   LINE      ECODE    ---       #33
      00FF18B9H   LINE      ECODE    ---       #35
      00FF18CAH   LINE      ECODE    ---       #36
      00FF18E4H   LINE      ECODE    ---       #37
      00FF1906H   LINE      ECODE    ---       #38
      00FF1926H   LINE      ECODE    ---       #39
      00FF1942H   LINE      ECODE    ---       #41
      00FF1966H   LINE      ECODE    ---       #42
      00FF1994H   LINE      ECODE    ---       #43
      00FF19BAH   LINE      ECODE    ---       #44
      00FF19D7H   LINE      ECODE    ---       #45
      ---         BLOCKEND  ---      ---       LVL=0

      00FF19DAH   BLOCK     ECODE    ---       LVL=0
      R10         REGSYM    ---      BYTE      judge_price
      00FF19DCH   BLOCK     ECODE    NEAR LAB  LVL=1
      R7          REGSYM    ---      CHAR      judge_price1
      ---         BLOCKEND  ---      ---       LVL=1
      00FF19DAH   LINE      ECODE    ---       #49
      00FF19DCH   LINE      ECODE    ---       #50
      00FF19DCH   LINE      ECODE    ---       #51
      00FF19DEH   LINE      ECODE    ---       #52
      00FF19E7H   LINE      ECODE    ---       #54
      00FF19F1H   LINE      ECODE    ---       #56
      00FF19FBH   LINE      ECODE    ---       #58
      00FF1A05H   LINE      ECODE    ---       #60
      00FF1A0FH   LINE      ECODE    ---       #62
      00FF1A19H   LINE      ECODE    ---       #64
      00FF1A23H   LINE      ECODE    ---       #66
      00FF1A2BH   LINE      ECODE    ---       #67
      00FF1A2DH   LINE      ECODE    ---       #68
      ---         BLOCKEND  ---      ---       LVL=0

      00FF1A2EH   BLOCK     ECODE    ---       LVL=0
      00FF1A2EH   LINE      ECODE    ---       #69
      00FF1A30H   LINE      ECODE    ---       #72
      00FF1A60H   LINE      ECODE    ---       #74
      00FF1A60H   LINE      ECODE    ---       #75
      00FF1A71H   LINE      ECODE    ---       #76
      00FF1A7BH   LINE      ECODE    ---       #77
      00FF1A88H   LINE      ECODE    ---       #78
      00FF1A8BH   LINE      ECODE    ---       #79
      00FF1A8BH   LINE      ECODE    ---       #80
      00FF1A9CH   LINE      ECODE    ---       #81
      00FF1AA6H   LINE      ECODE    ---       #82
      00FF1AB3H   LINE      ECODE    ---       #83
      00FF1AB6H   LINE      ECODE    ---       #84
      00FF1AB6H   LINE      ECODE    ---       #85
      00FF1AC7H   LINE      ECODE    ---       #86
      00FF1AD1H   LINE      ECODE    ---       #87
      00FF1ADEH   LINE      ECODE    ---       #88
      00FF1AE1H   LINE      ECODE    ---       #89
      00FF1AE1H   LINE      ECODE    ---       #90
      00FF1AF2H   LINE      ECODE    ---       #91
      00FF1AFCH   LINE      ECODE    ---       #92
      00FF1B09H   LINE      ECODE    ---       #93
      00FF1B0CH   LINE      ECODE    ---       #94
      00FF1B0CH   LINE      ECODE    ---       #95
      00FF1B1DH   LINE      ECODE    ---       #96
      00FF1B27H   LINE      ECODE    ---       #97
      00FF1B34H   LINE      ECODE    ---       #98
      00FF1B36H   LINE      ECODE    ---       #99
L251 LINKER/LOCATER V4.66.93.0                                                        07/19/2023  00:24:25  PAGE 8


      00FF1B36H   LINE      ECODE    ---       #100
      00FF1B47H   LINE      ECODE    ---       #101
      00FF1B51H   LINE      ECODE    ---       #102
      00FF1B5EH   LINE      ECODE    ---       #103
      00FF1B60H   LINE      ECODE    ---       #104
      00FF1B60H   LINE      ECODE    ---       #105
      00FF1B71H   LINE      ECODE    ---       #106
      00FF1B7BH   LINE      ECODE    ---       #107
      00FF1B88H   LINE      ECODE    ---       #108
      00FF1B8AH   LINE      ECODE    ---       #109
      00FF1B8AH   LINE      ECODE    ---       #110
      00FF1B9BH   LINE      ECODE    ---       #111
      00FF1BA5H   LINE      ECODE    ---       #112
      00FF1BC3H   LINE      ECODE    ---       #113
      00FF1BC3H   LINE      ECODE    ---       #115
      00FF1BC3H   LINE      ECODE    ---       #116
      ---         BLOCKEND  ---      ---       LVL=0

      00FF1BC6H   BLOCK     ECODE    ---       LVL=0
      00FF1BC6H   LINE      ECODE    ---       #117
      00FF1BC6H   LINE      ECODE    ---       #119
      00FF1BC9H   LINE      ECODE    ---       #120
      00FF1BCCH   LINE      ECODE    ---       #121
      00FF1BCFH   LINE      ECODE    ---       #123
      00FF1BD1H   LINE      ECODE    ---       #124
      00FF1BD3H   LINE      ECODE    ---       #125
      00FF1BD5H   LINE      ECODE    ---       #127
      00FF1BD8H   LINE      ECODE    ---       #128
      00FF1BDBH   LINE      ECODE    ---       #130
      00FF1BE1H   LINE      ECODE    ---       #133
      00FF1BE5H   LINE      ECODE    ---       #134
      00FF1BE9H   LINE      ECODE    ---       #137
      00FF1BE9H   LINE      ECODE    ---       #139
      00FF1BEFH   LINE      ECODE    ---       #141
      00FF1BF7H   LINE      ECODE    ---       #142
      00FF1BFDH   LINE      ECODE    ---       #143
      00FF1C05H   LINE      ECODE    ---       #144
      00FF1C07H   LINE      ECODE    ---       #145
      00FF1C10H   LINE      ECODE    ---       #146
      00FF1C15H   LINE      ECODE    ---       #148
      00FF1C19H   LINE      ECODE    ---       #149
      00FF1C28H   LINE      ECODE    ---       #150
      00FF1C28H   LINE      ECODE    ---       #151
      00FF1C2EH   LINE      ECODE    ---       #153
      00FF1C36H   LINE      ECODE    ---       #154
      00FF1C3CH   LINE      ECODE    ---       #155
      00FF1C42H   LINE      ECODE    ---       #156
      00FF1C47H   LINE      ECODE    ---       #158
      00FF1C4BH   LINE      ECODE    ---       #161
      00FF1C5AH   LINE      ECODE    ---       #162
      00FF1C5AH   LINE      ECODE    ---       #163
      00FF1C60H   LINE      ECODE    ---       #165
      00FF1C68H   LINE      ECODE    ---       #166
      00FF1C6EH   LINE      ECODE    ---       #167
      00FF1C74H   LINE      ECODE    ---       #168
      00FF1C79H   LINE      ECODE    ---       #170
      00FF1C7DH   LINE      ECODE    ---       #172
      00FF1C8CH   LINE      ECODE    ---       #173
      ---         BLOCKEND  ---      ---       LVL=0

      00FF1C8FH   BLOCK     ECODE    ---       LVL=0
      00FF1C8FH   LINE      ECODE    ---       #180
      00FF1C99H   LINE      ECODE    ---       #183
      00FF1C9DH   LINE      ECODE    ---       #184
      00FF1CB2H   LINE      ECODE    ---       #185
L251 LINKER/LOCATER V4.66.93.0                                                        07/19/2023  00:24:25  PAGE 9


      00FF1CB9H   LINE      ECODE    ---       #186
      00FF1CC2H   LINE      ECODE    ---       #188
      00FF1CC7H   LINE      ECODE    ---       #189
      00FF1CC9H   LINE      ECODE    ---       #190
      ---         BLOCKEND  ---      ---       LVL=0

      ---         MODULE    ---      ---       oled
      00FF0959H   PUBLIC    ECODE    ---       OLED_Display_On?
      00FF1288H   PUBLIC    ECODE    ---       Setpos?
      00FF121FH   PUBLIC    ECODE    ---       Draw_Rectangle?
      00FF08D2H   PUBLIC    ECODE    ---       OLED_DisplayTurn?
      00FF179FH   PUBLIC    ECODE    ---       OLED_Init?
      00FF1307H   PUBLIC    ECODE    ---       OLED_DrawLine?
      00FF0BC6H   PUBLIC    ECODE    ---       OLED_ShowString?
      00FF0902H   PUBLIC    ECODE    ---       OLED_WR_Byte?
      00FF09C3H   PUBLIC    ECODE    ---       OLED_ShowChar?
      00FF08B2H   PUBLIC    ECODE    ---       OLED_ColorTurn?
      00FF10D3H   PUBLIC    ECODE    ---       Draw_VlineF?
      00FF092DH   PUBLIC    ECODE    ---       OLED_Set_Pos?
      00FF08A9H   PUBLIC    ECODE    ---       delay_ms?
      00FF0ABFH   PUBLIC    ECODE    ---       OLED_ShowNum?
      00FF0971H   PUBLIC    ECODE    ---       OLED_Display_Off?
      00FF0AA4H   PUBLIC    ECODE    ---       oled_pow?
      00FF0D88H   PUBLIC    ECODE    ---       Draw_Hline?
      00FF0F75H   PUBLIC    ECODE    ---       Clear?
      00FF0C42H   PUBLIC    ECODE    ---       OLED_ShowChinese?
      00FF16C6H   PUBLIC    ECODE    ---       Draw_dimond?
      00FF0989H   PUBLIC    ECODE    ---       OLED_Clear?
      00FF0E27H   PUBLIC    ECODE    ---       Draw_Vline?
      00FF0CD1H   PUBLIC    ECODE    ---       OLED_DrawBMP?
      00FF0007H   PUBLIC    CODE     ---       asc2_0806
      00FF022FH   PUBLIC    CODE     ---       asc2_1608
      00FF081FH   PUBLIC    CODE     ---       Hzk
      000000D0H   SFRSYM    DATA     BYTE      PSW
      0000009DH   SFRSYM    DATA     BYTE      IRCBAND
      00000097H   SFRSYM    DATA     BYTE      AUXR2
      000000C0H.2 SFRSYM    DATA     BIT       OLED_RES
      000000EFH   SFRSYM    DATA     BYTE      AUXINTIF
      000000FDH   SFRSYM    DATA     BYTE      S4CON
      000000C0H.0 SFRSYM    DATA     BIT       OLED_SCL
      000000ACH   SFRSYM    DATA     BYTE      S3CON
      0000009AH   SFRSYM    DATA     BYTE      S2CON
      000000B7H   SFRSYM    DATA     BYTE      IPH
      000000CDH   SFRSYM    DATA     BYTE      SPSTAT
      000000C0H.1 SFRSYM    DATA     BIT       OLED_SDA
      000000DDH   SFRSYM    DATA     BYTE      T4T3M
      000000C1H   SFRSYM    DATA     BYTE      WDT_CONTR
      000000DFH   SFRSYM    DATA     BYTE      IP3
      000000F4H   SFRSYM    DATA     BYTE      USBCON
      000000B5H   SFRSYM    DATA     BYTE      IP2
      000000FFH   SFRSYM    DATA     BYTE      RSTCFG
      000000C7H   SFRSYM    DATA     BYTE      IAP_CONTR
      000000F9H   SFRSYM    DATA     BYTE      LINICR
      0000008EH   SFRSYM    DATA     BYTE      AUXR
      000000AFH   SFRSYM    DATA     BYTE      IE2
      00000088H   SFRSYM    DATA     BYTE      TCON
      00000089H   SFRSYM    DATA     BYTE      TMOD
      00000098H   SFRSYM    DATA     BYTE      SCON
      000000F1H   SFRSYM    DATA     BYTE      CANICR
      00000087H   SFRSYM    DATA     BYTE      PCON
      000000BCH   SFRSYM    DATA     BYTE      ADC_CONTR
      000000E7H   SFRSYM    DATA     BYTE      CMPCR2
      000000E6H   SFRSYM    DATA     BYTE      CMPCR1
      000000C0H.4 SFRSYM    DATA     BIT       OLED_CS
      000000DEH   SFRSYM    DATA     BYTE      ADCCFG
L251 LINKER/LOCATER V4.66.93.0                                                        07/19/2023  00:24:25  PAGE 10


      000000B8H   SFRSYM    DATA     BYTE      IP
      0000008FH   SFRSYM    DATA     BYTE      INTCLKO
      000000EEH   SFRSYM    DATA     BYTE      IP3H
      000000B6H   SFRSYM    DATA     BYTE      IP2H
      000000A8H   SFRSYM    DATA     BYTE      IE
      000000BBH   SFRSYM    DATA     BYTE      P_SW3
      000000BAH   SFRSYM    DATA     BYTE      P_SW2
      000000C0H.3 SFRSYM    DATA     BIT       OLED_DC
      000000A2H   SFRSYM    DATA     BYTE      P_SW1
      000000CEH   SFRSYM    DATA     BYTE      SPCTL
      000000F8H   SFRSYM    DATA     BYTE      P7
      000000E8H   SFRSYM    DATA     BYTE      P6
      000000C8H   SFRSYM    DATA     BYTE      P5
      000000C0H   SFRSYM    DATA     BYTE      P4
      000000B0H   SFRSYM    DATA     BYTE      P3
      000000A0H   SFRSYM    DATA     BYTE      P2
      00000090H   SFRSYM    DATA     BYTE      P1
      00000080H   SFRSYM    DATA     BYTE      P0

      00FF08A9H   BLOCK     ECODE    ---       LVL=0
      WR6         REGSYM    ---      WORD      us
      00FF08A9H   LINE      ECODE    ---       #16
      00FF08A9H   LINE      ECODE    ---       #18
      00FF08A9H   LINE      ECODE    ---       #23
      00FF08B1H   LINE      ECODE    ---       #25
      ---         BLOCKEND  ---      ---       LVL=0

      00FF08B2H   BLOCK     ECODE    ---       LVL=0
      R15         REGSYM    ---      BYTE      i
      00FF08B2H   LINE      ECODE    ---       #28
      00FF08B6H   LINE      ECODE    ---       #30
      00FF08BAH   LINE      ECODE    ---       #32
      00FF08C2H   LINE      ECODE    ---       #33
      00FF08C2H   LINE      ECODE    ---       #34
      00FF08C7H   LINE      ECODE    ---       #36
      00FF08CFH   LINE      ECODE    ---       #37
      ---         BLOCKEND  ---      ---       LVL=0

      00FF08D2H   BLOCK     ECODE    ---       LVL=0
      R15         REGSYM    ---      BYTE      i
      00FF08D2H   LINE      ECODE    ---       #41
      00FF08D6H   LINE      ECODE    ---       #43
      00FF08DAH   LINE      ECODE    ---       #45
      00FF08E2H   LINE      ECODE    ---       #46
      00FF08EAH   LINE      ECODE    ---       #47
      00FF08EAH   LINE      ECODE    ---       #48
      00FF08EFH   LINE      ECODE    ---       #50
      00FF08F7H   LINE      ECODE    ---       #51
      00FF08FFH   LINE      ECODE    ---       #52
      ---         BLOCKEND  ---      ---       LVL=0

      00FF0902H   BLOCK     ECODE    ---       LVL=0
      R10         REGSYM    ---      BYTE      dat
      R7          REGSYM    ---      BYTE      cmd
      00FF0904H   BLOCK     ECODE    NEAR LAB  LVL=1
      R7          REGSYM    ---      BYTE      i
      ---         BLOCKEND  ---      ---       LVL=1
      00FF0902H   LINE      ECODE    ---       #56
      00FF0904H   LINE      ECODE    ---       #57
      00FF0904H   LINE      ECODE    ---       #59
      00FF0908H   LINE      ECODE    ---       #60
      00FF090CH   LINE      ECODE    ---       #62
      00FF090EH   LINE      ECODE    ---       #63
      00FF0910H   LINE      ECODE    ---       #64
      00FF0913H   LINE      ECODE    ---       #66
L251 LINKER/LOCATER V4.66.93.0                                                        07/19/2023  00:24:25  PAGE 11


      00FF0915H   LINE      ECODE    ---       #67
      00FF091AH   LINE      ECODE    ---       #69
      00FF091CH   LINE      ECODE    ---       #70
      00FF091EH   LINE      ECODE    ---       #73
      00FF0920H   LINE      ECODE    ---       #74
      00FF0920H   LINE      ECODE    ---       #75
      00FF0922H   LINE      ECODE    ---       #76
      00FF0924H   LINE      ECODE    ---       #77
      00FF0928H   LINE      ECODE    ---       #78
      00FF092AH   LINE      ECODE    ---       #79
      00FF092CH   LINE      ECODE    ---       #80
      ---         BLOCKEND  ---      ---       LVL=0

      00FF092DH   BLOCK     ECODE    ---       LVL=0
      R15         REGSYM    ---      BYTE      x
      R10         REGSYM    ---      BYTE      y
      00FF092DH   LINE      ECODE    ---       #84
      00FF0931H   LINE      ECODE    ---       #86
      00FF093DH   LINE      ECODE    ---       #87
      00FF094CH   LINE      ECODE    ---       #88
      00FF0956H   LINE      ECODE    ---       #89
      ---         BLOCKEND  ---      ---       LVL=0

      00FF0959H   BLOCK     ECODE    ---       LVL=0
      00FF0959H   LINE      ECODE    ---       #91
      00FF0959H   LINE      ECODE    ---       #93
      00FF0961H   LINE      ECODE    ---       #94
      00FF0969H   LINE      ECODE    ---       #95
      ---         BLOCKEND  ---      ---       LVL=0

      00FF0971H   BLOCK     ECODE    ---       LVL=0
      00FF0971H   LINE      ECODE    ---       #98
      00FF0971H   LINE      ECODE    ---       #100
      00FF0979H   LINE      ECODE    ---       #101
      00FF0981H   LINE      ECODE    ---       #102
      ---         BLOCKEND  ---      ---       LVL=0

      00FF0989H   BLOCK     ECODE    ---       LVL=0
      00FF098BH   BLOCK     ECODE    NEAR LAB  LVL=1
      R15         REGSYM    ---      BYTE      i
      R14         REGSYM    ---      BYTE      n
      ---         BLOCKEND  ---      ---       LVL=1
      00FF0989H   LINE      ECODE    ---       #105
      00FF098BH   LINE      ECODE    ---       #106
      00FF098BH   LINE      ECODE    ---       #115
      00FF098DH   LINE      ECODE    ---       #117
      00FF0999H   LINE      ECODE    ---       #118
      00FF09A0H   LINE      ECODE    ---       #119
      00FF09A8H   LINE      ECODE    ---       #120
      00FF09B9H   LINE      ECODE    ---       #121
      00FF09C0H   LINE      ECODE    ---       #125
      ---         BLOCKEND  ---      ---       LVL=0

      00FF09C3H   BLOCK     ECODE    ---       LVL=0
      R13         REGSYM    ---      BYTE      x
      R14         REGSYM    ---      BYTE      y
      R3          REGSYM    ---      BYTE      chr
      R15         REGSYM    ---      BYTE      sizey
      00FF09CDH   BLOCK     ECODE    NEAR LAB  LVL=1
      R12         REGSYM    ---      BYTE      c
      0001002FH   SYMBOL    XDATA    BYTE      sizex
      00010030H   SYMBOL    XDATA    WORD      i
      00010032H   SYMBOL    XDATA    WORD      size1
      ---         BLOCKEND  ---      ---       LVL=1
      00FF09C3H   LINE      ECODE    ---       #131
L251 LINKER/LOCATER V4.66.93.0                                                        07/19/2023  00:24:25  PAGE 12


      00FF09CDH   LINE      ECODE    ---       #132
      00FF09CDH   LINE      ECODE    ---       #133
      00FF09D9H   LINE      ECODE    ---       #134
      00FF09E1H   LINE      ECODE    ---       #135
      00FF09F2H   LINE      ECODE    ---       #136
      00FF0A12H   LINE      ECODE    ---       #137
      00FF0A1AH   LINE      ECODE    ---       #138
      00FF0A22H   LINE      ECODE    ---       #139
      00FF0A29H   LINE      ECODE    ---       #141
      00FF0A4AH   LINE      ECODE    ---       #142
      00FF0A62H   LINE      ECODE    ---       #143
      00FF0A86H   LINE      ECODE    ---       #145
      00FF0A86H   LINE      ECODE    ---       #146
      00FF0AA1H   LINE      ECODE    ---       #147
      ---         BLOCKEND  ---      ---       LVL=0

      00FF0AA4H   BLOCK     ECODE    ---       LVL=0
      R8          REGSYM    ---      BYTE      m
      R9          REGSYM    ---      BYTE      n
      00FF0AA8H   BLOCK     ECODE    NEAR LAB  LVL=1
      DR4         REGSYM    ---      DWORD     result
      ---         BLOCKEND  ---      ---       LVL=1
      00FF0AA4H   LINE      ECODE    ---       #149
      00FF0AA8H   LINE      ECODE    ---       #150
      00FF0AA8H   LINE      ECODE    ---       #151
      00FF0AACH   LINE      ECODE    ---       #152
      00FF0ABEH   LINE      ECODE    ---       #153
      00FF0ABEH   LINE      ECODE    ---       #154
      ---         BLOCKEND  ---      ---       LVL=0

      00FF0ABFH   BLOCK     ECODE    ---       LVL=0
      00010018H   SYMBOL    XDATA    BYTE      x
      00010019H   SYMBOL    XDATA    BYTE      y
      DR12        REGSYM    ---      DWORD     num
      0001001AH   SYMBOL    XDATA    BYTE      len
      0001001BH   SYMBOL    XDATA    BYTE      sizey
      00FF0AD9H   BLOCK     ECODE    NEAR LAB  LVL=1
      0001001CH   SYMBOL    XDATA    BYTE      t
      0001001DH   SYMBOL    XDATA    BYTE      temp
      0001001EH   SYMBOL    XDATA    BYTE      m
      0001001FH   SYMBOL    XDATA    BYTE      enshow
      ---         BLOCKEND  ---      ---       LVL=1
      00FF0ABFH   LINE      ECODE    ---       #160
      00FF0AD9H   LINE      ECODE    ---       #161
      00FF0AD9H   LINE      ECODE    ---       #162
      00FF0ADEH   LINE      ECODE    ---       #163
      00FF0AE2H   LINE      ECODE    ---       #164
      00FF0AEFH   LINE      ECODE    ---       #165
      00FF0AF7H   LINE      ECODE    ---       #167
      00FF0B27H   LINE      ECODE    ---       #168
      00FF0B3FH   LINE      ECODE    ---       #170
      00FF0B45H   LINE      ECODE    ---       #172
      00FF0B6AH   LINE      ECODE    ---       #173
      00FF0B6CH   LINE      ECODE    ---       #174
      00FF0B72H   LINE      ECODE    ---       #175
      00FF0B72H   LINE      ECODE    ---       #176
      00FF0BACH   LINE      ECODE    ---       #177
      00FF0BC3H   LINE      ECODE    ---       #178
      ---         BLOCKEND  ---      ---       LVL=0

      00FF0BC6H   BLOCK     ECODE    ---       LVL=0
      00010034H   SYMBOL    XDATA    BYTE      x
      00010035H   SYMBOL    XDATA    BYTE      y
      REG=3       REGSYM    ---      ---       chr
      00010036H   SYMBOL    XDATA    BYTE      sizey
L251 LINKER/LOCATER V4.66.93.0                                                        07/19/2023  00:24:25  PAGE 13


      00FF0BDAH   BLOCK     ECODE    NEAR LAB  LVL=1
      00010037H   SYMBOL    XDATA    BYTE      j
      ---         BLOCKEND  ---      ---       LVL=1
      00FF0BC6H   LINE      ECODE    ---       #180
      00FF0BDAH   LINE      ECODE    ---       #181
      00FF0BDAH   LINE      ECODE    ---       #182
      00FF0BDFH   LINE      ECODE    ---       #183
      00FF0BE1H   LINE      ECODE    ---       #185
      00FF0C0BH   LINE      ECODE    ---       #186
      00FF0C1FH   LINE      ECODE    ---       #187
      00FF0C30H   LINE      ECODE    ---       #188
      00FF0C3FH   LINE      ECODE    ---       #189
      ---         BLOCKEND  ---      ---       LVL=0

      00FF0C42H   BLOCK     ECODE    ---       LVL=0
      R12         REGSYM    ---      BYTE      x
      R13         REGSYM    ---      BYTE      y
      R14         REGSYM    ---      BYTE      no
      R15         REGSYM    ---      BYTE      sizey
      00FF0C4CH   BLOCK     ECODE    NEAR LAB  LVL=1
      00010038H   SYMBOL    XDATA    WORD      i
      0001003AH   SYMBOL    XDATA    WORD      size1
      ---         BLOCKEND  ---      ---       LVL=1
      00FF0C42H   LINE      ECODE    ---       #191
      00FF0C4CH   LINE      ECODE    ---       #192
      00FF0C4CH   LINE      ECODE    ---       #193
      00FF0C70H   LINE      ECODE    ---       #194
      00FF0C77H   LINE      ECODE    ---       #196
      00FF0C8FH   LINE      ECODE    ---       #197
      00FF0CB3H   LINE      ECODE    ---       #199
      00FF0CB3H   LINE      ECODE    ---       #200
      00FF0CCEH   LINE      ECODE    ---       #201
      ---         BLOCKEND  ---      ---       LVL=0

      00FF0CD1H   BLOCK     ECODE    ---       LVL=0
      00010020H   SYMBOL    XDATA    BYTE      x
      00010021H   SYMBOL    XDATA    BYTE      y
      00010022H   SYMBOL    XDATA    BYTE      sizex
      00010023H   SYMBOL    XDATA    BYTE      sizey
      REG=3       REGSYM    ---      ---       BMP
      00FF0CEBH   BLOCK     ECODE    NEAR LAB  LVL=1
      00010024H   SYMBOL    XDATA    WORD      j
      00010026H   SYMBOL    XDATA    BYTE      i
      00010027H   SYMBOL    XDATA    BYTE      m
      ---         BLOCKEND  ---      ---       LVL=1
      00FF0CD1H   LINE      ECODE    ---       #208
      00FF0CEBH   LINE      ECODE    ---       #209
      00FF0CEBH   LINE      ECODE    ---       #210
      00FF0CF3H   LINE      ECODE    ---       #212
      00FF0D15H   LINE      ECODE    ---       #213
      00FF0D1CH   LINE      ECODE    ---       #215
      00FF0D36H   LINE      ECODE    ---       #216
      00FF0D3DH   LINE      ECODE    ---       #218
      00FF0D5DH   LINE      ECODE    ---       #219
      00FF0D71H   LINE      ECODE    ---       #220
      00FF0D85H   LINE      ECODE    ---       #221
      ---         BLOCKEND  ---      ---       LVL=0

      00FF0D88H   BLOCK     ECODE    ---       LVL=0
      R12         REGSYM    ---      BYTE      x0
      R5          REGSYM    ---      BYTE      y0
      R13         REGSYM    ---      BYTE      x
      WR14        REGSYM    ---      WORD      time
      00FF0D92H   BLOCK     ECODE    NEAR LAB  LVL=1
      0001002BH   SYMBOL    XDATA    BYTE      y
L251 LINKER/LOCATER V4.66.93.0                                                        07/19/2023  00:24:25  PAGE 14


      R11         REGSYM    ---      BYTE      mod
      0001002CH   SYMBOL    XDATA    BYTE      pos
      R12         REGSYM    ---      BYTE      i
      ---         BLOCKEND  ---      ---       LVL=1
      00FF0D88H   LINE      ECODE    ---       #224
      00FF0D92H   LINE      ECODE    ---       #225
      00FF0D92H   LINE      ECODE    ---       #227
      00FF0D9CH   LINE      ECODE    ---       #228
      00FF0DA8H   LINE      ECODE    ---       #229
      00FF0DAAH   LINE      ECODE    ---       #230
      00FF0DACH   LINE      ECODE    ---       #232
      00FF0DB8H   LINE      ECODE    ---       #233
      00FF0DC4H   LINE      ECODE    ---       #234
      00FF0DDBH   LINE      ECODE    ---       #236
      00FF0DDBH   LINE      ECODE    ---       #237
      00FF0DDDH   LINE      ECODE    ---       #238
      00FF0DDFH   LINE      ECODE    ---       #239
      00FF0DDFH   LINE      ECODE    ---       #240
      00FF0DE1H   LINE      ECODE    ---       #241
      00FF0DE3H   LINE      ECODE    ---       #242
      00FF0DE3H   LINE      ECODE    ---       #243
      00FF0DE5H   LINE      ECODE    ---       #244
      00FF0DE7H   LINE      ECODE    ---       #245
      00FF0DE7H   LINE      ECODE    ---       #246
      00FF0DE9H   LINE      ECODE    ---       #247
      00FF0DEBH   LINE      ECODE    ---       #248
      00FF0DEBH   LINE      ECODE    ---       #249
      00FF0DEDH   LINE      ECODE    ---       #250
      00FF0DEFH   LINE      ECODE    ---       #251
      00FF0DEFH   LINE      ECODE    ---       #252
      00FF0DF1H   LINE      ECODE    ---       #253
      00FF0DF3H   LINE      ECODE    ---       #254
      00FF0DF3H   LINE      ECODE    ---       #255
      00FF0DF9H   LINE      ECODE    ---       #256
      00FF0DF9H   LINE      ECODE    ---       #257
      00FF0DF9H   LINE      ECODE    ---       #258
      00FF0DF9H   LINE      ECODE    ---       #260
      00FF0DF9H   LINE      ECODE    ---       #261
      00FF0DF9H   LINE      ECODE    ---       #262
      00FF0E05H   LINE      ECODE    ---       #263
      00FF0E07H   LINE      ECODE    ---       #265
      00FF0E0DH   LINE      ECODE    ---       #266
      00FF0E18H   LINE      ECODE    ---       #267
      00FF0E24H   LINE      ECODE    ---       #269
      ---         BLOCKEND  ---      ---       LVL=0

      00FF0E27H   BLOCK     ECODE    ---       LVL=0
      R13         REGSYM    ---      BYTE      x0
      R2          REGSYM    ---      BYTE      y0
      R3          REGSYM    ---      BYTE      y
      WR14        REGSYM    ---      WORD      time
      00FF0E31H   BLOCK     ECODE    NEAR LAB  LVL=1
      0001002BH   SYMBOL    XDATA    BYTE      y1
      0001002CH   SYMBOL    XDATA    BYTE      y2
      0001002DH   SYMBOL    XDATA    BYTE      pos
      0001002EH   SYMBOL    XDATA    BYTE      pos1
      R11         REGSYM    ---      BYTE      mod0
      R11         REGSYM    ---      BYTE      mod1
      R12         REGSYM    ---      BYTE      i
      ---         BLOCKEND  ---      ---       LVL=1
      00FF0E27H   LINE      ECODE    ---       #271
      00FF0E31H   LINE      ECODE    ---       #272
      00FF0E31H   LINE      ECODE    ---       #274
      00FF0E3BH   LINE      ECODE    ---       #275
      00FF0E47H   LINE      ECODE    ---       #276
L251 LINKER/LOCATER V4.66.93.0                                                        07/19/2023  00:24:25  PAGE 15


      00FF0E49H   LINE      ECODE    ---       #277
      00FF0E4BH   LINE      ECODE    ---       #279
      00FF0E57H   LINE      ECODE    ---       #280
      00FF0E63H   LINE      ECODE    ---       #281
      00FF0E7AH   LINE      ECODE    ---       #283
      00FF0E7AH   LINE      ECODE    ---       #284
      00FF0E7CH   LINE      ECODE    ---       #285
      00FF0E7EH   LINE      ECODE    ---       #286
      00FF0E7EH   LINE      ECODE    ---       #287
      00FF0E80H   LINE      ECODE    ---       #288
      00FF0E82H   LINE      ECODE    ---       #289
      00FF0E82H   LINE      ECODE    ---       #290
      00FF0E84H   LINE      ECODE    ---       #291
      00FF0E86H   LINE      ECODE    ---       #292
      00FF0E86H   LINE      ECODE    ---       #293
      00FF0E88H   LINE      ECODE    ---       #294
      00FF0E8AH   LINE      ECODE    ---       #295
      00FF0E8AH   LINE      ECODE    ---       #296
      00FF0E8CH   LINE      ECODE    ---       #297
      00FF0E8EH   LINE      ECODE    ---       #298
      00FF0E8EH   LINE      ECODE    ---       #299
      00FF0E90H   LINE      ECODE    ---       #300
      00FF0E92H   LINE      ECODE    ---       #301
      00FF0E92H   LINE      ECODE    ---       #302
      00FF0E98H   LINE      ECODE    ---       #303
      00FF0E98H   LINE      ECODE    ---       #304
      00FF0E98H   LINE      ECODE    ---       #305
      00FF0E98H   LINE      ECODE    ---       #307
      00FF0E98H   LINE      ECODE    ---       #308
      00FF0E98H   LINE      ECODE    ---       #309
      00FF0EA2H   LINE      ECODE    ---       #310
      00FF0EAEH   LINE      ECODE    ---       #311
      00FF0EB0H   LINE      ECODE    ---       #312
      00FF0EB2H   LINE      ECODE    ---       #314
      00FF0EBEH   LINE      ECODE    ---       #315
      00FF0ECAH   LINE      ECODE    ---       #316
      00FF0EE1H   LINE      ECODE    ---       #318
      00FF0EE1H   LINE      ECODE    ---       #319
      00FF0EE3H   LINE      ECODE    ---       #320
      00FF0EE5H   LINE      ECODE    ---       #321
      00FF0EE5H   LINE      ECODE    ---       #322
      00FF0EE7H   LINE      ECODE    ---       #323
      00FF0EE9H   LINE      ECODE    ---       #324
      00FF0EE9H   LINE      ECODE    ---       #325
      00FF0EEBH   LINE      ECODE    ---       #326
      00FF0EEDH   LINE      ECODE    ---       #327
      00FF0EEDH   LINE      ECODE    ---       #328
      00FF0EEFH   LINE      ECODE    ---       #329
      00FF0EF1H   LINE      ECODE    ---       #330
      00FF0EF1H   LINE      ECODE    ---       #331
      00FF0EF3H   LINE      ECODE    ---       #332
      00FF0EF5H   LINE      ECODE    ---       #333
      00FF0EF5H   LINE      ECODE    ---       #334
      00FF0EF7H   LINE      ECODE    ---       #335
      00FF0EF9H   LINE      ECODE    ---       #336
      00FF0EF9H   LINE      ECODE    ---       #337
      00FF0EFFH   LINE      ECODE    ---       #338
      00FF0EFFH   LINE      ECODE    ---       #339
      00FF0EFFH   LINE      ECODE    ---       #340
      00FF0EFFH   LINE      ECODE    ---       #342
      00FF0EFFH   LINE      ECODE    ---       #343
      00FF0EFFH   LINE      ECODE    ---       #344
      00FF0F0BH   LINE      ECODE    ---       #345
      00FF0F16H   LINE      ECODE    ---       #346
      00FF0F1CH   LINE      ECODE    ---       #347
L251 LINKER/LOCATER V4.66.93.0                                                        07/19/2023  00:24:25  PAGE 16


      00FF0F2CH   LINE      ECODE    ---       #348
      00FF0F38H   LINE      ECODE    ---       #350
      00FF0F3EH   LINE      ECODE    ---       #351
      00FF0F46H   LINE      ECODE    ---       #352
      00FF0F4FH   LINE      ECODE    ---       #353
      00FF0F5BH   LINE      ECODE    ---       #354
      00FF0F61H   LINE      ECODE    ---       #355
      00FF0F67H   LINE      ECODE    ---       #356
      00FF0F72H   LINE      ECODE    ---       #359
      ---         BLOCKEND  ---      ---       LVL=0

      00FF0F75H   BLOCK     ECODE    ---       LVL=0
      R2          REGSYM    ---      BYTE      y0
      R3          REGSYM    ---      BYTE      y
      R13         REGSYM    ---      BYTE      x0
      WR14        REGSYM    ---      WORD      time
      00FF0F7FH   BLOCK     ECODE    NEAR LAB  LVL=1
      0001003CH   SYMBOL    XDATA    BYTE      y1
      0001003DH   SYMBOL    XDATA    BYTE      y2
      0001003EH   SYMBOL    XDATA    BYTE      pos
      0001003FH   SYMBOL    XDATA    BYTE      pos1
      R11         REGSYM    ---      BYTE      mod0
      R11         REGSYM    ---      BYTE      mod1
      R12         REGSYM    ---      BYTE      i
      ---         BLOCKEND  ---      ---       LVL=1
      00FF0F75H   LINE      ECODE    ---       #360
      00FF0F7FH   LINE      ECODE    ---       #362
      00FF0F89H   LINE      ECODE    ---       #363
      00FF0F95H   LINE      ECODE    ---       #364
      00FF0F96H   LINE      ECODE    ---       #365
      00FF0F98H   LINE      ECODE    ---       #367
      00FF0FA4H   LINE      ECODE    ---       #368
      00FF0FB0H   LINE      ECODE    ---       #369
      00FF0FC7H   LINE      ECODE    ---       #371
      00FF0FC7H   LINE      ECODE    ---       #372
      00FF0FC9H   LINE      ECODE    ---       #373
      00FF0FCBH   LINE      ECODE    ---       #374
      00FF0FCBH   LINE      ECODE    ---       #375
      00FF0FCDH   LINE      ECODE    ---       #376
      00FF0FCFH   LINE      ECODE    ---       #377
      00FF0FCFH   LINE      ECODE    ---       #378
      00FF0FD1H   LINE      ECODE    ---       #379
      00FF0FD3H   LINE      ECODE    ---       #380
      00FF0FD3H   LINE      ECODE    ---       #381
      00FF0FD5H   LINE      ECODE    ---       #382
      00FF0FD7H   LINE      ECODE    ---       #383
      00FF0FD7H   LINE      ECODE    ---       #384
      00FF0FD9H   LINE      ECODE    ---       #385
      00FF0FDBH   LINE      ECODE    ---       #386
      00FF0FDBH   LINE      ECODE    ---       #387
      00FF0FDDH   LINE      ECODE    ---       #388
      00FF0FDFH   LINE      ECODE    ---       #389
      00FF0FDFH   LINE      ECODE    ---       #390
      00FF0FE5H   LINE      ECODE    ---       #391
      00FF0FE5H   LINE      ECODE    ---       #392
      00FF0FE5H   LINE      ECODE    ---       #393
      00FF0FE5H   LINE      ECODE    ---       #395
      00FF0FE5H   LINE      ECODE    ---       #396
      00FF0FE5H   LINE      ECODE    ---       #397
      00FF0FEFH   LINE      ECODE    ---       #398
      00FF0FFBH   LINE      ECODE    ---       #399
      00FF0FFDH   LINE      ECODE    ---       #400
      00FF0FFFH   LINE      ECODE    ---       #402
      00FF100BH   LINE      ECODE    ---       #403
      00FF1017H   LINE      ECODE    ---       #404
L251 LINKER/LOCATER V4.66.93.0                                                        07/19/2023  00:24:25  PAGE 17


      00FF102EH   LINE      ECODE    ---       #406
      00FF102EH   LINE      ECODE    ---       #407
      00FF1030H   LINE      ECODE    ---       #408
      00FF1032H   LINE      ECODE    ---       #409
      00FF1032H   LINE      ECODE    ---       #410
      00FF1034H   LINE      ECODE    ---       #411
      00FF1036H   LINE      ECODE    ---       #412
      00FF1036H   LINE      ECODE    ---       #413
      00FF1038H   LINE      ECODE    ---       #414
      00FF103AH   LINE      ECODE    ---       #415
      00FF103AH   LINE      ECODE    ---       #416
      00FF103CH   LINE      ECODE    ---       #417
      00FF103EH   LINE      ECODE    ---       #418
      00FF103EH   LINE      ECODE    ---       #419
      00FF1040H   LINE      ECODE    ---       #420
      00FF1042H   LINE      ECODE    ---       #421
      00FF1042H   LINE      ECODE    ---       #422
      00FF1044H   LINE      ECODE    ---       #423
      00FF1046H   LINE      ECODE    ---       #424
      00FF1046H   LINE      ECODE    ---       #425
      00FF104CH   LINE      ECODE    ---       #426
      00FF104CH   LINE      ECODE    ---       #427
      00FF104CH   LINE      ECODE    ---       #428
      00FF104CH   LINE      ECODE    ---       #430
      00FF104CH   LINE      ECODE    ---       #431
      00FF104CH   LINE      ECODE    ---       #432
      00FF1058H   LINE      ECODE    ---       #433
      00FF1063H   LINE      ECODE    ---       #434
      00FF106FH   LINE      ECODE    ---       #435
      00FF107FH   LINE      ECODE    ---       #436
      00FF108BH   LINE      ECODE    ---       #438
      00FF1097H   LINE      ECODE    ---       #439
      00FF109FH   LINE      ECODE    ---       #440
      00FF10A7H   LINE      ECODE    ---       #441
      00FF10B3H   LINE      ECODE    ---       #442
      00FF10B9H   LINE      ECODE    ---       #443
      00FF10C5H   LINE      ECODE    ---       #444
      00FF10D0H   LINE      ECODE    ---       #447
      ---         BLOCKEND  ---      ---       LVL=0

      00FF10D3H   BLOCK     ECODE    ---       LVL=0
      R2          REGSYM    ---      BYTE      y0
      R3          REGSYM    ---      BYTE      y
      R13         REGSYM    ---      BYTE      x0
      WR14        REGSYM    ---      WORD      time
      00FF10DDH   BLOCK     ECODE    NEAR LAB  LVL=1
      R12         REGSYM    ---      BYTE      y1
      00010040H   SYMBOL    XDATA    BYTE      y2
      00010041H   SYMBOL    XDATA    BYTE      pos
      00010042H   SYMBOL    XDATA    BYTE      pos1
      R11         REGSYM    ---      BYTE      mod0
      R11         REGSYM    ---      BYTE      mod1
      00010043H   SYMBOL    XDATA    BYTE      i
      ---         BLOCKEND  ---      ---       LVL=1
      00FF10D3H   LINE      ECODE    ---       #449
      00FF10DDH   LINE      ECODE    ---       #450
      00FF10DDH   LINE      ECODE    ---       #452
      00FF10E7H   LINE      ECODE    ---       #453
      00FF10F1H   LINE      ECODE    ---       #454
      00FF10F3H   LINE      ECODE    ---       #455
      00FF10F5H   LINE      ECODE    ---       #457
      00FF10FDH   LINE      ECODE    ---       #458
      00FF1109H   LINE      ECODE    ---       #459
      00FF1120H   LINE      ECODE    ---       #461
      00FF1120H   LINE      ECODE    ---       #462
L251 LINKER/LOCATER V4.66.93.0                                                        07/19/2023  00:24:25  PAGE 18


      00FF1122H   LINE      ECODE    ---       #463
      00FF1124H   LINE      ECODE    ---       #464
      00FF1124H   LINE      ECODE    ---       #465
      00FF1126H   LINE      ECODE    ---       #466
      00FF1128H   LINE      ECODE    ---       #467
      00FF1128H   LINE      ECODE    ---       #468
      00FF112AH   LINE      ECODE    ---       #469
      00FF112CH   LINE      ECODE    ---       #470
      00FF112CH   LINE      ECODE    ---       #471
      00FF112EH   LINE      ECODE    ---       #472
      00FF1130H   LINE      ECODE    ---       #473
      00FF1130H   LINE      ECODE    ---       #474
      00FF1132H   LINE      ECODE    ---       #475
      00FF1134H   LINE      ECODE    ---       #476
      00FF1134H   LINE      ECODE    ---       #477
      00FF1136H   LINE      ECODE    ---       #478
      00FF1138H   LINE      ECODE    ---       #479
      00FF1138H   LINE      ECODE    ---       #480
      00FF113EH   LINE      ECODE    ---       #481
      00FF113EH   LINE      ECODE    ---       #482
      00FF113EH   LINE      ECODE    ---       #483
      00FF113EH   LINE      ECODE    ---       #485
      00FF113EH   LINE      ECODE    ---       #486
      00FF113EH   LINE      ECODE    ---       #487
      00FF1148H   LINE      ECODE    ---       #488
      00FF1154H   LINE      ECODE    ---       #489
      00FF1156H   LINE      ECODE    ---       #490
      00FF1158H   LINE      ECODE    ---       #492
      00FF1164H   LINE      ECODE    ---       #493
      00FF1170H   LINE      ECODE    ---       #494
      00FF1187H   LINE      ECODE    ---       #496
      00FF1187H   LINE      ECODE    ---       #497
      00FF1189H   LINE      ECODE    ---       #498
      00FF118BH   LINE      ECODE    ---       #499
      00FF118BH   LINE      ECODE    ---       #500
      00FF118DH   LINE      ECODE    ---       #501
      00FF118FH   LINE      ECODE    ---       #502
      00FF118FH   LINE      ECODE    ---       #503
      00FF1191H   LINE      ECODE    ---       #504
      00FF1193H   LINE      ECODE    ---       #505
      00FF1193H   LINE      ECODE    ---       #506
      00FF1195H   LINE      ECODE    ---       #507
      00FF1197H   LINE      ECODE    ---       #508
      00FF1197H   LINE      ECODE    ---       #509
      00FF1199H   LINE      ECODE    ---       #510
      00FF119BH   LINE      ECODE    ---       #511
      00FF119BH   LINE      ECODE    ---       #512
      00FF119DH   LINE      ECODE    ---       #513
      00FF119FH   LINE      ECODE    ---       #514
      00FF119FH   LINE      ECODE    ---       #515
      00FF11A5H   LINE      ECODE    ---       #516
      00FF11A5H   LINE      ECODE    ---       #517
      00FF11A5H   LINE      ECODE    ---       #518
      00FF11A5H   LINE      ECODE    ---       #520
      00FF11A5H   LINE      ECODE    ---       #521
      00FF11A5H   LINE      ECODE    ---       #522
      00FF11B1H   LINE      ECODE    ---       #523
      00FF11BCH   LINE      ECODE    ---       #524
      00FF11C2H   LINE      ECODE    ---       #525
      00FF11CCH   LINE      ECODE    ---       #526
      00FF11DAH   LINE      ECODE    ---       #528
      00FF11E0H   LINE      ECODE    ---       #529
      00FF11ECH   LINE      ECODE    ---       #530
      00FF11F5H   LINE      ECODE    ---       #531
      00FF1203H   LINE      ECODE    ---       #532
L251 LINKER/LOCATER V4.66.93.0                                                        07/19/2023  00:24:25  PAGE 19


      00FF120BH   LINE      ECODE    ---       #533
      00FF1211H   LINE      ECODE    ---       #534
      00FF121CH   LINE      ECODE    ---       #537
      ---         BLOCKEND  ---      ---       LVL=0

      00FF121FH   BLOCK     ECODE    ---       LVL=0
      00010044H   SYMBOL    XDATA    BYTE      x0
      00010045H   SYMBOL    XDATA    BYTE      y0
      R12         REGSYM    ---      BYTE      x
      R13         REGSYM    ---      BYTE      y
      WR14        REGSYM    ---      WORD      time
      00FF121FH   LINE      ECODE    ---       #539
      00FF1231H   LINE      ECODE    ---       #541
      00FF1245H   LINE      ECODE    ---       #543
      00FF1259H   LINE      ECODE    ---       #545
      00FF126DH   LINE      ECODE    ---       #547
      00FF1285H   LINE      ECODE    ---       #550
      ---         BLOCKEND  ---      ---       LVL=0

      00FF1288H   BLOCK     ECODE    ---       LVL=0
      R3          REGSYM    ---      BYTE      x0
      R5          REGSYM    ---      BYTE      y0
      00FF128EH   BLOCK     ECODE    NEAR LAB  LVL=1
      R14         REGSYM    ---      BYTE      y
      R11         REGSYM    ---      BYTE      mod
      R15         REGSYM    ---      BYTE      pos
      ---         BLOCKEND  ---      ---       LVL=1
      00FF1288H   LINE      ECODE    ---       #564
      00FF128EH   LINE      ECODE    ---       #565
      00FF128EH   LINE      ECODE    ---       #567
      00FF1298H   LINE      ECODE    ---       #568
      00FF12A2H   LINE      ECODE    ---       #569
      00FF12A5H   LINE      ECODE    ---       #570
      00FF12A7H   LINE      ECODE    ---       #572
      00FF12AFH   LINE      ECODE    ---       #573
      00FF12BBH   LINE      ECODE    ---       #574
      00FF12D2H   LINE      ECODE    ---       #576
      00FF12D2H   LINE      ECODE    ---       #577
      00FF12D5H   LINE      ECODE    ---       #578
      00FF12D7H   LINE      ECODE    ---       #579
      00FF12D7H   LINE      ECODE    ---       #580
      00FF12DAH   LINE      ECODE    ---       #581
      00FF12DCH   LINE      ECODE    ---       #582
      00FF12DCH   LINE      ECODE    ---       #583
      00FF12DFH   LINE      ECODE    ---       #584
      00FF12E1H   LINE      ECODE    ---       #585
      00FF12E1H   LINE      ECODE    ---       #586
      00FF12E4H   LINE      ECODE    ---       #587
      00FF12E6H   LINE      ECODE    ---       #588
      00FF12E6H   LINE      ECODE    ---       #589
      00FF12E9H   LINE      ECODE    ---       #590
      00FF12EBH   LINE      ECODE    ---       #591
      00FF12EBH   LINE      ECODE    ---       #592
      00FF12EEH   LINE      ECODE    ---       #593
      00FF12F0H   LINE      ECODE    ---       #594
      00FF12F0H   LINE      ECODE    ---       #595
      00FF12F3H   LINE      ECODE    ---       #596
      00FF12F3H   LINE      ECODE    ---       #597
      00FF12F3H   LINE      ECODE    ---       #598
      00FF12F3H   LINE      ECODE    ---       #600
      00FF12F3H   LINE      ECODE    ---       #601
      00FF12F3H   LINE      ECODE    ---       #602
      00FF12FBH   LINE      ECODE    ---       #603
      00FF1304H   LINE      ECODE    ---       #605
      ---         BLOCKEND  ---      ---       LVL=0
L251 LINKER/LOCATER V4.66.93.0                                                        07/19/2023  00:24:25  PAGE 20



      00FF1307H   BLOCK     ECODE    ---       LVL=0
      WR12        REGSYM    ---      INT       x1
      WR14        REGSYM    ---      INT       y1
      0001000EH   SYMBOL    XDATA    INT       x2
      00010010H   SYMBOL    XDATA    INT       y2
      00FF1319H   BLOCK     ECODE    NEAR LAB  LVL=1
      00010012H   SYMBOL    XDATA    INT       dx
      00010014H   SYMBOL    XDATA    INT       dy
      00010016H   SYMBOL    XDATA    INT       e
      ---         BLOCKEND  ---      ---       LVL=1
      00FF1307H   LINE      ECODE    ---       #607
      00FF1319H   LINE      ECODE    ---       #608
      00FF1319H   LINE      ECODE    ---       #610
      00FF1327H   LINE      ECODE    ---       #611
      00FF1335H   LINE      ECODE    ---       #612
      00FF133EH   LINE      ECODE    ---       #614
      00FF134DH   LINE      ECODE    ---       #616
      00FF1357H   LINE      ECODE    ---       #618
      00FF136EH   LINE      ECODE    ---       #619
      00FF1370H   LINE      ECODE    ---       #621
      00FF1378H   LINE      ECODE    ---       #622
      00FF1394H   LINE      ECODE    ---       #623
      00FF1396H   LINE      ECODE    ---       #624
      00FF13A7H   LINE      ECODE    ---       #625
      00FF13B1H   LINE      ECODE    ---       #626
      00FF13B4H   LINE      ECODE    ---       #629
      00FF13D2H   LINE      ECODE    ---       #630
      00FF13D4H   LINE      ECODE    ---       #632
      00FF13DCH   LINE      ECODE    ---       #633
      00FF13F8H   LINE      ECODE    ---       #634
      00FF13FAH   LINE      ECODE    ---       #635
      00FF140BH   LINE      ECODE    ---       #636
      00FF1415H   LINE      ECODE    ---       #637
      00FF1415H   LINE      ECODE    ---       #638
      00FF1418H   LINE      ECODE    ---       #641
      00FF142AH   LINE      ECODE    ---       #642
      00FF143AH   LINE      ECODE    ---       #644
      00FF1454H   LINE      ECODE    ---       #645
      00FF1456H   LINE      ECODE    ---       #647
      00FF145EH   LINE      ECODE    ---       #648
      00FF147AH   LINE      ECODE    ---       #649
      00FF147CH   LINE      ECODE    ---       #650
      00FF148DH   LINE      ECODE    ---       #651
      00FF1497H   LINE      ECODE    ---       #652
      00FF149AH   LINE      ECODE    ---       #655
      00FF14B8H   LINE      ECODE    ---       #656
      00FF14BAH   LINE      ECODE    ---       #658
      00FF14C2H   LINE      ECODE    ---       #659
      00FF14DEH   LINE      ECODE    ---       #660
      00FF14E0H   LINE      ECODE    ---       #661
      00FF14F1H   LINE      ECODE    ---       #662
      00FF14FBH   LINE      ECODE    ---       #663
      00FF14FBH   LINE      ECODE    ---       #664
      00FF14FBH   LINE      ECODE    ---       #665
      00FF14FEH   LINE      ECODE    ---       #668
      00FF1510H   LINE      ECODE    ---       #669
      00FF151FH   LINE      ECODE    ---       #671
      00FF1529H   LINE      ECODE    ---       #673
      00FF153DH   LINE      ECODE    ---       #674
      00FF153FH   LINE      ECODE    ---       #676
      00FF1547H   LINE      ECODE    ---       #677
      00FF1563H   LINE      ECODE    ---       #678
      00FF1565H   LINE      ECODE    ---       #679
      00FF1576H   LINE      ECODE    ---       #680
L251 LINKER/LOCATER V4.66.93.0                                                        07/19/2023  00:24:25  PAGE 21


      00FF1580H   LINE      ECODE    ---       #681
      00FF1583H   LINE      ECODE    ---       #684
      00FF15A1H   LINE      ECODE    ---       #685
      00FF15A3H   LINE      ECODE    ---       #687
      00FF15ABH   LINE      ECODE    ---       #689
      00FF15C7H   LINE      ECODE    ---       #690
      00FF15C9H   LINE      ECODE    ---       #691
      00FF15DAH   LINE      ECODE    ---       #692
      00FF15E4H   LINE      ECODE    ---       #693
      00FF15E4H   LINE      ECODE    ---       #694
      00FF15E7H   LINE      ECODE    ---       #697
      00FF15F9H   LINE      ECODE    ---       #698
      00FF1609H   LINE      ECODE    ---       #700
      00FF161DH   LINE      ECODE    ---       #701
      00FF161FH   LINE      ECODE    ---       #703
      00FF1627H   LINE      ECODE    ---       #704
      00FF1643H   LINE      ECODE    ---       #705
      00FF1645H   LINE      ECODE    ---       #706
      00FF1656H   LINE      ECODE    ---       #707
      00FF1660H   LINE      ECODE    ---       #708
      00FF1662H   LINE      ECODE    ---       #711
      00FF1680H   LINE      ECODE    ---       #712
      00FF1682H   LINE      ECODE    ---       #714
      00FF168AH   LINE      ECODE    ---       #715
      00FF16A6H   LINE      ECODE    ---       #716
      00FF16A8H   LINE      ECODE    ---       #717
      00FF16B9H   LINE      ECODE    ---       #718
      00FF16C3H   LINE      ECODE    ---       #719
      00FF16C3H   LINE      ECODE    ---       #720
      00FF16C3H   LINE      ECODE    ---       #721
      00FF16C3H   LINE      ECODE    ---       #722
      ---         BLOCKEND  ---      ---       LVL=0

      00FF16C6H   BLOCK     ECODE    ---       LVL=0
      R14         REGSYM    ---      BYTE      x0
      R15         REGSYM    ---      BYTE      y0
      R6          REGSYM    ---      BYTE      R
      00FF16CCH   BLOCK     ECODE    NEAR LAB  LVL=1
      R13         REGSYM    ---      BYTE      xi
      R12         REGSYM    ---      BYTE      yi
      00010046H   SYMBOL    XDATA    BYTE      di
      ---         BLOCKEND  ---      ---       LVL=1
      00FF16C6H   LINE      ECODE    ---       #724
      00FF16CCH   LINE      ECODE    ---       #725
      00FF16CCH   LINE      ECODE    ---       #727
      00FF16D7H   LINE      ECODE    ---       #728
      00FF16D9H   LINE      ECODE    ---       #729
      00FF16DBH   LINE      ECODE    ---       #730
      00FF16DEH   LINE      ECODE    ---       #732
      00FF16F2H   LINE      ECODE    ---       #733
      00FF1706H   LINE      ECODE    ---       #734
      00FF1718H   LINE      ECODE    ---       #735
      00FF172AH   LINE      ECODE    ---       #736
      00FF173AH   LINE      ECODE    ---       #737
      00FF174AH   LINE      ECODE    ---       #738
      00FF175CH   LINE      ECODE    ---       #739
      00FF176EH   LINE      ECODE    ---       #740
      00FF1770H   LINE      ECODE    ---       #741
      00FF177BH   LINE      ECODE    ---       #743
      00FF1783H   LINE      ECODE    ---       #745
      00FF1785H   LINE      ECODE    ---       #747
      00FF1787H   LINE      ECODE    ---       #748
      00FF1795H   LINE      ECODE    ---       #749
      00FF1795H   LINE      ECODE    ---       #750
      00FF179CH   LINE      ECODE    ---       #751
L251 LINKER/LOCATER V4.66.93.0                                                        07/19/2023  00:24:25  PAGE 22


      ---         BLOCKEND  ---      ---       LVL=0

      00FF179FH   BLOCK     ECODE    ---       LVL=0
      00FF179FH   LINE      ECODE    ---       #760
      00FF179FH   LINE      ECODE    ---       #762
      00FF17A1H   LINE      ECODE    ---       #763
      00FF17A9H   LINE      ECODE    ---       #764
      00FF17ABH   LINE      ECODE    ---       #766
      00FF17B3H   LINE      ECODE    ---       #767
      00FF17BAH   LINE      ECODE    ---       #768
      00FF17C2H   LINE      ECODE    ---       #769
      00FF17CAH   LINE      ECODE    ---       #770
      00FF17D2H   LINE      ECODE    ---       #771
      00FF17DAH   LINE      ECODE    ---       #772
      00FF17E2H   LINE      ECODE    ---       #773
      00FF17EAH   LINE      ECODE    ---       #774
      00FF17F2H   LINE      ECODE    ---       #775
      00FF17FAH   LINE      ECODE    ---       #776
      00FF1802H   LINE      ECODE    ---       #777
      00FF180AH   LINE      ECODE    ---       #778
      00FF1811H   LINE      ECODE    ---       #779
      00FF1819H   LINE      ECODE    ---       #780
      00FF1821H   LINE      ECODE    ---       #781
      00FF1829H   LINE      ECODE    ---       #782
      00FF1831H   LINE      ECODE    ---       #783
      00FF1839H   LINE      ECODE    ---       #784
      00FF1841H   LINE      ECODE    ---       #785
      00FF1849H   LINE      ECODE    ---       #786
      00FF1851H   LINE      ECODE    ---       #787
      00FF1859H   LINE      ECODE    ---       #788
      00FF1861H   LINE      ECODE    ---       #789
      00FF1869H   LINE      ECODE    ---       #790
      00FF1871H   LINE      ECODE    ---       #791
      00FF1879H   LINE      ECODE    ---       #792
      00FF1881H   LINE      ECODE    ---       #793
      00FF1885H   LINE      ECODE    ---       #794
      ---         BLOCKEND  ---      ---       LVL=0

      ---         MODULE    ---      ---       USART
      00FF1D7DH   PUBLIC    ECODE    ---       SendByte?
      00FF1D6AH   PUBLIC    ECODE    ---       UartInit?
      00FF1D86H   PUBLIC    ECODE    ---       putchar?
      000000D0H   SFRSYM    DATA     BYTE      PSW
      0000009DH   SFRSYM    DATA     BYTE      IRCBAND
      00000097H   SFRSYM    DATA     BYTE      AUXR2
      000000EFH   SFRSYM    DATA     BYTE      AUXINTIF
      000000FDH   SFRSYM    DATA     BYTE      S4CON
      000000ACH   SFRSYM    DATA     BYTE      S3CON
      0000009AH   SFRSYM    DATA     BYTE      S2CON
      000000B7H   SFRSYM    DATA     BYTE      IPH
      000000CDH   SFRSYM    DATA     BYTE      SPSTAT
      000000DDH   SFRSYM    DATA     BYTE      T4T3M
      000000C1H   SFRSYM    DATA     BYTE      WDT_CONTR
      000000D7H   SFRSYM    DATA     BYTE      T2L
      000000D6H   SFRSYM    DATA     BYTE      T2H
      000000DFH   SFRSYM    DATA     BYTE      IP3
      000000F4H   SFRSYM    DATA     BYTE      USBCON
      000000B5H   SFRSYM    DATA     BYTE      IP2
      000000FFH   SFRSYM    DATA     BYTE      RSTCFG
      000000C7H   SFRSYM    DATA     BYTE      IAP_CONTR
      000000F9H   SFRSYM    DATA     BYTE      LINICR
      0000008EH   SFRSYM    DATA     BYTE      AUXR
      000000AFH   SFRSYM    DATA     BYTE      IE2
      00000088H   SFRSYM    DATA     BYTE      TCON
      00000089H   SFRSYM    DATA     BYTE      TMOD
L251 LINKER/LOCATER V4.66.93.0                                                        07/19/2023  00:24:25  PAGE 23


      00000098H   SFRSYM    DATA     BYTE      SCON
      000000F1H   SFRSYM    DATA     BYTE      CANICR
      00000087H   SFRSYM    DATA     BYTE      PCON
      00000099H   SFRSYM    DATA     BYTE      SBUF
      000000BCH   SFRSYM    DATA     BYTE      ADC_CONTR
      000000E7H   SFRSYM    DATA     BYTE      CMPCR2
      000000E6H   SFRSYM    DATA     BYTE      CMPCR1
      00000098H.1 SFRSYM    DATA     BIT       TI
      000000DEH   SFRSYM    DATA     BYTE      ADCCFG
      000000B8H   SFRSYM    DATA     BYTE      IP
      0000008FH   SFRSYM    DATA     BYTE      INTCLKO
      000000EEH   SFRSYM    DATA     BYTE      IP3H
      000000B6H   SFRSYM    DATA     BYTE      IP2H
      000000A8H   SFRSYM    DATA     BYTE      IE
      000000BBH   SFRSYM    DATA     BYTE      P_SW3
      000000BAH   SFRSYM    DATA     BYTE      P_SW2
      000000A2H   SFRSYM    DATA     BYTE      P_SW1
      000000CEH   SFRSYM    DATA     BYTE      SPCTL
      000000F8H   SFRSYM    DATA     BYTE      P7
      000000E8H   SFRSYM    DATA     BYTE      P6
      000000C8H   SFRSYM    DATA     BYTE      P5
      000000C0H   SFRSYM    DATA     BYTE      P4
      000000B0H   SFRSYM    DATA     BYTE      P3
      000000A0H   SFRSYM    DATA     BYTE      P2
      00000090H   SFRSYM    DATA     BYTE      P1
      00000080H   SFRSYM    DATA     BYTE      P0

      00FF1D6AH   BLOCK     ECODE    ---       LVL=0
      00FF1D6AH   LINE      ECODE    ---       #3
      00FF1D6AH   LINE      ECODE    ---       #5
      00FF1D6DH   LINE      ECODE    ---       #6
      00FF1D70H   LINE      ECODE    ---       #7
      00FF1D73H   LINE      ECODE    ---       #8
      00FF1D76H   LINE      ECODE    ---       #9
      00FF1D79H   LINE      ECODE    ---       #10
      00FF1D7CH   LINE      ECODE    ---       #11
      ---         BLOCKEND  ---      ---       LVL=0

      00FF1D7DH   BLOCK     ECODE    ---       LVL=0
      R11         REGSYM    ---      BYTE      dat
      00FF1D7DH   LINE      ECODE    ---       #13
      00FF1D7DH   LINE      ECODE    ---       #15
      00FF1D80H   LINE      ECODE    ---       #16
      00FF1D83H   LINE      ECODE    ---       #17
      00FF1D85H   LINE      ECODE    ---       #18
      ---         BLOCKEND  ---      ---       LVL=0

      00FF1D86H   BLOCK     ECODE    ---       LVL=0
      R15         REGSYM    ---      CHAR      character_string
      00FF1D86H   LINE      ECODE    ---       #20
      00FF1D88H   LINE      ECODE    ---       #22
      00FF1D8CH   LINE      ECODE    ---       #23
      00FF1D8CH   LINE      ECODE    ---       #24
      ---         BLOCKEND  ---      ---       LVL=0

      ---         MODULE    ---      ---       ?C_START?
      00FF0000H   PUBLIC    CODE     ---       ?C?STARTUP?
      00FF0000H   PUBLIC    CODE     ---       ?C_STARTUP?

      ---         MODULE    ---      ---       ?C?INITHDATA
      00FF0874H   PUBLIC    CODE     ---       ?C?INITHDATA

      ---         MODULE    ---      ---       ?C?SIDIV?
      00FF1CD4H   PUBLIC    ECODE    ---       ?C?SIDIV?

L251 LINKER/LOCATER V4.66.93.0                                                        07/19/2023  00:24:25  PAGE 24


      ---         MODULE    ---      ---       ?C?LMUL?
      00FF1D06H   PUBLIC    ECODE    ---       ?C?LMUL?

      ---         MODULE    ---      ---       ?C?ULDIV?
      00FF1D19H   PUBLIC    ECODE    FAR LAB   ?C?ULDIV?
      00FF1D17H   PUBLIC    ECODE    FAR LAB   ?C?ULIDIV?

      ---         MODULE    ---      ---       ?C?INITHDATA_END
      00FF1DAEH   PUBLIC    HCONST   WORD      ?C?INITHDATA_END



*** WARNING L16: UNCALLED SEGMENT, IGNORED FOR OVERLAY PROCESS
    NAME:    OLED_ColorTurn?/oled

*** WARNING L16: UNCALLED SEGMENT, IGNORED FOR OVERLAY PROCESS
    NAME:    OLED_DisplayTurn?/oled

*** WARNING L16: UNCALLED SEGMENT, IGNORED FOR OVERLAY PROCESS
    NAME:    OLED_Display_On?/oled

*** WARNING L16: UNCALLED SEGMENT, IGNORED FOR OVERLAY PROCESS
    NAME:    OLED_Display_Off?/oled

*** WARNING L16: UNCALLED SEGMENT, IGNORED FOR OVERLAY PROCESS
    NAME:    OLED_ShowNum?/oled

*** WARNING L16: UNCALLED SEGMENT, IGNORED FOR OVERLAY PROCESS
    NAME:    OLED_ShowString?/oled

*** WARNING L16: UNCALLED SEGMENT, IGNORED FOR OVERLAY PROCESS
    NAME:    OLED_ShowChinese?/oled

*** WARNING L16: UNCALLED SEGMENT, IGNORED FOR OVERLAY PROCESS
    NAME:    OLED_DrawBMP?/oled

*** WARNING L16: UNCALLED SEGMENT, IGNORED FOR OVERLAY PROCESS
    NAME:    Clear?/oled

*** WARNING L16: UNCALLED SEGMENT, IGNORED FOR OVERLAY PROCESS
    NAME:    Draw_Rectangle?/oled

*** WARNING L16: UNCALLED SEGMENT, IGNORED FOR OVERLAY PROCESS
    NAME:    OLED_DrawLine?/oled

*** WARNING L16: UNCALLED SEGMENT, IGNORED FOR OVERLAY PROCESS
    NAME:    Draw_dimond?/oled

*** WARNING L16: UNCALLED SEGMENT, IGNORED FOR OVERLAY PROCESS
    NAME:    putchar?/USART

Program Size: data=8.1 edata+hdata=256 xdata=71 const=33 code=7567
L251 RUN COMPLETE.  13 WARNING(S),  0 ERROR(S)
