L251 LINKER/LOCATER V4.66.93.0                                                          07/13/2023  23:54:08  PAGE 1


L251 LINKER/LOCATER V4.66.93.0, INVOKED BY:
C:\KEIL_V5\C251\BIN\L251.EXE .\Objects\main.obj, .\Objects\USART.obj, .\Objects\Soft_I2C.obj, .\Objects\MPU6050.obj, .\O
>> bjects\DMP.obj, .\Objects\oled.obj TO .\Objects\printf PRINT (.\Listings\printf.map) CASE CLASSES (EDATA (0X0-0XFFF),
>>  HDATA (0X0-0XFFF))


CPU MODE:     251 SOURCE MODE
MEMORY MODEL: LARGE WITH FLOATING POINT ARITHMETIC


INPUT MODULES INCLUDED:
  .\Objects\main.obj (main)
         COMMENT TYPE 0: C251 V5.60.0
  .\Objects\USART.obj (USART)
         COMMENT TYPE 0: C251 V5.60.0
  .\Objects\Soft_I2C.obj (Soft_I2C)
         COMMENT TYPE 0: C251 V5.60.0
  .\Objects\MPU6050.obj (MPU6050)
         COMMENT TYPE 0: C251 V5.60.0
  .\Objects\DMP.obj (DMP)
         COMMENT TYPE 0: C251 V5.60.0
  .\Objects\oled.obj (oled)
         COMMENT TYPE 0: C251 V5.60.0
  C:\KEIL_V5\C251\LIB\C2SFPL.LIB (?C?FPADD?)
         COMMENT TYPE 0: A251 V4.69.6.0
  C:\KEIL_V5\C251\LIB\C2SFPL.LIB (?C?FPMUL?)
         COMMENT TYPE 0: A251 V4.69.6.0
  C:\KEIL_V5\C251\LIB\C2SFPL.LIB (?C?FPDIV?)
         COMMENT TYPE 0: A251 V4.69.6.0
  C:\KEIL_V5\C251\LIB\C2SFPL.LIB (?C?FCAST?)
         COMMENT TYPE 0: A251 V4.69.6.0
  C:\KEIL_V5\C251\LIB\C2SFPL.LIB (?C?CASTF?)
         COMMENT TYPE 0: A251 V4.69.6.0
  C:\KEIL_V5\C251\LIB\C2SFPL.LIB (PRINTF?)
         COMMENT TYPE 0: A251 V4.69.6.0
  C:\KEIL_V5\C251\LIB\C2SFPL.LIB (SPRINTF?)
         COMMENT TYPE 0: A251 V4.69.6.0
  C:\KEIL_V5\C251\LIB\C2SFPL.LIB (ASIN??)
         COMMENT TYPE 0: A251 V4.69.6.0
  C:\KEIL_V5\C251\LIB\C2SFPL.LIB (?C?FPGETOPN?)
         COMMENT TYPE 0: A251 V4.69.6.0
  C:\KEIL_V5\C251\LIB\C2SFPL.LIB (?C?PRNFMT?)
         COMMENT TYPE 0: A251 V4.69.6.0
  C:\KEIL_V5\C251\LIB\C2SFPL.LIB (SQRT??)
         COMMENT TYPE 0: A251 V4.69.6.0
  C:\KEIL_V5\C251\LIB\C2SFPL.LIB (ATAN??)
         COMMENT TYPE 0: A251 V4.69.6.0
  C:\KEIL_V5\C251\LIB\C2SFPL.LIB (?C?FPCONVERT?)
         COMMENT TYPE 0: A251 V4.69.6.0
  C:\KEIL_V5\C251\LIB\C2SFPL.LIB (?C?FPSERIES?)
         COMMENT TYPE 0: A251 V4.69.6.0
  C:\KEIL_V5\C251\LIB\C2SFPL.LIB (?C?FTNPWR?)
         COMMENT TYPE 0: A251 V4.69.6.0
  C:\KEIL_V5\C251\LIB\C2SL.LIB (?C_START?)
         COMMENT TYPE 0: A251 V4.69.6.0
  C:\KEIL_V5\C251\LIB\C2SL.LIB (?C?SIDIV?)
         COMMENT TYPE 0: A251 V4.69.6.0
  C:\KEIL_V5\C251\LIB\C2SL.LIB (?C?LMUL?)
         COMMENT TYPE 0: A251 V4.69.6.0
  C:\KEIL_V5\C251\LIB\C2SL.LIB (?C?ULDIV?)
         COMMENT TYPE 0: A251 V4.69.6.0


ACTIVE MEMORY CLASSES OF MODULE:  .\Objects\printf (main)

BASE        START       END         USED      MEMORY CLASS
L251 LINKER/LOCATER V4.66.93.0                                                        07/13/2023  23:54:08  PAGE 2


==========================================================
000000H     000000H     000FFFH     000100H   EDATA
000000H     000000H     000FFFH               HDATA
000000H     FF0000H     FFFFFFH     000009H   HCONST
000000H     FF0000H     FFFFFFH     001E70H   ECODE
010000H     010000H     01FFFFH     0000D6H   XDATA
FF0000H     FF0000H     FFFFFFH     00118AH   CODE
000000H     000000H     00007FH     000008H   DATA


MEMORY MAP OF MODULE:  .\Objects\printf (main)


START     STOP      LENGTH    ALIGN  RELOC    MEMORY CLASS   SEGMENT NAME
=========================================================================
000000H   000007H   000008H   ---    AT..     DATA           "REG BANK 0"
000008H   000107H   000100H   BYTE   UNIT     EDATA          ?STACK
000108H   00FFFFH   00FEF8H   ---    ---      **GAP**
010000H   01003DH   00003EH   BYTE   INSEG    XDATA          ?XD?MAIN
01003EH   01007AH   00003DH   BYTE   INSEG    XDATA          ?XD?DMP
01007BH   0100A2H   000028H   BYTE   UNIT     XDATA          _XDATA_GROUP_
0100A3H   0100B0H   00000EH   BYTE   UNIT     XDATA          ?XD?MPU_GET_GYROSCOPE??MPU6050
0100B1H   0100BEH   00000EH   BYTE   UNIT     XDATA          ?XD?MPU_GET_ACCELEROMETER??MPU6050
0100BFH   0100C6H   000008H   BYTE   UNIT     XDATA          ?XD?OLED_SHOWNUM??OLED
0100C7H   0100CEH   000008H   BYTE   UNIT     XDATA          ?XD?OLED_DRAWBMP??OLED
0100CFH   0100D2H   000004H   BYTE   UNIT     XDATA          ?XD?OLED_SHOWCHINESE??OLED
0100D3H   0100D4H   000002H   BYTE   UNIT     XDATA          ?XD?MPU_GET_TEMPERATURE??MPU6050
0100D5H   0100D5H   000001H   BYTE   UNIT     XDATA          ?XD?MPU_READ_BYTE??MPU6050
0100D6H   FEFFFFH   FDFF2AH   ---    ---      **GAP**
FF0000H   FF0002H   000003H   ---    OFFS..   CODE           ?CO?start251?4
FF0003H   FF08FAH   0008F8H   BYTE   UNIT     CODE           ?CO?OLED
FF08FBH   FF1172H   000878H   BYTE   UNIT     CODE           ?CO?DMP
FF1173H   FF1185H   000013H   BYTE   UNIT     CODE           ?C_C51STARTUP
FF1186H   FF1189H   000004H   BYTE   UNIT     CODE           ?C_C51STARTUP?3
FF118AH   FF1CA7H   000B1EH   BYTE   INSEG    ECODE          ?C?LIB_CODE?
FF1CA8H   FF227DH   0005D6H   BYTE   INSEG    ECODE          ?PR?OLED
FF227EH   FF284AH   0005CDH   BYTE   INSEG    ECODE          ?PR?DMP
FF284BH   FF2C04H   0003BAH   BYTE   INSEG    ECODE          ?PR?SOFT_I2C
FF2C05H   FF2EEEH   0002EAH   BYTE   INSEG    ECODE          ?PR?MPU6050
FF2EEFH   FF2FD4H   0000E6H   BYTE   INSEG    ECODE          ?PR?MAIN
FF2FD5H   FF2FF9H   000025H   BYTE   INSEG    ECODE          ?PR?USART
FF2FFAH   FF2FFEH   000005H   BYTE   UNIT     HCONST         ?HC?MAIN
FF2FFFH   FF3002H   000004H   BYTE   INSEG    HCONST         ?HC?PRINTF



OVERLAY MAP OF MODULE:   .\Objects\printf (main)


FUNCTION/MODULE                  XDATA_GROUP
--> CALLED FUNCTION/MODULE       START  STOP
============================================
?C_C51STARTUP                    ----- -----

*** NEW ROOT *******************

?C_C51STARTUP?3                  ----- -----
  +--> main?/main

main?/main                       ----- -----
  +--> OLED_Init?/oled
  +--> MPU6050_DMP_Init?/DMP
  +--> UartInit?/USART
  +--> MPU6050_Refresh_DMP?/DMP
  +--> SPRINTF?/SPRINTF?
L251 LINKER/LOCATER V4.66.93.0                                                        07/13/2023  23:54:08  PAGE 3


  +--> OLED_ShowString?/oled
  +--> PRINTF?/PRINTF?

OLED_Init?/oled                  ----- -----
  +--> delay_ms?/oled
  +--> OLED_WR_Byte?/oled
  +--> OLED_Clear?/oled

delay_ms?/oled                   ----- -----

OLED_WR_Byte?/oled               ----- -----

OLED_Clear?/oled                 ----- -----
  +--> OLED_WR_Byte?/oled

MPU6050_DMP_Init?/DMP            ----- -----
  +--> initMPU6050?/DMP
  +--> getDeviceID?/DMP
  +--> dmpInitialize?/DMP
  +--> MPU_Write_Bit?/MPU6050

initMPU6050?/DMP                 ----- -----
  +--> MPU_Write_Bits?/MPU6050
  +--> MPU_Write_Bit?/MPU6050

MPU_Write_Bits?/MPU6050          ----- -----
  +--> i2c_write_bits?/Soft_I2C

i2c_write_bits?/Soft_I2C         0081H 0082H
  +--> i2c_mem_read?/Soft_I2C
  +--> i2c_mem_write?/Soft_I2C

i2c_mem_read?/Soft_I2C           0086H 0089H
  +--> i2c_start?/Soft_I2C
  +--> i2c_write_byte?/Soft_I2C
  +--> i2c_wait_ack?/Soft_I2C
  +--> i2c_read_byte?/Soft_I2C
  +--> i2c_stop?/Soft_I2C

i2c_start?/Soft_I2C              ----- -----
  +--> I2C_SDA_H?/Soft_I2C
  +--> I2C_SCL_H?/Soft_I2C
  +--> i2c_delay?/Soft_I2C
  +--> I2C_SDA_L?/Soft_I2C
  +--> I2C_SCL_L?/Soft_I2C

I2C_SDA_H?/Soft_I2C              ----- -----

I2C_SCL_H?/Soft_I2C              ----- -----

i2c_delay?/Soft_I2C              ----- -----

I2C_SDA_L?/Soft_I2C              ----- -----

I2C_SCL_L?/Soft_I2C              ----- -----

i2c_write_byte?/Soft_I2C         ----- -----
  +--> I2C_SCL_L?/Soft_I2C
  +--> I2C_SDA_H?/Soft_I2C
  +--> I2C_SDA_L?/Soft_I2C
  +--> i2c_delay?/Soft_I2C
  +--> I2C_SCL_H?/Soft_I2C

i2c_wait_ack?/Soft_I2C           ----- -----
  +--> I2C_SCL_H?/Soft_I2C
L251 LINKER/LOCATER V4.66.93.0                                                        07/13/2023  23:54:08  PAGE 4


  +--> i2c_delay?/Soft_I2C
  +--> i2c_timeout_delay?/Soft_I2C
  +--> i2c_stop?/Soft_I2C
  +--> I2C_SDA_Read?/Soft_I2C
  +--> I2C_SCL_L?/Soft_I2C

i2c_timeout_delay?/Soft_I2C      ----- -----

i2c_stop?/Soft_I2C               ----- -----
  +--> I2C_SDA_L?/Soft_I2C
  +--> I2C_SCL_H?/Soft_I2C
  +--> i2c_delay?/Soft_I2C
  +--> I2C_SDA_H?/Soft_I2C

I2C_SDA_Read?/Soft_I2C           ----- -----

i2c_read_byte?/Soft_I2C          ----- -----
  +--> I2C_SCL_L?/Soft_I2C
  +--> i2c_delay?/Soft_I2C
  +--> I2C_SCL_H?/Soft_I2C
  +--> I2C_SDA_Read?/Soft_I2C
  +--> i2c_nack?/Soft_I2C
  +--> i2c_ack?/Soft_I2C

i2c_nack?/Soft_I2C               ----- -----
  +--> I2C_SCL_L?/Soft_I2C
  +--> I2C_SDA_H?/Soft_I2C
  +--> i2c_delay?/Soft_I2C
  +--> I2C_SCL_H?/Soft_I2C

i2c_ack?/Soft_I2C                ----- -----
  +--> I2C_SCL_L?/Soft_I2C
  +--> I2C_SDA_L?/Soft_I2C
  +--> i2c_delay?/Soft_I2C
  +--> I2C_SCL_H?/Soft_I2C
  +--> I2C_SDA_H?/Soft_I2C

i2c_mem_write?/Soft_I2C          0084H 0087H
  +--> i2c_start?/Soft_I2C
  +--> i2c_write_byte?/Soft_I2C
  +--> i2c_wait_ack?/Soft_I2C
  +--> i2c_stop?/Soft_I2C

MPU_Write_Bit?/MPU6050           ----- -----
  +--> i2c_write_bit?/Soft_I2C

i2c_write_bit?/Soft_I2C          0081H 0081H
  +--> i2c_mem_read?/Soft_I2C
  +--> i2c_mem_write?/Soft_I2C

getDeviceID?/DMP                 007BH 007BH
  +--> MPU_Read_Bits?/MPU6050

MPU_Read_Bits?/MPU6050           ----- -----
  +--> i2c_read_bits?/Soft_I2C

i2c_read_bits?/Soft_I2C          0081H 0085H
  +--> i2c_mem_read?/Soft_I2C

dmpInitialize?/DMP               007BH 0080H
  +--> MPU_Write_Bit?/MPU6050
  +--> MPU_Delay_Ms?/MPU6050
  +--> MPU_Write_Byte?/MPU6050
  +--> MPU_Read_Len?/MPU6050
  +--> MPU_Read_Bit?/MPU6050
L251 LINKER/LOCATER V4.66.93.0                                                        07/13/2023  23:54:08  PAGE 5


  +--> MPU_Read_Bits?/MPU6050
  +--> loadfirmware?/DMP
  +--> loadcfgupd?/DMP
  +--> MPU_Write_Bits?/MPU6050
  +--> xdmpUpdates?/DMP
  +--> getFIFOCount?/DMP

MPU_Delay_Ms?/MPU6050            ----- -----
  +--> Delay1ms?/MPU6050

Delay1ms?/MPU6050                ----- -----

MPU_Write_Byte?/MPU6050          0083H 0083H
  +--> i2c_mem_write?/Soft_I2C

MPU_Read_Len?/MPU6050            ----- -----
  +--> i2c_mem_read?/Soft_I2C

MPU_Read_Bit?/MPU6050            ----- -----
  +--> i2c_read_bit?/Soft_I2C

i2c_read_bit?/Soft_I2C           0081H 0082H
  +--> i2c_mem_read?/Soft_I2C

loadfirmware?/DMP                0081H 0082H
  +--> MPU_Write_Byte?/MPU6050
  +--> MPU_Write_Len?/MPU6050

MPU_Write_Len?/MPU6050           ----- -----
  +--> i2c_mem_write?/Soft_I2C

loadcfgupd?/DMP                  0081H 0082H
  +--> MPU_Write_Byte?/MPU6050
  +--> MPU_Write_Len?/MPU6050

xdmpUpdates?/DMP                 ----- -----
  +--> MPU_Write_Byte?/MPU6050
  +--> MPU_Write_Len?/MPU6050

getFIFOCount?/DMP                0081H 0082H
  +--> MPU_Read_Len?/MPU6050

UartInit?/USART                  ----- -----

MPU6050_Refresh_DMP?/DMP         ----- -----
  +--> getFIFOCount?/DMP
  +--> MPU_Read_Len?/MPU6050
  +--> MPU_Write_Bit?/MPU6050
  +--> readdmp?/DMP

readdmp?/DMP                     ----- -----
  +--> MPU_Read_Len?/MPU6050

SPRINTF?/SPRINTF?                007BH 00A2H
  +--> OUT/SPRINTF?

OUT/SPRINTF?                     ----- -----
  +--> PUTCH/SPRINTF?

PUTCH/SPRINTF?                   ----- -----

OLED_ShowString?/oled            007BH 007EH
  +--> OLED_ShowChar?/oled

OLED_ShowChar?/oled              007FH 0083H
L251 LINKER/LOCATER V4.66.93.0                                                        07/13/2023  23:54:08  PAGE 6


  +--> OLED_Set_Pos?/oled
  +--> OLED_WR_Byte?/oled

OLED_Set_Pos?/oled               ----- -----
  +--> OLED_WR_Byte?/oled

PRINTF?/PRINTF?                  007BH 00A2H
  +--> OUT/PRINTF?

OUT/PRINTF?                      ----- -----
  +--> PUTCH/PRINTF?

PUTCH/PRINTF?                    ----- -----
  +--> putchar?/USART
  +--> OUT/PRINTF?

putchar?/USART                   ----- -----
  +--> SendByte?/USART

SendByte?/USART                  ----- -----



PUBLIC SYMBOLS OF MODULE:  .\Objects\printf (main)


      VALUE       CLASS    TYPE      PUBLIC SYMBOL NAME
      =================================================
      00FF13A6H   ECODE    FAR LAB   ?C?CASTF?
      000000FFH   NUMBER   ---       ?C?CODESEG
      00FF1373H   ECODE    FAR LAB   ?C?FCASTC?
      00FF136EH   ECODE    FAR LAB   ?C?FCASTI?
      00FF1369H   ECODE    FAR LAB   ?C?FCASTL?
      00FF1B7AH   ECODE    ---       ?C?FP2SERIES?
      00FF1190H   ECODE    ---       ?C?FPADD?
      00FF1A7DH   ECODE    ---       ?C?FPCONVERT?
      00FF12E8H   ECODE    ---       ?C?FPDIV?
      00FF1455H   ECODE    ---       ?C?FPGETOPN2?
      00FF1248H   ECODE    ---       ?C?FPMUL?
      00FF1492H   ECODE    ---       ?C?FPNANRESULT?
      00FF149AH   ECODE    ---       ?C?FPOVERFLOW?
      00FF1484H   ECODE    ---       ?C?FPRESULT2?
      00FF146EH   ECODE    ---       ?C?FPRESULT?
      00FF1B37H   ECODE    ---       ?C?FPROUND?
      00FF1B84H   ECODE    ---       ?C?FPSERIES?
      00FF118DH   ECODE    ---       ?C?FPSUB?
      00FF1497H   ECODE    ---       ?C?FPUNDERFLOW?
      00FF1BDAH   ECODE    ---       ?C?FTNPWR?
      00FF1C44H   ECODE    ---       ?C?LMUL?
      00FF14D3H   ECODE    ---       ?C?PRNFMT?
      00FF1C12H   ECODE    ---       ?C?SIDIV?
      00FF0000H   CODE     ---       ?C?STARTUP?
      00FF1C57H   ECODE    FAR LAB   ?C?ULDIV?
      00FF1C55H   ECODE    FAR LAB   ?C?ULIDIV?
      00000001H   NUMBER   ---       ?C?XDATASEG
      00FF0000H   CODE     ---       ?C_STARTUP?
      000100ADH   XDATA    BYTE      ?MPU_Get_Accelerometer??BYTE
      0001009FH   XDATA    BYTE      ?MPU_Get_Gyroscope??BYTE
      000100A3H   XDATA    ---       ?printf??BYTE
      000100A3H   XDATA    ---       ?sprintf??BYTE
*SFR* 000000BCH   DATA     BYTE      ADC_CONTR
*SFR* 000000DEH   DATA     BYTE      ADCCFG
      00FF0003H   CODE     ---       asc2_0806
      00FF022BH   CODE     ---       asc2_1608
      00FF1430H   ECODE    ---       asin??
L251 LINKER/LOCATER V4.66.93.0                                                        07/13/2023  23:54:08  PAGE 7


      00FF1994H   ECODE    ---       ATAN??
*SFR* 000000EFH   DATA     BYTE      AUXINTIF
*SFR* 0000008EH   DATA     BYTE      AUXR
*SFR* 00000097H   DATA     BYTE      AUXR2
*SFR* 000000F1H   DATA     BYTE      CANICR
*SFR* 000000EAH   DATA     BYTE      CKCON
*SFR* 000000E6H   DATA     BYTE      CMPCR1
*SFR* 000000E7H   DATA     BYTE      CMPCR2
      00FF2C05H   ECODE    ---       Delay1ms?
      00FF1CA8H   ECODE    ---       delay_ms?
      00FF092AH   CODE     ---       dmpcfgupddata
      0001004EH   XDATA    ---       dmpdatas
      00FF243CH   ECODE    ---       dmpInitialize?
      00FF09EAH   CODE     ---       dmpmemorydata
      00FF08FBH   CODE     ---       dmpUpdates
*SFR* 000000BAH.7 DATA     BIT       EAXFR
      00FF26E9H   ECODE    ---       getDeviceID?
      00FF240AH   ECODE    ---       getFIFOCount?
      00FF081BH   CODE     ---       Hzk
      00FF288AH   ECODE    ---       i2c_ack?
      00FF284CH   ECODE    ---       i2c_delay?
      00FF29D7H   ECODE    ---       i2c_mem_read?
      00FF296BH   ECODE    ---       i2c_mem_write?
      00FF28A6H   ECODE    ---       i2c_nack?
      00FF2B4DH   ECODE    ---       i2c_read_bit?
      00FF2B8DH   ECODE    ---       i2c_read_bits?
      00FF292BH   ECODE    ---       i2c_read_byte?
*SFR* 000000C0H.7 DATA     BIT       I2C_SCL
      00FF284DH   ECODE    ---       I2C_SCL_H?
      00FF2850H   ECODE    ---       I2C_SCL_L?
*SFR* 000000A0H.0 DATA     BIT       I2C_SDA
      00FF2853H   ECODE    ---       I2C_SDA_H?
      00FF2856H   ECODE    ---       I2C_SDA_L?
      00FF2859H   ECODE    ---       I2C_SDA_Read?
      00FF285EH   ECODE    ---       i2c_start?
      00FF2876H   ECODE    ---       i2c_stop?
      00FF284BH   ECODE    ---       i2c_timeout_delay?
      00FF28BEH   ECODE    ---       i2c_wait_ack?
      00FF2A62H   ECODE    ---       i2c_write_bit?
      00FF2ACEH   ECODE    ---       i2c_write_bits?
      00FF28EEH   ECODE    ---       i2c_write_byte?
*SFR* 000000C7H   DATA     BYTE      IAP_CONTR
*SFR* 000000A8H   DATA     BYTE      IE
*SFR* 000000AFH   DATA     BYTE      IE2
      00FF26B2H   ECODE    ---       initMPU6050?
*SFR* 0000008FH   DATA     BYTE      INTCLKO
*SFR* 000000B8H   DATA     BYTE      IP
*SFR* 000000B5H   DATA     BYTE      IP2
*SFR* 000000B6H   DATA     BYTE      IP2H
*SFR* 000000DFH   DATA     BYTE      IP3
*SFR* 000000EEH   DATA     BYTE      IP3H
*SFR* 000000B7H   DATA     BYTE      IPH
*SFR* 0000009DH   DATA     BYTE      IRCBAND
*SFR* 000000F9H   DATA     BYTE      LINICR
      00FF230AH   ECODE    ---       loadcfgupd?
      00FF227EH   ECODE    ---       loadfirmware?
      00FF2EEFH   ECODE    ---       main?
      00FF270EH   ECODE    ---       MPU6050_DMP_Init?
      00FF2736H   ECODE    ---       MPU6050_Refresh_DMP?
      00FF2C10H   ECODE    ---       MPU_Delay_Ms?
      00FF2E7AH   ECODE    ---       MPU_Get_Accelerometer?
      00FF2E05H   ECODE    ---       MPU_Get_Gyroscope?
      00FF2DBAH   ECODE    ---       MPU_Get_Temperature?
      00FF2CA8H   ECODE    ---       MPU_Init?
      00FF2C90H   ECODE    ---       MPU_Read_Bit?
L251 LINKER/LOCATER V4.66.93.0                                                        07/13/2023  23:54:08  PAGE 8


      00FF2C9AH   ECODE    ---       MPU_Read_Bits?
      00FF2C59H   ECODE    ---       MPU_Read_Byte?
      00FF2C31H   ECODE    ---       MPU_Read_Len?
      00FF2D33H   ECODE    ---       MPU_Set_Accel_Fsr?
      00FF2D1FH   ECODE    ---       MPU_Set_Gyro_Fsr?
      00FF2D47H   ECODE    ---       MPU_Set_LPF?
      00FF2D89H   ECODE    ---       MPU_Set_Rate?
      00FF2C74H   ECODE    ---       MPU_Write_Bit?
      00FF2C82H   ECODE    ---       MPU_Write_Bits?
      00FF2C3DH   ECODE    ---       MPU_Write_Byte?
      00FF2C25H   ECODE    ---       MPU_Write_Len?
      00FF1D96H   ECODE    ---       OLED_Clear?
      00FF1CBFH   ECODE    ---       OLED_ColorTurn?
*SFR* 000000C0H.4 DATA     BIT       OLED_CS
*SFR* 000000C0H.3 DATA     BIT       OLED_DC
      00FF1D7EH   ECODE    ---       OLED_Display_Off?
      00FF1D66H   ECODE    ---       OLED_Display_On?
      00FF1CDFH   ECODE    ---       OLED_DisplayTurn?
      00FF20DEH   ECODE    ---       OLED_DrawBMP?
      00FF2190H   ECODE    ---       OLED_Init?
      00FF1EB1H   ECODE    ---       oled_pow?
*SFR* 000000C0H.2 DATA     BIT       OLED_RES
*SFR* 000000C0H.0 DATA     BIT       OLED_SCL
*SFR* 000000C0H.1 DATA     BIT       OLED_SDA
      00FF1D3AH   ECODE    ---       OLED_Set_Pos?
      00FF1DD0H   ECODE    ---       OLED_ShowChar?
      00FF204FH   ECODE    ---       OLED_ShowChinese?
      00FF1ECCH   ECODE    ---       OLED_ShowNum?
      00FF1FD3H   ECODE    ---       OLED_ShowString?
      00FF1D0FH   ECODE    ---       OLED_WR_Byte?
*SFR* 00000080H   DATA     BYTE      P0
*SFR* 00000090H   DATA     BYTE      P1
*SFR* 000000A0H   DATA     BYTE      P2
*SFR* 00000096H   DATA     BYTE      P2M0
*SFR* 00000095H   DATA     BYTE      P2M1
*SFR* 000000B0H   DATA     BYTE      P3
*SFR* 000000C0H   DATA     BYTE      P4
*SFR* 000000B4H   DATA     BYTE      P4M0
*SFR* 000000B3H   DATA     BYTE      P4M1
*SFR* 000000C8H   DATA     BYTE      P5
*SFR* 000000E8H   DATA     BYTE      P6
*SFR* 000000F8H   DATA     BYTE      P7
*SFR* 000000A2H   DATA     BYTE      P_SW1
*SFR* 000000BAH   DATA     BYTE      P_SW2
*SFR* 000000BBH   DATA     BYTE      P_SW3
*SFR* 00000087H   DATA     BYTE      PCON
      0001003AH   XDATA    FLOAT     Pitch
      00FF13E3H   ECODE    FAR LAB   printf?
*SFR* 000000D0H   DATA     BYTE      PSW
      00FF2FF1H   ECODE    ---       putchar?
      0001003EH   XDATA    ---       Q
      00FF242CH   ECODE    ---       readdmp?
      00010000H   XDATA    FLOAT     Roll
*SFR* 000000FFH   DATA     BYTE      RSTCFG
*SFR* 0000009AH   DATA     BYTE      S2CON
*SFR* 000000ACH   DATA     BYTE      S3CON
*SFR* 000000FDH   DATA     BYTE      S4CON
*SFR* 00000099H   DATA     BYTE      SBUF
*SFR* 00000098H   DATA     BYTE      SCON
      00FF2FE8H   ECODE    ---       SendByte?
*SFR* 000000CEH   DATA     BYTE      SPCTL
      00FF1410H   ECODE    FAR LAB   sprintf?
*SFR* 000000CDH   DATA     BYTE      SPSTAT
      00FF18E2H   ECODE    ---       SQRT??
*SFR* 000000D6H   DATA     BYTE      T2H
L251 LINKER/LOCATER V4.66.93.0                                                        07/13/2023  23:54:08  PAGE 9


*SFR* 000000D7H   DATA     BYTE      T2L
*SFR* 000000DDH   DATA     BYTE      T4T3M
*SFR* 00000088H   DATA     BYTE      TCON
*SFR* 00000098H.1 DATA     BIT       TI
*SFR* 00000089H   DATA     BYTE      TMOD
      00FF2FD5H   ECODE    ---       UartInit?
*SFR* 000000F4H   DATA     BYTE      USBCON
*SFR* 000000C1H   DATA     BYTE      WDT_CONTR
*SFR* 000000E9H   DATA     BYTE      WTST
      00010008H   XDATA    ---       x_angle
      00FF23ACH   ECODE    ---       xdmpUpdates?
      00010004H   XDATA    FLOAT     Yaw



SYMBOL TABLE OF MODULE:  .\Objects\printf (main)

      VALUE       REP       CLASS    TYPE      SYMBOL NAME
      ====================================================
      ---         MODULE    ---      ---       main
      00FF2EEFH   PUBLIC    ECODE    ---       main?
      00010000H   PUBLIC    XDATA    FLOAT     Roll
      00010004H   PUBLIC    XDATA    FLOAT     Yaw
      00010008H   PUBLIC    XDATA    ---       x_angle
      0001003AH   PUBLIC    XDATA    FLOAT     Pitch
      000000D0H   SFRSYM    DATA     BYTE      PSW
      000000BAH.7 SFRSYM    DATA     BIT       EAXFR
      0000009DH   SFRSYM    DATA     BYTE      IRCBAND
      00000097H   SFRSYM    DATA     BYTE      AUXR2
      000000EAH   SFRSYM    DATA     BYTE      CKCON
      000000EFH   SFRSYM    DATA     BYTE      AUXINTIF
      000000FDH   SFRSYM    DATA     BYTE      S4CON
      000000ACH   SFRSYM    DATA     BYTE      S3CON
      0000009AH   SFRSYM    DATA     BYTE      S2CON
      000000B7H   SFRSYM    DATA     BYTE      IPH
      000000CDH   SFRSYM    DATA     BYTE      SPSTAT
      000000DDH   SFRSYM    DATA     BYTE      T4T3M
      000000C1H   SFRSYM    DATA     BYTE      WDT_CONTR
      000000E9H   SFRSYM    DATA     BYTE      WTST
      000000DFH   SFRSYM    DATA     BYTE      IP3
      000000F4H   SFRSYM    DATA     BYTE      USBCON
      000000B5H   SFRSYM    DATA     BYTE      IP2
      000000FFH   SFRSYM    DATA     BYTE      RSTCFG
      000000C7H   SFRSYM    DATA     BYTE      IAP_CONTR
      000000F9H   SFRSYM    DATA     BYTE      LINICR
      0000008EH   SFRSYM    DATA     BYTE      AUXR
      000000AFH   SFRSYM    DATA     BYTE      IE2
      00000088H   SFRSYM    DATA     BYTE      TCON
      00000089H   SFRSYM    DATA     BYTE      TMOD
      00000098H   SFRSYM    DATA     BYTE      SCON
      000000F1H   SFRSYM    DATA     BYTE      CANICR
      00000087H   SFRSYM    DATA     BYTE      PCON
      000000BCH   SFRSYM    DATA     BYTE      ADC_CONTR
      000000E7H   SFRSYM    DATA     BYTE      CMPCR2
      000000E6H   SFRSYM    DATA     BYTE      CMPCR1
      000000DEH   SFRSYM    DATA     BYTE      ADCCFG
      000000B8H   SFRSYM    DATA     BYTE      IP
      0000008FH   SFRSYM    DATA     BYTE      INTCLKO
      000000EEH   SFRSYM    DATA     BYTE      IP3H
      000000B6H   SFRSYM    DATA     BYTE      IP2H
      000000A8H   SFRSYM    DATA     BYTE      IE
      000000BBH   SFRSYM    DATA     BYTE      P_SW3
      000000BAH   SFRSYM    DATA     BYTE      P_SW2
      000000A2H   SFRSYM    DATA     BYTE      P_SW1
      000000CEH   SFRSYM    DATA     BYTE      SPCTL
L251 LINKER/LOCATER V4.66.93.0                                                        07/13/2023  23:54:08  PAGE 10


      000000F8H   SFRSYM    DATA     BYTE      P7
      000000E8H   SFRSYM    DATA     BYTE      P6
      000000C8H   SFRSYM    DATA     BYTE      P5
      000000C0H   SFRSYM    DATA     BYTE      P4
      000000B0H   SFRSYM    DATA     BYTE      P3
      000000B3H   SFRSYM    DATA     BYTE      P4M1
      000000A0H   SFRSYM    DATA     BYTE      P2
      000000B4H   SFRSYM    DATA     BYTE      P4M0
      00000090H   SFRSYM    DATA     BYTE      P1
      00000095H   SFRSYM    DATA     BYTE      P2M1
      00000080H   SFRSYM    DATA     BYTE      P0
      00000096H   SFRSYM    DATA     BYTE      P2M0

      00FF2EEFH   BLOCK     ECODE    ---       LVL=0
      00FF2EEFH   LINE      ECODE    ---       #12
      00FF2EEFH   LINE      ECODE    ---       #14
      00FF2EF5H   LINE      ECODE    ---       #15
      00FF2EFBH   LINE      ECODE    ---       #17
      00FF2EFFH   LINE      ECODE    ---       #18
      00FF2F03H   LINE      ECODE    ---       #19
      00FF2F07H   LINE      ECODE    ---       #21
      00FF2F07H   LINE      ECODE    ---       #24
      00FF2F0AH   LINE      ECODE    ---       #25
      00FF2F0DH   LINE      ECODE    ---       #26
      00FF2F10H   LINE      ECODE    ---       #29
      00FF2F76H   LINE      ECODE    ---       #32
      00FF2F7AH   LINE      ECODE    ---       #33
      00FF2FA2H   LINE      ECODE    ---       #34
      00FF2FB4H   LINE      ECODE    ---       #35
      00FF2FD2H   LINE      ECODE    ---       #38
      ---         BLOCKEND  ---      ---       LVL=0

      ---         MODULE    ---      ---       USART
      00FF2FE8H   PUBLIC    ECODE    ---       SendByte?
      00FF2FD5H   PUBLIC    ECODE    ---       UartInit?
      00FF2FF1H   PUBLIC    ECODE    ---       putchar?
      000000D0H   SFRSYM    DATA     BYTE      PSW
      0000009DH   SFRSYM    DATA     BYTE      IRCBAND
      00000097H   SFRSYM    DATA     BYTE      AUXR2
      000000EFH   SFRSYM    DATA     BYTE      AUXINTIF
      000000FDH   SFRSYM    DATA     BYTE      S4CON
      000000ACH   SFRSYM    DATA     BYTE      S3CON
      0000009AH   SFRSYM    DATA     BYTE      S2CON
      000000B7H   SFRSYM    DATA     BYTE      IPH
      000000CDH   SFRSYM    DATA     BYTE      SPSTAT
      000000DDH   SFRSYM    DATA     BYTE      T4T3M
      000000C1H   SFRSYM    DATA     BYTE      WDT_CONTR
      000000D7H   SFRSYM    DATA     BYTE      T2L
      000000D6H   SFRSYM    DATA     BYTE      T2H
      000000DFH   SFRSYM    DATA     BYTE      IP3
      000000F4H   SFRSYM    DATA     BYTE      USBCON
      000000B5H   SFRSYM    DATA     BYTE      IP2
      000000FFH   SFRSYM    DATA     BYTE      RSTCFG
      000000C7H   SFRSYM    DATA     BYTE      IAP_CONTR
      000000F9H   SFRSYM    DATA     BYTE      LINICR
      0000008EH   SFRSYM    DATA     BYTE      AUXR
      000000AFH   SFRSYM    DATA     BYTE      IE2
      00000088H   SFRSYM    DATA     BYTE      TCON
      00000089H   SFRSYM    DATA     BYTE      TMOD
      00000098H   SFRSYM    DATA     BYTE      SCON
      000000F1H   SFRSYM    DATA     BYTE      CANICR
      00000087H   SFRSYM    DATA     BYTE      PCON
      00000099H   SFRSYM    DATA     BYTE      SBUF
      000000BCH   SFRSYM    DATA     BYTE      ADC_CONTR
      000000E7H   SFRSYM    DATA     BYTE      CMPCR2
L251 LINKER/LOCATER V4.66.93.0                                                        07/13/2023  23:54:08  PAGE 11


      000000E6H   SFRSYM    DATA     BYTE      CMPCR1
      00000098H.1 SFRSYM    DATA     BIT       TI
      000000DEH   SFRSYM    DATA     BYTE      ADCCFG
      000000B8H   SFRSYM    DATA     BYTE      IP
      0000008FH   SFRSYM    DATA     BYTE      INTCLKO
      000000EEH   SFRSYM    DATA     BYTE      IP3H
      000000B6H   SFRSYM    DATA     BYTE      IP2H
      000000A8H   SFRSYM    DATA     BYTE      IE
      000000BBH   SFRSYM    DATA     BYTE      P_SW3
      000000BAH   SFRSYM    DATA     BYTE      P_SW2
      000000A2H   SFRSYM    DATA     BYTE      P_SW1
      000000CEH   SFRSYM    DATA     BYTE      SPCTL
      000000F8H   SFRSYM    DATA     BYTE      P7
      000000E8H   SFRSYM    DATA     BYTE      P6
      000000C8H   SFRSYM    DATA     BYTE      P5
      000000C0H   SFRSYM    DATA     BYTE      P4
      000000B0H   SFRSYM    DATA     BYTE      P3
      000000A0H   SFRSYM    DATA     BYTE      P2
      00000090H   SFRSYM    DATA     BYTE      P1
      00000080H   SFRSYM    DATA     BYTE      P0

      00FF2FD5H   BLOCK     ECODE    ---       LVL=0
      00FF2FD5H   LINE      ECODE    ---       #3
      00FF2FD5H   LINE      ECODE    ---       #5
      00FF2FD8H   LINE      ECODE    ---       #6
      00FF2FDBH   LINE      ECODE    ---       #7
      00FF2FDEH   LINE      ECODE    ---       #8
      00FF2FE1H   LINE      ECODE    ---       #9
      00FF2FE4H   LINE      ECODE    ---       #10
      00FF2FE7H   LINE      ECODE    ---       #11
      ---         BLOCKEND  ---      ---       LVL=0

      00FF2FE8H   BLOCK     ECODE    ---       LVL=0
      R11         REGSYM    ---      BYTE      dat
      00FF2FE8H   LINE      ECODE    ---       #13
      00FF2FE8H   LINE      ECODE    ---       #15
      00FF2FEBH   LINE      ECODE    ---       #16
      00FF2FEEH   LINE      ECODE    ---       #17
      00FF2FF0H   LINE      ECODE    ---       #18
      ---         BLOCKEND  ---      ---       LVL=0

      00FF2FF1H   BLOCK     ECODE    ---       LVL=0
      R15         REGSYM    ---      CHAR      character_string
      00FF2FF1H   LINE      ECODE    ---       #20
      00FF2FF3H   LINE      ECODE    ---       #22
      00FF2FF7H   LINE      ECODE    ---       #23
      00FF2FF7H   LINE      ECODE    ---       #24
      ---         BLOCKEND  ---      ---       LVL=0

      ---         MODULE    ---      ---       Soft_I2C
      00FF28A6H   PUBLIC    ECODE    ---       i2c_nack?
      00FF288AH   PUBLIC    ECODE    ---       i2c_ack?
      00FF285EH   PUBLIC    ECODE    ---       i2c_start?
      00FF2B8DH   PUBLIC    ECODE    ---       i2c_read_bits?
      00FF292BH   PUBLIC    ECODE    ---       i2c_read_byte?
      00FF2B4DH   PUBLIC    ECODE    ---       i2c_read_bit?
      00FF29D7H   PUBLIC    ECODE    ---       i2c_mem_read?
      00FF2853H   PUBLIC    ECODE    ---       I2C_SDA_H?
      00FF2ACEH   PUBLIC    ECODE    ---       i2c_write_bits?
      00FF2856H   PUBLIC    ECODE    ---       I2C_SDA_L?
      00FF28EEH   PUBLIC    ECODE    ---       i2c_write_byte?
      00FF28BEH   PUBLIC    ECODE    ---       i2c_wait_ack?
      00FF2876H   PUBLIC    ECODE    ---       i2c_stop?
      00FF284DH   PUBLIC    ECODE    ---       I2C_SCL_H?
      00FF2850H   PUBLIC    ECODE    ---       I2C_SCL_L?
L251 LINKER/LOCATER V4.66.93.0                                                        07/13/2023  23:54:08  PAGE 12


      00FF2A62H   PUBLIC    ECODE    ---       i2c_write_bit?
      00FF296BH   PUBLIC    ECODE    ---       i2c_mem_write?
      00FF2859H   PUBLIC    ECODE    ---       I2C_SDA_Read?
      00FF284BH   PUBLIC    ECODE    ---       i2c_timeout_delay?
      00FF284CH   PUBLIC    ECODE    ---       i2c_delay?
      000000D0H   SFRSYM    DATA     BYTE      PSW
      000000A0H.0 SFRSYM    DATA     BIT       I2C_SDA
      0000009DH   SFRSYM    DATA     BYTE      IRCBAND
      00000097H   SFRSYM    DATA     BYTE      AUXR2
      000000EFH   SFRSYM    DATA     BYTE      AUXINTIF
      000000FDH   SFRSYM    DATA     BYTE      S4CON
      000000ACH   SFRSYM    DATA     BYTE      S3CON
      0000009AH   SFRSYM    DATA     BYTE      S2CON
      000000B7H   SFRSYM    DATA     BYTE      IPH
      000000CDH   SFRSYM    DATA     BYTE      SPSTAT
      000000DDH   SFRSYM    DATA     BYTE      T4T3M
      000000C1H   SFRSYM    DATA     BYTE      WDT_CONTR
      000000DFH   SFRSYM    DATA     BYTE      IP3
      000000F4H   SFRSYM    DATA     BYTE      USBCON
      000000B5H   SFRSYM    DATA     BYTE      IP2
      000000FFH   SFRSYM    DATA     BYTE      RSTCFG
      000000C7H   SFRSYM    DATA     BYTE      IAP_CONTR
      000000F9H   SFRSYM    DATA     BYTE      LINICR
      0000008EH   SFRSYM    DATA     BYTE      AUXR
      000000AFH   SFRSYM    DATA     BYTE      IE2
      00000088H   SFRSYM    DATA     BYTE      TCON
      00000089H   SFRSYM    DATA     BYTE      TMOD
      00000098H   SFRSYM    DATA     BYTE      SCON
      000000F1H   SFRSYM    DATA     BYTE      CANICR
      00000087H   SFRSYM    DATA     BYTE      PCON
      000000BCH   SFRSYM    DATA     BYTE      ADC_CONTR
      000000E7H   SFRSYM    DATA     BYTE      CMPCR2
      000000E6H   SFRSYM    DATA     BYTE      CMPCR1
      000000DEH   SFRSYM    DATA     BYTE      ADCCFG
      000000B8H   SFRSYM    DATA     BYTE      IP
      0000008FH   SFRSYM    DATA     BYTE      INTCLKO
      000000EEH   SFRSYM    DATA     BYTE      IP3H
      000000B6H   SFRSYM    DATA     BYTE      IP2H
      000000A8H   SFRSYM    DATA     BYTE      IE
      000000BBH   SFRSYM    DATA     BYTE      P_SW3
      000000BAH   SFRSYM    DATA     BYTE      P_SW2
      000000A2H   SFRSYM    DATA     BYTE      P_SW1
      000000CEH   SFRSYM    DATA     BYTE      SPCTL
      000000F8H   SFRSYM    DATA     BYTE      P7
      000000E8H   SFRSYM    DATA     BYTE      P6
      000000C8H   SFRSYM    DATA     BYTE      P5
      000000C0H   SFRSYM    DATA     BYTE      P4
      000000B0H   SFRSYM    DATA     BYTE      P3
      000000A0H   SFRSYM    DATA     BYTE      P2
      000000C0H.7 SFRSYM    DATA     BIT       I2C_SCL
      00000090H   SFRSYM    DATA     BYTE      P1
      00000080H   SFRSYM    DATA     BYTE      P0

      00FF284BH   BLOCK     ECODE    ---       LVL=0
      00FF284BH   LINE      ECODE    ---       #6
      00FF284BH   LINE      ECODE    ---       #9
      ---         BLOCKEND  ---      ---       LVL=0

      00FF284CH   BLOCK     ECODE    ---       LVL=0
      00FF284CH   LINE      ECODE    ---       #11
      00FF284CH   LINE      ECODE    ---       #14
      ---         BLOCKEND  ---      ---       LVL=0

      00FF284DH   BLOCK     ECODE    ---       LVL=0
      00FF284DH   LINE      ECODE    ---       #17
L251 LINKER/LOCATER V4.66.93.0                                                        07/13/2023  23:54:08  PAGE 13


      00FF284DH   LINE      ECODE    ---       #19
      00FF284FH   LINE      ECODE    ---       #20
      ---         BLOCKEND  ---      ---       LVL=0

      00FF2850H   BLOCK     ECODE    ---       LVL=0
      00FF2850H   LINE      ECODE    ---       #23
      00FF2850H   LINE      ECODE    ---       #25
      00FF2852H   LINE      ECODE    ---       #26
      ---         BLOCKEND  ---      ---       LVL=0

      00FF2853H   BLOCK     ECODE    ---       LVL=0
      00FF2853H   LINE      ECODE    ---       #29
      00FF2853H   LINE      ECODE    ---       #31
      00FF2855H   LINE      ECODE    ---       #32
      ---         BLOCKEND  ---      ---       LVL=0

      00FF2856H   BLOCK     ECODE    ---       LVL=0
      00FF2856H   LINE      ECODE    ---       #35
      00FF2856H   LINE      ECODE    ---       #37
      00FF2858H   LINE      ECODE    ---       #38
      ---         BLOCKEND  ---      ---       LVL=0

      00FF2859H   BLOCK     ECODE    ---       LVL=0
      00FF2859H   LINE      ECODE    ---       #41
      00FF2859H   LINE      ECODE    ---       #43
      00FF285DH   LINE      ECODE    ---       #44
      ---         BLOCKEND  ---      ---       LVL=0

      00FF285EH   BLOCK     ECODE    ---       LVL=0
      00FF285EH   LINE      ECODE    ---       #52
      00FF285EH   LINE      ECODE    ---       #54
      00FF2862H   LINE      ECODE    ---       #55
      00FF2866H   LINE      ECODE    ---       #56
      00FF286AH   LINE      ECODE    ---       #58
      00FF286EH   LINE      ECODE    ---       #59
      00FF2872H   LINE      ECODE    ---       #60
      ---         BLOCKEND  ---      ---       LVL=0

      00FF2876H   BLOCK     ECODE    ---       LVL=0
      00FF2876H   LINE      ECODE    ---       #69
      00FF2876H   LINE      ECODE    ---       #71
      00FF287AH   LINE      ECODE    ---       #72
      00FF287EH   LINE      ECODE    ---       #73
      00FF2882H   LINE      ECODE    ---       #75
      00FF2886H   LINE      ECODE    ---       #76
      ---         BLOCKEND  ---      ---       LVL=0

      00FF288AH   BLOCK     ECODE    ---       LVL=0
      00FF288AH   LINE      ECODE    ---       #85
      00FF288AH   LINE      ECODE    ---       #87
      00FF288EH   LINE      ECODE    ---       #88
      00FF2892H   LINE      ECODE    ---       #89
      00FF2896H   LINE      ECODE    ---       #91
      00FF289AH   LINE      ECODE    ---       #92
      00FF289EH   LINE      ECODE    ---       #93
      00FF28A2H   LINE      ECODE    ---       #94
      ---         BLOCKEND  ---      ---       LVL=0

      00FF28A6H   BLOCK     ECODE    ---       LVL=0
      00FF28A6H   LINE      ECODE    ---       #103
      00FF28A6H   LINE      ECODE    ---       #105
      00FF28AAH   LINE      ECODE    ---       #106
      00FF28AEH   LINE      ECODE    ---       #107
      00FF28B2H   LINE      ECODE    ---       #109
      00FF28B6H   LINE      ECODE    ---       #110
L251 LINKER/LOCATER V4.66.93.0                                                        07/13/2023  23:54:08  PAGE 14


      00FF28BAH   LINE      ECODE    ---       #111
      ---         BLOCKEND  ---      ---       LVL=0

      00FF28BEH   BLOCK     ECODE    ---       LVL=0
      00FF28C0H   BLOCK     ECODE    NEAR LAB  LVL=1
      WR14        REGSYM    ---      WORD      time_temp
      ---         BLOCKEND  ---      ---       LVL=1
      00FF28BEH   LINE      ECODE    ---       #121
      00FF28C0H   LINE      ECODE    ---       #122
      00FF28C0H   LINE      ECODE    ---       #123
      00FF28C2H   LINE      ECODE    ---       #125
      00FF28C6H   LINE      ECODE    ---       #126
      00FF28CAH   LINE      ECODE    ---       #127
      00FF28CCH   LINE      ECODE    ---       #129
      00FF28CEH   LINE      ECODE    ---       #130
      00FF28D2H   LINE      ECODE    ---       #131
      00FF28D8H   LINE      ECODE    ---       #133
      00FF28DCH   LINE      ECODE    ---       #134
      00FF28E0H   LINE      ECODE    ---       #135
      00FF28E6H   LINE      ECODE    ---       #137
      00FF28EAH   LINE      ECODE    ---       #138
      00FF28EBH   LINE      ECODE    ---       #139
      ---         BLOCKEND  ---      ---       LVL=0

      00FF28EEH   BLOCK     ECODE    ---       LVL=0
      R15         REGSYM    ---      BYTE      dat
      00FF28F2H   BLOCK     ECODE    NEAR LAB  LVL=1
      R14         REGSYM    ---      BYTE      i
      ---         BLOCKEND  ---      ---       LVL=1
      00FF28EEH   LINE      ECODE    ---       #147
      00FF28F2H   LINE      ECODE    ---       #148
      00FF28F2H   LINE      ECODE    ---       #149
      00FF28F2H   LINE      ECODE    ---       #151
      00FF28F6H   LINE      ECODE    ---       #152
      00FF28F8H   LINE      ECODE    ---       #154
      00FF2901H   LINE      ECODE    ---       #155
      00FF2907H   LINE      ECODE    ---       #157
      00FF290BH   LINE      ECODE    ---       #158
      00FF290DH   LINE      ECODE    ---       #159
      00FF2911H   LINE      ECODE    ---       #160
      00FF2915H   LINE      ECODE    ---       #161
      00FF2919H   LINE      ECODE    ---       #162
      00FF291DH   LINE      ECODE    ---       #163
      00FF2921H   LINE      ECODE    ---       #164
      00FF2928H   LINE      ECODE    ---       #165
      ---         BLOCKEND  ---      ---       LVL=0

      00FF292BH   BLOCK     ECODE    ---       LVL=0
      R15         REGSYM    ---      BYTE      ack
      00FF2931H   BLOCK     ECODE    NEAR LAB  LVL=1
      R13         REGSYM    ---      BYTE      i
      R14         REGSYM    ---      BYTE      receive
      ---         BLOCKEND  ---      ---       LVL=1
      00FF292BH   LINE      ECODE    ---       #173
      00FF2931H   LINE      ECODE    ---       #174
      00FF2931H   LINE      ECODE    ---       #175
      00FF2933H   LINE      ECODE    ---       #177
      00FF2935H   LINE      ECODE    ---       #179
      00FF2939H   LINE      ECODE    ---       #180
      00FF293DH   LINE      ECODE    ---       #181
      00FF2941H   LINE      ECODE    ---       #182
      00FF2943H   LINE      ECODE    ---       #183
      00FF2949H   LINE      ECODE    ---       #184
      00FF294BH   LINE      ECODE    ---       #185
      00FF294FH   LINE      ECODE    ---       #186
L251 LINKER/LOCATER V4.66.93.0                                                        07/13/2023  23:54:08  PAGE 15


      00FF2956H   LINE      ECODE    ---       #187
      00FF295AH   LINE      ECODE    ---       #188
      00FF2960H   LINE      ECODE    ---       #190
      00FF2964H   LINE      ECODE    ---       #192
      00FF2966H   LINE      ECODE    ---       #193
      ---         BLOCKEND  ---      ---       LVL=0

      00FF296BH   BLOCK     ECODE    ---       LVL=0
      00010084H   SYMBOL    XDATA    BYTE      DevAddress
      00010085H   SYMBOL    XDATA    BYTE      MemAddress
      REG=3       REGSYM    ---      ---       pData
      00010086H   SYMBOL    XDATA    WORD      Len
      00FF296BH   LINE      ECODE    ---       #201
      00FF297FH   LINE      ECODE    ---       #203
      00FF2983H   LINE      ECODE    ---       #204
      00FF298DH   LINE      ECODE    ---       #205
      00FF2993H   LINE      ECODE    ---       #206
      00FF2997H   LINE      ECODE    ---       #207
      00FF299FH   LINE      ECODE    ---       #208
      00FF29A5H   LINE      ECODE    ---       #209
      00FF29A9H   LINE      ECODE    ---       #210
      00FF29ABH   LINE      ECODE    ---       #212
      00FF29B4H   LINE      ECODE    ---       #213
      00FF29BAH   LINE      ECODE    ---       #214
      00FF29BEH   LINE      ECODE    ---       #215
      00FF29CFH   LINE      ECODE    ---       #216
      00FF29D3H   LINE      ECODE    ---       #217
      00FF29D4H   LINE      ECODE    ---       #218
      ---         BLOCKEND  ---      ---       LVL=0

      00FF29D7H   BLOCK     ECODE    ---       LVL=0
      00010086H   SYMBOL    XDATA    BYTE      DevAddress
      00010087H   SYMBOL    XDATA    BYTE      MemAddress
      REG=3       REGSYM    ---      ---       pBuffer
      00010088H   SYMBOL    XDATA    WORD      Len
      00FF29D7H   LINE      ECODE    ---       #226
      00FF29EBH   LINE      ECODE    ---       #228
      00FF29EFH   LINE      ECODE    ---       #229
      00FF29F9H   LINE      ECODE    ---       #230
      00FF29FFH   LINE      ECODE    ---       #231
      00FF2A03H   LINE      ECODE    ---       #232
      00FF2A0BH   LINE      ECODE    ---       #233
      00FF2A11H   LINE      ECODE    ---       #234
      00FF2A15H   LINE      ECODE    ---       #235
      00FF2A19H   LINE      ECODE    ---       #236
      00FF2A25H   LINE      ECODE    ---       #237
      00FF2A2BH   LINE      ECODE    ---       #238
      00FF2A2FH   LINE      ECODE    ---       #239
      00FF2A31H   LINE      ECODE    ---       #241
      00FF2A49H   LINE      ECODE    ---       #242
      00FF2A5AH   LINE      ECODE    ---       #243
      00FF2A5EH   LINE      ECODE    ---       #244
      00FF2A5FH   LINE      ECODE    ---       #245
      ---         BLOCKEND  ---      ---       LVL=0

      00FF2A62H   BLOCK     ECODE    ---       LVL=0
      R13         REGSYM    ---      BYTE      DevAddress
      R14         REGSYM    ---      BYTE      addr
      R15         REGSYM    ---      BYTE      bitNum
      R12         REGSYM    ---      BYTE      Data
      00FF2A6CH   BLOCK     ECODE    NEAR LAB  LVL=1
      00010081H   SYMBOL    XDATA    BYTE      b
      ---         BLOCKEND  ---      ---       LVL=1
      00FF2A62H   LINE      ECODE    ---       #254
      00FF2A6CH   LINE      ECODE    ---       #255
L251 LINKER/LOCATER V4.66.93.0                                                        07/13/2023  23:54:08  PAGE 16


      00FF2A6CH   LINE      ECODE    ---       #257
      00FF2A7EH   LINE      ECODE    ---       #259
      00FF2AB3H   LINE      ECODE    ---       #260
      00FF2AC9H   LINE      ECODE    ---       #261
      00FF2AC9H   LINE      ECODE    ---       #263
      00FF2ACBH   LINE      ECODE    ---       #264
      ---         BLOCKEND  ---      ---       LVL=0

      00FF2ACEH   BLOCK     ECODE    ---       LVL=0
      00010081H   SYMBOL    XDATA    BYTE      DevAddress
      R12         REGSYM    ---      BYTE      addr
      R13         REGSYM    ---      BYTE      bitStart
      R14         REGSYM    ---      BYTE      length
      R15         REGSYM    ---      BYTE      Data
      00FF2ADCH   BLOCK     ECODE    NEAR LAB  LVL=1
      00010082H   SYMBOL    XDATA    BYTE      b
      R10         REGSYM    ---      BYTE      mask
      ---         BLOCKEND  ---      ---       LVL=1
      00FF2ACEH   LINE      ECODE    ---       #274
      00FF2ADCH   LINE      ECODE    ---       #275
      00FF2ADCH   LINE      ECODE    ---       #283
      00FF2ADCH   LINE      ECODE    ---       #284
      00FF2AF2H   LINE      ECODE    ---       #286
      00FF2B14H   LINE      ECODE    ---       #287
      00FF2B1DH   LINE      ECODE    ---       #288
      00FF2B1FH   LINE      ECODE    ---       #289
      00FF2B29H   LINE      ECODE    ---       #290
      00FF2B30H   LINE      ECODE    ---       #292
      00FF2B48H   LINE      ECODE    ---       #293
      00FF2B48H   LINE      ECODE    ---       #295
      00FF2B4AH   LINE      ECODE    ---       #296
      ---         BLOCKEND  ---      ---       LVL=0

      00FF2B4DH   BLOCK     ECODE    ---       LVL=0
      R11         REGSYM    ---      BYTE      DevAddress
      R7          REGSYM    ---      BYTE      addr
      00010081H   SYMBOL    XDATA    BYTE      bitNum
      REG=3       REGSYM    ---      ---       Data
      00FF2B57H   BLOCK     ECODE    NEAR LAB  LVL=1
      00010082H   SYMBOL    XDATA    BYTE      b
      ---         BLOCKEND  ---      ---       LVL=1
      00FF2B4DH   LINE      ECODE    ---       #304
      00FF2B57H   LINE      ECODE    ---       #305
      00FF2B57H   LINE      ECODE    ---       #307
      00FF2B69H   LINE      ECODE    ---       #309
      00FF2B85H   LINE      ECODE    ---       #310
      00FF2B88H   LINE      ECODE    ---       #311
      00FF2B88H   LINE      ECODE    ---       #314
      00FF2B8AH   LINE      ECODE    ---       #315
      00FF2B8AH   LINE      ECODE    ---       #316
      ---         BLOCKEND  ---      ---       LVL=0

      00FF2B8DH   BLOCK     ECODE    ---       LVL=0
      R11         REGSYM    ---      BYTE      DevAddress
      R7          REGSYM    ---      BYTE      addr
      R14         REGSYM    ---      BYTE      bitStart
      R15         REGSYM    ---      BYTE      length
      00010081H   SYMBOL    XDATA    ---       Data
      00FF2B9DH   BLOCK     ECODE    NEAR LAB  LVL=1
      00010085H   SYMBOL    XDATA    BYTE      b
      R10         REGSYM    ---      BYTE      mask
      ---         BLOCKEND  ---      ---       LVL=1
      00FF2B8DH   LINE      ECODE    ---       #325
      00FF2B9DH   LINE      ECODE    ---       #326
      00FF2B9DH   LINE      ECODE    ---       #332
L251 LINKER/LOCATER V4.66.93.0                                                        07/13/2023  23:54:08  PAGE 17


      00FF2B9DH   LINE      ECODE    ---       #333
      00FF2BAFH   LINE      ECODE    ---       #336
      00FF2BCDH   LINE      ECODE    ---       #337
      00FF2BD4H   LINE      ECODE    ---       #338
      00FF2BECH   LINE      ECODE    ---       #339
      00FF2BFDH   LINE      ECODE    ---       #340
      00FF2C00H   LINE      ECODE    ---       #341
      00FF2C00H   LINE      ECODE    ---       #343
      00FF2C02H   LINE      ECODE    ---       #344
      ---         BLOCKEND  ---      ---       LVL=0

      ---         MODULE    ---      ---       MPU6050
      00FF2C05H   PUBLIC    ECODE    ---       Delay1ms?
      00FF2D1FH   PUBLIC    ECODE    ---       MPU_Set_Gyro_Fsr?
      00FF2E05H   PUBLIC    ECODE    ---       MPU_Get_Gyroscope?
      00FF2E7AH   PUBLIC    ECODE    ---       MPU_Get_Accelerometer?
      00FF2D47H   PUBLIC    ECODE    ---       MPU_Set_LPF?
      00FF2C9AH   PUBLIC    ECODE    ---       MPU_Read_Bits?
      00FF2C59H   PUBLIC    ECODE    ---       MPU_Read_Byte?
      00FF2D33H   PUBLIC    ECODE    ---       MPU_Set_Accel_Fsr?
      00FF2C90H   PUBLIC    ECODE    ---       MPU_Read_Bit?
      00FF2C31H   PUBLIC    ECODE    ---       MPU_Read_Len?
      00FF2C82H   PUBLIC    ECODE    ---       MPU_Write_Bits?
      00FF2C3DH   PUBLIC    ECODE    ---       MPU_Write_Byte?
      00FF2C74H   PUBLIC    ECODE    ---       MPU_Write_Bit?
      00FF2C25H   PUBLIC    ECODE    ---       MPU_Write_Len?
      00FF2C10H   PUBLIC    ECODE    ---       MPU_Delay_Ms?
      00FF2CA8H   PUBLIC    ECODE    ---       MPU_Init?
      00FF2DBAH   PUBLIC    ECODE    ---       MPU_Get_Temperature?
      00FF2D89H   PUBLIC    ECODE    ---       MPU_Set_Rate?
      0001009FH   PUBLIC    XDATA    BYTE      ?MPU_Get_Gyroscope??BYTE
      000100ADH   PUBLIC    XDATA    BYTE      ?MPU_Get_Accelerometer??BYTE
      000000D0H   SFRSYM    DATA     BYTE      PSW
      0000009DH   SFRSYM    DATA     BYTE      IRCBAND
      00000097H   SFRSYM    DATA     BYTE      AUXR2
      000000EFH   SFRSYM    DATA     BYTE      AUXINTIF
      000000FDH   SFRSYM    DATA     BYTE      S4CON
      000000ACH   SFRSYM    DATA     BYTE      S3CON
      0000009AH   SFRSYM    DATA     BYTE      S2CON
      000000B7H   SFRSYM    DATA     BYTE      IPH
      000000CDH   SFRSYM    DATA     BYTE      SPSTAT
      000000DDH   SFRSYM    DATA     BYTE      T4T3M
      000000C1H   SFRSYM    DATA     BYTE      WDT_CONTR
      000000DFH   SFRSYM    DATA     BYTE      IP3
      000000F4H   SFRSYM    DATA     BYTE      USBCON
      000000B5H   SFRSYM    DATA     BYTE      IP2
      000000FFH   SFRSYM    DATA     BYTE      RSTCFG
      000000C7H   SFRSYM    DATA     BYTE      IAP_CONTR
      000000F9H   SFRSYM    DATA     BYTE      LINICR
      0000008EH   SFRSYM    DATA     BYTE      AUXR
      000000AFH   SFRSYM    DATA     BYTE      IE2
      00000088H   SFRSYM    DATA     BYTE      TCON
      00000089H   SFRSYM    DATA     BYTE      TMOD
      00000098H   SFRSYM    DATA     BYTE      SCON
      000000F1H   SFRSYM    DATA     BYTE      CANICR
      00000087H   SFRSYM    DATA     BYTE      PCON
      000000BCH   SFRSYM    DATA     BYTE      ADC_CONTR
      000000E7H   SFRSYM    DATA     BYTE      CMPCR2
      000000E6H   SFRSYM    DATA     BYTE      CMPCR1
      000000DEH   SFRSYM    DATA     BYTE      ADCCFG
      000000B8H   SFRSYM    DATA     BYTE      IP
      0000008FH   SFRSYM    DATA     BYTE      INTCLKO
      000000EEH   SFRSYM    DATA     BYTE      IP3H
      000000B6H   SFRSYM    DATA     BYTE      IP2H
      000000A8H   SFRSYM    DATA     BYTE      IE
L251 LINKER/LOCATER V4.66.93.0                                                        07/13/2023  23:54:08  PAGE 18


      000000BBH   SFRSYM    DATA     BYTE      P_SW3
      000000BAH   SFRSYM    DATA     BYTE      P_SW2
      000000A2H   SFRSYM    DATA     BYTE      P_SW1
      000000CEH   SFRSYM    DATA     BYTE      SPCTL
      000000F8H   SFRSYM    DATA     BYTE      P7
      000000E8H   SFRSYM    DATA     BYTE      P6
      000000C8H   SFRSYM    DATA     BYTE      P5
      000000C0H   SFRSYM    DATA     BYTE      P4
      000000B0H   SFRSYM    DATA     BYTE      P3
      000000A0H   SFRSYM    DATA     BYTE      P2
      00000090H   SFRSYM    DATA     BYTE      P1
      00000080H   SFRSYM    DATA     BYTE      P0

      00FF2C05H   BLOCK     ECODE    ---       LVL=0
      DR4         REGSYM    ---      DWORD     a
      00FF2C05H   LINE      ECODE    ---       #4
      00FF2C05H   LINE      ECODE    ---       #5
      00FF2C05H   LINE      ECODE    ---       #8
      00FF2C06H   LINE      ECODE    ---       #9
      00FF2C07H   LINE      ECODE    ---       #10
      00FF2C0BH   LINE      ECODE    ---       #11
      00FF2C0FH   LINE      ECODE    ---       #12
      ---         BLOCKEND  ---      ---       LVL=0

      00FF2C10H   BLOCK     ECODE    ---       LVL=0
      WR14        REGSYM    ---      WORD      Milliseconds
      00FF2C10H   LINE      ECODE    ---       #14
      00FF2C14H   LINE      ECODE    ---       #16
      00FF2C22H   LINE      ECODE    ---       #18
      ---         BLOCKEND  ---      ---       LVL=0

      00FF2C25H   BLOCK     ECODE    ---       LVL=0
      R7          REGSYM    ---      BYTE      reg
      R6          REGSYM    ---      BYTE      len
      REG=7       REGSYM    ---      ---       buf
      00FF2C25H   LINE      ECODE    ---       #26
      00FF2C29H   LINE      ECODE    ---       #28
      ---         BLOCKEND  ---      ---       LVL=0

      00FF2C31H   BLOCK     ECODE    ---       LVL=0
      R7          REGSYM    ---      BYTE      reg
      R6          REGSYM    ---      BYTE      len
      REG=7       REGSYM    ---      ---       buf
      00FF2C31H   LINE      ECODE    ---       #37
      00FF2C35H   LINE      ECODE    ---       #39
      ---         BLOCKEND  ---      ---       LVL=0

      00FF2C3DH   BLOCK     ECODE    ---       LVL=0
      R10         REGSYM    ---      BYTE      reg
      00010083H   SYMBOL    XDATA    BYTE      Data
      00FF2C3DH   LINE      ECODE    ---       #47
      00FF2C45H   LINE      ECODE    ---       #49
      ---         BLOCKEND  ---      ---       LVL=0

      00FF2C59H   BLOCK     ECODE    ---       LVL=0
      R10         REGSYM    ---      BYTE      reg
      00FF2C5BH   BLOCK     ECODE    NEAR LAB  LVL=1
      000100D5H   SYMBOL    XDATA    BYTE      res
      ---         BLOCKEND  ---      ---       LVL=1
      00FF2C59H   LINE      ECODE    ---       #55
      00FF2C5BH   LINE      ECODE    ---       #56
      00FF2C5BH   LINE      ECODE    ---       #58
      00FF2C6FH   LINE      ECODE    ---       #59
      00FF2C73H   LINE      ECODE    ---       #60
      ---         BLOCKEND  ---      ---       LVL=0
L251 LINKER/LOCATER V4.66.93.0                                                        07/13/2023  23:54:08  PAGE 19



      00FF2C74H   BLOCK     ECODE    ---       LVL=0
      R7          REGSYM    ---      BYTE      addr
      R6          REGSYM    ---      BYTE      bitNum
      R10         REGSYM    ---      BYTE      Data
      00FF2C74H   LINE      ECODE    ---       #63
      00FF2C7AH   LINE      ECODE    ---       #65
      ---         BLOCKEND  ---      ---       LVL=0

      00FF2C82H   BLOCK     ECODE    ---       LVL=0
      R7          REGSYM    ---      BYTE      addr
      R6          REGSYM    ---      BYTE      bitStart
      R5          REGSYM    ---      BYTE      length
      R4          REGSYM    ---      BYTE      Data
      00FF2C82H   LINE      ECODE    ---       #69
      00FF2C8AH   LINE      ECODE    ---       #71
      ---         BLOCKEND  ---      ---       LVL=0

      00FF2C90H   BLOCK     ECODE    ---       LVL=0
      R7          REGSYM    ---      BYTE      addr
      R6          REGSYM    ---      BYTE      bitNum
      REG=7       REGSYM    ---      ---       Data
      00FF2C90H   LINE      ECODE    ---       #75
      00FF2C94H   LINE      ECODE    ---       #77
      ---         BLOCKEND  ---      ---       LVL=0

      00FF2C9AH   BLOCK     ECODE    ---       LVL=0
      R7          REGSYM    ---      BYTE      addr
      R6          REGSYM    ---      BYTE      bitStart
      R10         REGSYM    ---      BYTE      length
      REG=7       REGSYM    ---      ---       Data
      00FF2C9AH   LINE      ECODE    ---       #81
      00FF2CA0H   LINE      ECODE    ---       #83
      ---         BLOCKEND  ---      ---       LVL=0

      00FF2CA8H   BLOCK     ECODE    ---       LVL=0
      R11         REGSYM    ---      BYTE      res
      00FF2CA8H   LINE      ECODE    ---       #90
      00FF2CA8H   LINE      ECODE    ---       #91
      00FF2CA8H   LINE      ECODE    ---       #93
      00FF2CB1H   LINE      ECODE    ---       #94
      00FF2CB9H   LINE      ECODE    ---       #95
      00FF2CC1H   LINE      ECODE    ---       #96
      00FF2CC7H   LINE      ECODE    ---       #97
      00FF2CCCH   LINE      ECODE    ---       #98
      00FF2CD4H   LINE      ECODE    ---       #99
      00FF2CDDH   LINE      ECODE    ---       #100
      00FF2CE5H   LINE      ECODE    ---       #101
      00FF2CEDH   LINE      ECODE    ---       #102
      00FF2CF6H   LINE      ECODE    ---       #103
      00FF2CFCH   LINE      ECODE    ---       #104
      00FF2CFFH   LINE      ECODE    ---       #106
      00FF2D08H   LINE      ECODE    ---       #107
      00FF2D10H   LINE      ECODE    ---       #108
      00FF2D18H   LINE      ECODE    ---       #109
      00FF2D1AH   LINE      ECODE    ---       #111
      00FF2D1DH   LINE      ECODE    ---       #112
      00FF2D1EH   LINE      ECODE    ---       #113
      ---         BLOCKEND  ---      ---       LVL=0

      00FF2D1FH   BLOCK     ECODE    ---       LVL=0
      R10         REGSYM    ---      BYTE      fsr
      00FF2D1FH   LINE      ECODE    ---       #119
      00FF2D21H   LINE      ECODE    ---       #121
      ---         BLOCKEND  ---      ---       LVL=0
L251 LINKER/LOCATER V4.66.93.0                                                        07/13/2023  23:54:08  PAGE 20



      00FF2D33H   BLOCK     ECODE    ---       LVL=0
      R10         REGSYM    ---      BYTE      fsr
      00FF2D33H   LINE      ECODE    ---       #128
      00FF2D35H   LINE      ECODE    ---       #130
      ---         BLOCKEND  ---      ---       LVL=0

      00FF2D47H   BLOCK     ECODE    ---       LVL=0
      WR6         REGSYM    ---      WORD      lpf
      R10         REGSYM    ---      BYTE      Data
      00FF2D47H   LINE      ECODE    ---       #137
      00FF2D47H   LINE      ECODE    ---       #138
      00FF2D47H   LINE      ECODE    ---       #139
      00FF2D47H   LINE      ECODE    ---       #140
      00FF2D52H   LINE      ECODE    ---       #141
      00FF2D5DH   LINE      ECODE    ---       #142
      00FF2D68H   LINE      ECODE    ---       #143
      00FF2D73H   LINE      ECODE    ---       #144
      00FF2D7EH   LINE      ECODE    ---       #145
      00FF2D81H   LINE      ECODE    ---       #146
      ---         BLOCKEND  ---      ---       LVL=0

      00FF2D89H   BLOCK     ECODE    ---       LVL=0
      WR14        REGSYM    ---      WORD      rate
      00FF2D8DH   BLOCK     ECODE    NEAR LAB  LVL=1
      R7          REGSYM    ---      BYTE      Data
      ---         BLOCKEND  ---      ---       LVL=1
      00FF2D89H   LINE      ECODE    ---       #153
      00FF2D8DH   LINE      ECODE    ---       #154
      00FF2D8DH   LINE      ECODE    ---       #156
      00FF2D97H   LINE      ECODE    ---       #157
      00FF2DA1H   LINE      ECODE    ---       #158
      00FF2DA9H   LINE      ECODE    ---       #159
      00FF2DAFH   LINE      ECODE    ---       #160
      00FF2DB7H   LINE      ECODE    ---       #161
      ---         BLOCKEND  ---      ---       LVL=0

      00FF2DBAH   BLOCK     ECODE    ---       LVL=0
      000100D3H   SYMBOL    XDATA    ---       buf
      WR4         REGSYM    ---      INT       raw
      DR4         REGSYM    ---      FLOAT     temp
      00FF2DBAH   LINE      ECODE    ---       #165
      00FF2DBAH   LINE      ECODE    ---       #166
      00FF2DBAH   LINE      ECODE    ---       #170
      00FF2DCBH   LINE      ECODE    ---       #171
      00FF2DDBH   LINE      ECODE    ---       #172
      00FF2DF7H   LINE      ECODE    ---       #173
      ---         BLOCKEND  ---      ---       LVL=0

      00FF2E05H   BLOCK     ECODE    ---       LVL=0
      000100A3H   SYMBOL    XDATA    ---       gx
      REG=3       REGSYM    ---      ---       gy
      000100A7H   SYMBOL    XDATA    ---       gz
      00FF2E13H   BLOCK     ECODE    NEAR LAB  LVL=1
      000100ABH   SYMBOL    XDATA    ---       buf
      R10         REGSYM    ---      BYTE      res
      ---         BLOCKEND  ---      ---       LVL=1
      00FF2E05H   LINE      ECODE    ---       #180
      00FF2E13H   LINE      ECODE    ---       #181
      00FF2E13H   LINE      ECODE    ---       #183
      00FF2E26H   LINE      ECODE    ---       #184
      00FF2E2AH   LINE      ECODE    ---       #186
      00FF2E47H   LINE      ECODE    ---       #187
      00FF2E5AH   LINE      ECODE    ---       #188
      00FF2E75H   LINE      ECODE    ---       #189
L251 LINKER/LOCATER V4.66.93.0                                                        07/13/2023  23:54:08  PAGE 21


      00FF2E75H   LINE      ECODE    ---       #190
      00FF2E77H   LINE      ECODE    ---       #191
      ---         BLOCKEND  ---      ---       LVL=0

      00FF2E7AH   BLOCK     ECODE    ---       LVL=0
      000100B1H   SYMBOL    XDATA    ---       ax
      REG=3       REGSYM    ---      ---       ay
      000100B5H   SYMBOL    XDATA    ---       az
      00FF2E88H   BLOCK     ECODE    NEAR LAB  LVL=1
      000100B9H   SYMBOL    XDATA    ---       buf
      R10         REGSYM    ---      BYTE      res
      ---         BLOCKEND  ---      ---       LVL=1
      00FF2E7AH   LINE      ECODE    ---       #197
      00FF2E88H   LINE      ECODE    ---       #198
      00FF2E88H   LINE      ECODE    ---       #200
      00FF2E9BH   LINE      ECODE    ---       #201
      00FF2E9FH   LINE      ECODE    ---       #203
      00FF2EBCH   LINE      ECODE    ---       #204
      00FF2ECFH   LINE      ECODE    ---       #205
      00FF2EEAH   LINE      ECODE    ---       #206
      00FF2EEAH   LINE      ECODE    ---       #207
      00FF2EECH   LINE      ECODE    ---       #208
      ---         BLOCKEND  ---      ---       LVL=0

      ---         MODULE    ---      ---       DMP
      00FF227EH   PUBLIC    ECODE    ---       loadfirmware?
      00FF23ACH   PUBLIC    ECODE    ---       xdmpUpdates?
      00FF230AH   PUBLIC    ECODE    ---       loadcfgupd?
      00FF26E9H   PUBLIC    ECODE    ---       getDeviceID?
      00FF2736H   PUBLIC    ECODE    ---       MPU6050_Refresh_DMP?
      00FF243CH   PUBLIC    ECODE    ---       dmpInitialize?
      00FF242CH   PUBLIC    ECODE    ---       readdmp?
      00FF240AH   PUBLIC    ECODE    ---       getFIFOCount?
      00FF26B2H   PUBLIC    ECODE    ---       initMPU6050?
      00FF270EH   PUBLIC    ECODE    ---       MPU6050_DMP_Init?
      00FF08FBH   PUBLIC    CODE     ---       dmpUpdates
      00FF092AH   PUBLIC    CODE     ---       dmpcfgupddata
      00FF09EAH   PUBLIC    CODE     ---       dmpmemorydata
      0001003EH   PUBLIC    XDATA    ---       Q
      0001004EH   PUBLIC    XDATA    ---       dmpdatas
      000000D0H   SFRSYM    DATA     BYTE      PSW
      0000009DH   SFRSYM    DATA     BYTE      IRCBAND
      00000097H   SFRSYM    DATA     BYTE      AUXR2
      000000EFH   SFRSYM    DATA     BYTE      AUXINTIF
      000000FDH   SFRSYM    DATA     BYTE      S4CON
      000000ACH   SFRSYM    DATA     BYTE      S3CON
      0000009AH   SFRSYM    DATA     BYTE      S2CON
      000000B7H   SFRSYM    DATA     BYTE      IPH
      000000CDH   SFRSYM    DATA     BYTE      SPSTAT
      000000DDH   SFRSYM    DATA     BYTE      T4T3M
      000000C1H   SFRSYM    DATA     BYTE      WDT_CONTR
      000000DFH   SFRSYM    DATA     BYTE      IP3
      000000F4H   SFRSYM    DATA     BYTE      USBCON
      000000B5H   SFRSYM    DATA     BYTE      IP2
      000000FFH   SFRSYM    DATA     BYTE      RSTCFG
      000000C7H   SFRSYM    DATA     BYTE      IAP_CONTR
      000000F9H   SFRSYM    DATA     BYTE      LINICR
      0000008EH   SFRSYM    DATA     BYTE      AUXR
      000000AFH   SFRSYM    DATA     BYTE      IE2
      00000088H   SFRSYM    DATA     BYTE      TCON
      00000089H   SFRSYM    DATA     BYTE      TMOD
      00000098H   SFRSYM    DATA     BYTE      SCON
      000000F1H   SFRSYM    DATA     BYTE      CANICR
      00000087H   SFRSYM    DATA     BYTE      PCON
      000000BCH   SFRSYM    DATA     BYTE      ADC_CONTR
L251 LINKER/LOCATER V4.66.93.0                                                        07/13/2023  23:54:08  PAGE 22


      000000E7H   SFRSYM    DATA     BYTE      CMPCR2
      000000E6H   SFRSYM    DATA     BYTE      CMPCR1
      000000DEH   SFRSYM    DATA     BYTE      ADCCFG
      000000B8H   SFRSYM    DATA     BYTE      IP
      0000008FH   SFRSYM    DATA     BYTE      INTCLKO
      000000EEH   SFRSYM    DATA     BYTE      IP3H
      000000B6H   SFRSYM    DATA     BYTE      IP2H
      000000A8H   SFRSYM    DATA     BYTE      IE
      000000BBH   SFRSYM    DATA     BYTE      P_SW3
      000000BAH   SFRSYM    DATA     BYTE      P_SW2
      000000A2H   SFRSYM    DATA     BYTE      P_SW1
      000000CEH   SFRSYM    DATA     BYTE      SPCTL
      000000F8H   SFRSYM    DATA     BYTE      P7
      000000E8H   SFRSYM    DATA     BYTE      P6
      000000C8H   SFRSYM    DATA     BYTE      P5
      000000C0H   SFRSYM    DATA     BYTE      P4
      000000B0H   SFRSYM    DATA     BYTE      P3
      000000A0H   SFRSYM    DATA     BYTE      P2
      00000090H   SFRSYM    DATA     BYTE      P1
      00000080H   SFRSYM    DATA     BYTE      P0

      00FF227EH   BLOCK     ECODE    ---       LVL=0
      00FF2280H   BLOCK     ECODE    NEAR LAB  LVL=1
      WR14        REGSYM    ---      WORD      datanum
      00010081H   SYMBOL    XDATA    BYTE      ye
      00010082H   SYMBOL    XDATA    BYTE      i
      R12         REGSYM    ---      BYTE      bank
      R13         REGSYM    ---      BYTE      addr
      ---         BLOCKEND  ---      ---       LVL=1
      00FF227EH   LINE      ECODE    ---       #224
      00FF2280H   LINE      ECODE    ---       #225
      00FF2280H   LINE      ECODE    ---       #226
      00FF2282H   LINE      ECODE    ---       #228
      00FF2284H   LINE      ECODE    ---       #229
      00FF2286H   LINE      ECODE    ---       #231
      00FF2286H   LINE      ECODE    ---       #233
      00FF228BH   LINE      ECODE    ---       #234
      00FF228FH   LINE      ECODE    ---       #236
      00FF2295H   LINE      ECODE    ---       #237
      00FF229CH   LINE      ECODE    ---       #239
      00FF22A4H   LINE      ECODE    ---       #240
      00FF22ACH   LINE      ECODE    ---       #241
      00FF22BFH   LINE      ECODE    ---       #242
      00FF22C3H   LINE      ECODE    ---       #243
      00FF22C6H   LINE      ECODE    ---       #244
      00FF22DAH   LINE      ECODE    ---       #245
      00FF22E1H   LINE      ECODE    ---       #246
      00FF22EAH   LINE      ECODE    ---       #247
      00FF22F2H   LINE      ECODE    ---       #248
      00FF2305H   LINE      ECODE    ---       #249
      00FF2305H   LINE      ECODE    ---       #250
      00FF2307H   LINE      ECODE    ---       #251
      ---         BLOCKEND  ---      ---       LVL=0

      00FF230AH   BLOCK     ECODE    ---       LVL=0
      00FF230CH   BLOCK     ECODE    NEAR LAB  LVL=1
      R14         REGSYM    ---      BYTE      line
      00010081H   SYMBOL    XDATA    BYTE      bank
      R15         REGSYM    ---      BYTE      datacounts
      R13         REGSYM    ---      BYTE      bytes2write
      00010082H   SYMBOL    XDATA    BYTE      offset
      R12         REGSYM    ---      BYTE      special
      ---         BLOCKEND  ---      ---       LVL=1
      00FF230AH   LINE      ECODE    ---       #253
      00FF230CH   LINE      ECODE    ---       #254
L251 LINKER/LOCATER V4.66.93.0                                                        07/13/2023  23:54:08  PAGE 23


      00FF230CH   LINE      ECODE    ---       #257
      00FF230EH   LINE      ECODE    ---       #263
      00FF2311H   LINE      ECODE    ---       #265
      00FF2326H   LINE      ECODE    ---       #266
      00FF233BH   LINE      ECODE    ---       #267
      00FF234CH   LINE      ECODE    ---       #268
      00FF2358H   LINE      ECODE    ---       #269
      00FF2364H   LINE      ECODE    ---       #270
      00FF2376H   LINE      ECODE    ---       #271
      00FF2376H   LINE      ECODE    ---       #272
      00FF2378H   LINE      ECODE    ---       #273
      00FF237CH   LINE      ECODE    ---       #275
      00FF238DH   LINE      ECODE    ---       #276
      00FF2392H   LINE      ECODE    ---       #281
      00FF239BH   LINE      ECODE    ---       #282
      00FF239DH   LINE      ECODE    ---       #284
      00FF23A0H   LINE      ECODE    ---       #285
      00FF23A7H   LINE      ECODE    ---       #287
      00FF23A9H   LINE      ECODE    ---       #288
      ---         BLOCKEND  ---      ---       LVL=0

      00FF23ACH   BLOCK     ECODE    ---       LVL=0
      R15         REGSYM    ---      BYTE      datacounts
      00FF23B2H   BLOCK     ECODE    NEAR LAB  LVL=1
      R7          REGSYM    ---      BYTE      bank
      R13         REGSYM    ---      BYTE      offset
      R14         REGSYM    ---      BYTE      bytes2write
      ---         BLOCKEND  ---      ---       LVL=1
      00FF23ACH   LINE      ECODE    ---       #291
      00FF23B2H   LINE      ECODE    ---       #292
      00FF23B2H   LINE      ECODE    ---       #294
      00FF23C1H   LINE      ECODE    ---       #295
      00FF23D2H   LINE      ECODE    ---       #296
      00FF23E3H   LINE      ECODE    ---       #297
      00FF23E9H   LINE      ECODE    ---       #298
      00FF23F1H   LINE      ECODE    ---       #299
      00FF2403H   LINE      ECODE    ---       #300
      00FF2403H   LINE      ECODE    ---       #301
      00FF2403H   LINE      ECODE    ---       #302
      00FF2405H   LINE      ECODE    ---       #303
      ---         BLOCKEND  ---      ---       LVL=0

      00FF240AH   BLOCK     ECODE    ---       LVL=0
      00010081H   SYMBOL    XDATA    ---       i
      00FF240AH   LINE      ECODE    ---       #306
      00FF240AH   LINE      ECODE    ---       #307
      00FF240AH   LINE      ECODE    ---       #309
      00FF241BH   LINE      ECODE    ---       #310
      00FF242BH   LINE      ECODE    ---       #311
      ---         BLOCKEND  ---      ---       LVL=0

      00FF242CH   BLOCK     ECODE    ---       LVL=0
      REG=7       REGSYM    ---      ---       Data
      00FF242CH   LINE      ECODE    ---       #317
      00FF242CH   LINE      ECODE    ---       #319
      00FF243BH   LINE      ECODE    ---       #320
      ---         BLOCKEND  ---      ---       LVL=0

      00FF243CH   BLOCK     ECODE    ---       LVL=0
      0001007BH   SYMBOL    XDATA    BYTE      hwRevision
      0001007CH   SYMBOL    XDATA    BYTE      otpValid
      0001007DH   SYMBOL    XDATA    BYTE      mpuIntStatus
      0001007EH   SYMBOL    XDATA    BYTE      xgOffsetTC
      0001007FH   SYMBOL    XDATA    BYTE      ygOffsetTC
      00010080H   SYMBOL    XDATA    BYTE      zgOffsetTC
L251 LINKER/LOCATER V4.66.93.0                                                        07/13/2023  23:54:08  PAGE 24


      00FF243CH   LINE      ECODE    ---       #323
      00FF243CH   LINE      ECODE    ---       #324
      00FF243CH   LINE      ECODE    ---       #328
      00FF2448H   LINE      ECODE    ---       #329
      00FF2450H   LINE      ECODE    ---       #330
      00FF245BH   LINE      ECODE    ---       #331
      00FF2464H   LINE      ECODE    ---       #332
      00FF246DH   LINE      ECODE    ---       #333
      00FF247EH   LINE      ECODE    ---       #334
      00FF2486H   LINE      ECODE    ---       #335
      00FF2495H   LINE      ECODE    ---       #336
      00FF24A8H   LINE      ECODE    ---       #337
      00FF24BCH   LINE      ECODE    ---       #338
      00FF24D0H   LINE      ECODE    ---       #342
      00FF24DCH   LINE      ECODE    ---       #343
      00FF24E4H   LINE      ECODE    ---       #344
      00FF24EAH   LINE      ECODE    ---       #345
      00FF24ECH   LINE      ECODE    ---       #346
      00FF24F2H   LINE      ECODE    ---       #347
      00FF24F4H   LINE      ECODE    ---       #348
      00FF2503H   LINE      ECODE    ---       #349
      00FF250CH   LINE      ECODE    ---       #350
      00FF2515H   LINE      ECODE    ---       #351
      00FF2524H   LINE      ECODE    ---       #352
      00FF2533H   LINE      ECODE    ---       #353
      00FF2542H   LINE      ECODE    ---       #354
      00FF254BH   LINE      ECODE    ---       #355
      00FF2553H   LINE      ECODE    ---       #356
      00FF255CH   LINE      ECODE    ---       #357
      00FF2569H   LINE      ECODE    ---       #358
      00FF2577H   LINE      ECODE    ---       #359
      00FF2585H   LINE      ECODE    ---       #360
      00FF258CH   LINE      ECODE    ---       #361
      00FF258EH   LINE      ECODE    ---       #362
      00FF2596H   LINE      ECODE    ---       #363
      00FF2598H   LINE      ECODE    ---       #364
      00FF25A4H   LINE      ECODE    ---       #365
      00FF25A8H   LINE      ECODE    ---       #367
      00FF25B4H   LINE      ECODE    ---       #369
      00FF25BDH   LINE      ECODE    ---       #370
      00FF25C6H   LINE      ECODE    ---       #371
      00FF25CFH   LINE      ECODE    ---       #372
      00FF25D7H   LINE      ECODE    ---       #373
      00FF25E3H   LINE      ECODE    ---       #374
      00FF25EFH   LINE      ECODE    ---       #375
      00FF25FBH   LINE      ECODE    ---       #376
      00FF2607H   LINE      ECODE    ---       #377
      00FF260FH   LINE      ECODE    ---       #378
      00FF2611H   LINE      ECODE    ---       #379
      00FF2619H   LINE      ECODE    ---       #380
      00FF261BH   LINE      ECODE    ---       #381
      00FF2623H   LINE      ECODE    ---       #382
      00FF2625H   LINE      ECODE    ---       #383
      00FF262FH   LINE      ECODE    ---       #384
      00FF263BH   LINE      ECODE    ---       #386
      00FF264CH   LINE      ECODE    ---       #387
      00FF2654H   LINE      ECODE    ---       #388
      00FF2656H   LINE      ECODE    ---       #389
      00FF2660H   LINE      ECODE    ---       #390
      00FF266CH   LINE      ECODE    ---       #392
      00FF267DH   LINE      ECODE    ---       #393
      00FF2685H   LINE      ECODE    ---       #394
      00FF2687H   LINE      ECODE    ---       #395
      00FF2692H   LINE      ECODE    ---       #396
      00FF269EH   LINE      ECODE    ---       #397
L251 LINKER/LOCATER V4.66.93.0                                                        07/13/2023  23:54:08  PAGE 25


      00FF26AFH   LINE      ECODE    ---       #399
      00FF26B1H   LINE      ECODE    ---       #400
      ---         BLOCKEND  ---      ---       LVL=0

      00FF26B2H   BLOCK     ECODE    ---       LVL=0
      00FF26B2H   LINE      ECODE    ---       #403
      00FF26B2H   LINE      ECODE    ---       #405
      00FF26C1H   LINE      ECODE    ---       #406
      00FF26CFH   LINE      ECODE    ---       #407
      00FF26DDH   LINE      ECODE    ---       #408
      ---         BLOCKEND  ---      ---       LVL=0

      00FF26E9H   BLOCK     ECODE    ---       LVL=0
      0001007BH   SYMBOL    XDATA    BYTE      b
      00FF26E9H   LINE      ECODE    ---       #412
      00FF26E9H   LINE      ECODE    ---       #413
      00FF26E9H   LINE      ECODE    ---       #414
      00FF26EEH   LINE      ECODE    ---       #415
      00FF2702H   LINE      ECODE    ---       #416
      00FF270DH   LINE      ECODE    ---       #418
      ---         BLOCKEND  ---      ---       LVL=0

      00FF270EH   BLOCK     ECODE    ---       LVL=0
      00FF270EH   LINE      ECODE    ---       #420
      00FF270EH   LINE      ECODE    ---       #422
      00FF2712H   LINE      ECODE    ---       #423
      00FF2718H   LINE      ECODE    ---       #424
      00FF271EH   LINE      ECODE    ---       #425
      00FF272AH   LINE      ECODE    ---       #426
      ---         BLOCKEND  ---      ---       LVL=0

      00FF2736H   BLOCK     ECODE    ---       LVL=0
      00FF2738H   BLOCK     ECODE    NEAR LAB  LVL=1
      00010078H   SYMBOL    XDATA    BYTE      zd
      00010079H   SYMBOL    XDATA    WORD      i
      ---         BLOCKEND  ---      ---       LVL=1
      00FF2736H   LINE      ECODE    ---       #429
      00FF2738H   LINE      ECODE    ---       #430
      00FF2738H   LINE      ECODE    ---       #433
      00FF2742H   LINE      ECODE    ---       #434
      00FF2753H   LINE      ECODE    ---       #435
      00FF276AH   LINE      ECODE    ---       #437
      00FF2776H   LINE      ECODE    ---       #438
      00FF2779H   LINE      ECODE    ---       #439
      00FF2781H   LINE      ECODE    ---       #441
      00FF2799H   LINE      ECODE    ---       #443
      00FF27AAH   LINE      ECODE    ---       #445
      00FF27D6H   LINE      ECODE    ---       #446
      00FF27FCH   LINE      ECODE    ---       #447
      00FF2822H   LINE      ECODE    ---       #448
      00FF2848H   LINE      ECODE    ---       #449
      00FF2848H   LINE      ECODE    ---       #451
      ---         BLOCKEND  ---      ---       LVL=0

      ---         MODULE    ---      ---       oled
      00FF1D66H   PUBLIC    ECODE    ---       OLED_Display_On?
      00FF1CDFH   PUBLIC    ECODE    ---       OLED_DisplayTurn?
      00FF2190H   PUBLIC    ECODE    ---       OLED_Init?
      00FF1FD3H   PUBLIC    ECODE    ---       OLED_ShowString?
      00FF1D0FH   PUBLIC    ECODE    ---       OLED_WR_Byte?
      00FF1DD0H   PUBLIC    ECODE    ---       OLED_ShowChar?
      00FF1CBFH   PUBLIC    ECODE    ---       OLED_ColorTurn?
      00FF1D3AH   PUBLIC    ECODE    ---       OLED_Set_Pos?
      00FF1CA8H   PUBLIC    ECODE    ---       delay_ms?
      00FF1ECCH   PUBLIC    ECODE    ---       OLED_ShowNum?
L251 LINKER/LOCATER V4.66.93.0                                                        07/13/2023  23:54:08  PAGE 26


      00FF1D7EH   PUBLIC    ECODE    ---       OLED_Display_Off?
      00FF1EB1H   PUBLIC    ECODE    ---       oled_pow?
      00FF204FH   PUBLIC    ECODE    ---       OLED_ShowChinese?
      00FF1D96H   PUBLIC    ECODE    ---       OLED_Clear?
      00FF20DEH   PUBLIC    ECODE    ---       OLED_DrawBMP?
      00FF0003H   PUBLIC    CODE     ---       asc2_0806
      00FF022BH   PUBLIC    CODE     ---       asc2_1608
      00FF081BH   PUBLIC    CODE     ---       Hzk
      000000D0H   SFRSYM    DATA     BYTE      PSW
      0000009DH   SFRSYM    DATA     BYTE      IRCBAND
      00000097H   SFRSYM    DATA     BYTE      AUXR2
      000000C0H.2 SFRSYM    DATA     BIT       OLED_RES
      000000EFH   SFRSYM    DATA     BYTE      AUXINTIF
      000000FDH   SFRSYM    DATA     BYTE      S4CON
      000000C0H.0 SFRSYM    DATA     BIT       OLED_SCL
      000000ACH   SFRSYM    DATA     BYTE      S3CON
      0000009AH   SFRSYM    DATA     BYTE      S2CON
      000000B7H   SFRSYM    DATA     BYTE      IPH
      000000CDH   SFRSYM    DATA     BYTE      SPSTAT
      000000C0H.1 SFRSYM    DATA     BIT       OLED_SDA
      000000DDH   SFRSYM    DATA     BYTE      T4T3M
      000000C1H   SFRSYM    DATA     BYTE      WDT_CONTR
      000000DFH   SFRSYM    DATA     BYTE      IP3
      000000F4H   SFRSYM    DATA     BYTE      USBCON
      000000B5H   SFRSYM    DATA     BYTE      IP2
      000000FFH   SFRSYM    DATA     BYTE      RSTCFG
      000000C7H   SFRSYM    DATA     BYTE      IAP_CONTR
      000000F9H   SFRSYM    DATA     BYTE      LINICR
      0000008EH   SFRSYM    DATA     BYTE      AUXR
      000000AFH   SFRSYM    DATA     BYTE      IE2
      00000088H   SFRSYM    DATA     BYTE      TCON
      00000089H   SFRSYM    DATA     BYTE      TMOD
      00000098H   SFRSYM    DATA     BYTE      SCON
      000000F1H   SFRSYM    DATA     BYTE      CANICR
      00000087H   SFRSYM    DATA     BYTE      PCON
      000000BCH   SFRSYM    DATA     BYTE      ADC_CONTR
      000000E7H   SFRSYM    DATA     BYTE      CMPCR2
      000000E6H   SFRSYM    DATA     BYTE      CMPCR1
      000000C0H.4 SFRSYM    DATA     BIT       OLED_CS
      000000DEH   SFRSYM    DATA     BYTE      ADCCFG
      000000B8H   SFRSYM    DATA     BYTE      IP
      0000008FH   SFRSYM    DATA     BYTE      INTCLKO
      000000EEH   SFRSYM    DATA     BYTE      IP3H
      000000B6H   SFRSYM    DATA     BYTE      IP2H
      000000A8H   SFRSYM    DATA     BYTE      IE
      000000BBH   SFRSYM    DATA     BYTE      P_SW3
      000000BAH   SFRSYM    DATA     BYTE      P_SW2
      000000C0H.3 SFRSYM    DATA     BIT       OLED_DC
      000000A2H   SFRSYM    DATA     BYTE      P_SW1
      000000CEH   SFRSYM    DATA     BYTE      SPCTL
      000000F8H   SFRSYM    DATA     BYTE      P7
      000000E8H   SFRSYM    DATA     BYTE      P6
      000000C8H   SFRSYM    DATA     BYTE      P5
      000000C0H   SFRSYM    DATA     BYTE      P4
      000000B0H   SFRSYM    DATA     BYTE      P3
      000000A0H   SFRSYM    DATA     BYTE      P2
      00000090H   SFRSYM    DATA     BYTE      P1
      00000080H   SFRSYM    DATA     BYTE      P0

      00FF1CA8H   BLOCK     ECODE    ---       LVL=0
      WR2         REGSYM    ---      WORD      ms
      00FF1CAAH   BLOCK     ECODE    NEAR LAB  LVL=1
      WR0         REGSYM    ---      WORD      a
      ---         BLOCKEND  ---      ---       LVL=1
      00FF1CA8H   LINE      ECODE    ---       #14
L251 LINKER/LOCATER V4.66.93.0                                                        07/13/2023  23:54:08  PAGE 27


      00FF1CAAH   LINE      ECODE    ---       #15
      00FF1CAAH   LINE      ECODE    ---       #17
      00FF1CACH   LINE      ECODE    ---       #19
      00FF1CB0H   LINE      ECODE    ---       #20
      00FF1CB8H   LINE      ECODE    ---       #21
      00FF1CBAH   LINE      ECODE    ---       #22
      00FF1CBEH   LINE      ECODE    ---       #23
      00FF1CBEH   LINE      ECODE    ---       #24
      ---         BLOCKEND  ---      ---       LVL=0

      00FF1CBFH   BLOCK     ECODE    ---       LVL=0
      R15         REGSYM    ---      BYTE      i
      00FF1CBFH   LINE      ECODE    ---       #27
      00FF1CC3H   LINE      ECODE    ---       #29
      00FF1CC7H   LINE      ECODE    ---       #31
      00FF1CCFH   LINE      ECODE    ---       #32
      00FF1CCFH   LINE      ECODE    ---       #33
      00FF1CD4H   LINE      ECODE    ---       #35
      00FF1CDCH   LINE      ECODE    ---       #36
      ---         BLOCKEND  ---      ---       LVL=0

      00FF1CDFH   BLOCK     ECODE    ---       LVL=0
      R15         REGSYM    ---      BYTE      i
      00FF1CDFH   LINE      ECODE    ---       #40
      00FF1CE3H   LINE      ECODE    ---       #42
      00FF1CE7H   LINE      ECODE    ---       #44
      00FF1CEFH   LINE      ECODE    ---       #45
      00FF1CF7H   LINE      ECODE    ---       #46
      00FF1CF7H   LINE      ECODE    ---       #47
      00FF1CFCH   LINE      ECODE    ---       #49
      00FF1D04H   LINE      ECODE    ---       #50
      00FF1D0CH   LINE      ECODE    ---       #51
      ---         BLOCKEND  ---      ---       LVL=0

      00FF1D0FH   BLOCK     ECODE    ---       LVL=0
      R10         REGSYM    ---      BYTE      dat
      R7          REGSYM    ---      BYTE      cmd
      00FF1D11H   BLOCK     ECODE    NEAR LAB  LVL=1
      R7          REGSYM    ---      BYTE      i
      ---         BLOCKEND  ---      ---       LVL=1
      00FF1D0FH   LINE      ECODE    ---       #55
      00FF1D11H   LINE      ECODE    ---       #56
      00FF1D11H   LINE      ECODE    ---       #58
      00FF1D15H   LINE      ECODE    ---       #59
      00FF1D19H   LINE      ECODE    ---       #61
      00FF1D1BH   LINE      ECODE    ---       #62
      00FF1D1DH   LINE      ECODE    ---       #63
      00FF1D20H   LINE      ECODE    ---       #65
      00FF1D22H   LINE      ECODE    ---       #66
      00FF1D27H   LINE      ECODE    ---       #68
      00FF1D29H   LINE      ECODE    ---       #69
      00FF1D2BH   LINE      ECODE    ---       #72
      00FF1D2DH   LINE      ECODE    ---       #73
      00FF1D2DH   LINE      ECODE    ---       #74
      00FF1D2FH   LINE      ECODE    ---       #75
      00FF1D31H   LINE      ECODE    ---       #76
      00FF1D35H   LINE      ECODE    ---       #77
      00FF1D37H   LINE      ECODE    ---       #78
      00FF1D39H   LINE      ECODE    ---       #79
      ---         BLOCKEND  ---      ---       LVL=0

      00FF1D3AH   BLOCK     ECODE    ---       LVL=0
      R15         REGSYM    ---      BYTE      x
      R10         REGSYM    ---      BYTE      y
      00FF1D3AH   LINE      ECODE    ---       #83
L251 LINKER/LOCATER V4.66.93.0                                                        07/13/2023  23:54:08  PAGE 28


      00FF1D3EH   LINE      ECODE    ---       #85
      00FF1D4AH   LINE      ECODE    ---       #86
      00FF1D59H   LINE      ECODE    ---       #87
      00FF1D63H   LINE      ECODE    ---       #88
      ---         BLOCKEND  ---      ---       LVL=0

      00FF1D66H   BLOCK     ECODE    ---       LVL=0
      00FF1D66H   LINE      ECODE    ---       #90
      00FF1D66H   LINE      ECODE    ---       #92
      00FF1D6EH   LINE      ECODE    ---       #93
      00FF1D76H   LINE      ECODE    ---       #94
      ---         BLOCKEND  ---      ---       LVL=0

      00FF1D7EH   BLOCK     ECODE    ---       LVL=0
      00FF1D7EH   LINE      ECODE    ---       #97
      00FF1D7EH   LINE      ECODE    ---       #99
      00FF1D86H   LINE      ECODE    ---       #100
      00FF1D8EH   LINE      ECODE    ---       #101
      ---         BLOCKEND  ---      ---       LVL=0

      00FF1D96H   BLOCK     ECODE    ---       LVL=0
      00FF1D98H   BLOCK     ECODE    NEAR LAB  LVL=1
      R15         REGSYM    ---      BYTE      i
      R14         REGSYM    ---      BYTE      n
      ---         BLOCKEND  ---      ---       LVL=1
      00FF1D96H   LINE      ECODE    ---       #104
      00FF1D98H   LINE      ECODE    ---       #105
      00FF1D98H   LINE      ECODE    ---       #107
      00FF1D9AH   LINE      ECODE    ---       #109
      00FF1DA6H   LINE      ECODE    ---       #110
      00FF1DADH   LINE      ECODE    ---       #111
      00FF1DB5H   LINE      ECODE    ---       #112
      00FF1DC6H   LINE      ECODE    ---       #113
      00FF1DCDH   LINE      ECODE    ---       #114
      ---         BLOCKEND  ---      ---       LVL=0

      00FF1DD0H   BLOCK     ECODE    ---       LVL=0
      R13         REGSYM    ---      BYTE      x
      R14         REGSYM    ---      BYTE      y
      R3          REGSYM    ---      BYTE      chr
      R15         REGSYM    ---      BYTE      sizey
      00FF1DDAH   BLOCK     ECODE    NEAR LAB  LVL=1
      R12         REGSYM    ---      BYTE      c
      0001007FH   SYMBOL    XDATA    BYTE      sizex
      00010080H   SYMBOL    XDATA    WORD      i
      00010082H   SYMBOL    XDATA    WORD      size1
      ---         BLOCKEND  ---      ---       LVL=1
      00FF1DD0H   LINE      ECODE    ---       #120
      00FF1DDAH   LINE      ECODE    ---       #121
      00FF1DDAH   LINE      ECODE    ---       #122
      00FF1DE6H   LINE      ECODE    ---       #123
      00FF1DEEH   LINE      ECODE    ---       #124
      00FF1DFFH   LINE      ECODE    ---       #125
      00FF1E1FH   LINE      ECODE    ---       #126
      00FF1E27H   LINE      ECODE    ---       #127
      00FF1E2FH   LINE      ECODE    ---       #128
      00FF1E36H   LINE      ECODE    ---       #130
      00FF1E57H   LINE      ECODE    ---       #131
      00FF1E6FH   LINE      ECODE    ---       #132
      00FF1E93H   LINE      ECODE    ---       #134
      00FF1E93H   LINE      ECODE    ---       #135
      00FF1EAEH   LINE      ECODE    ---       #136
      ---         BLOCKEND  ---      ---       LVL=0

      00FF1EB1H   BLOCK     ECODE    ---       LVL=0
L251 LINKER/LOCATER V4.66.93.0                                                        07/13/2023  23:54:08  PAGE 29


      R8          REGSYM    ---      BYTE      m
      R9          REGSYM    ---      BYTE      n
      00FF1EB5H   BLOCK     ECODE    NEAR LAB  LVL=1
      DR4         REGSYM    ---      DWORD     result
      ---         BLOCKEND  ---      ---       LVL=1
      00FF1EB1H   LINE      ECODE    ---       #138
      00FF1EB5H   LINE      ECODE    ---       #139
      00FF1EB5H   LINE      ECODE    ---       #140
      00FF1EB9H   LINE      ECODE    ---       #141
      00FF1ECBH   LINE      ECODE    ---       #142
      00FF1ECBH   LINE      ECODE    ---       #143
      ---         BLOCKEND  ---      ---       LVL=0

      00FF1ECCH   BLOCK     ECODE    ---       LVL=0
      000100BFH   SYMBOL    XDATA    BYTE      x
      000100C0H   SYMBOL    XDATA    BYTE      y
      DR12        REGSYM    ---      DWORD     num
      000100C1H   SYMBOL    XDATA    BYTE      len
      000100C2H   SYMBOL    XDATA    BYTE      sizey
      00FF1EE6H   BLOCK     ECODE    NEAR LAB  LVL=1
      000100C3H   SYMBOL    XDATA    BYTE      t
      000100C4H   SYMBOL    XDATA    BYTE      temp
      000100C5H   SYMBOL    XDATA    BYTE      m
      000100C6H   SYMBOL    XDATA    BYTE      enshow
      ---         BLOCKEND  ---      ---       LVL=1
      00FF1ECCH   LINE      ECODE    ---       #149
      00FF1EE6H   LINE      ECODE    ---       #150
      00FF1EE6H   LINE      ECODE    ---       #151
      00FF1EEBH   LINE      ECODE    ---       #152
      00FF1EEFH   LINE      ECODE    ---       #153
      00FF1EFCH   LINE      ECODE    ---       #154
      00FF1F04H   LINE      ECODE    ---       #156
      00FF1F34H   LINE      ECODE    ---       #157
      00FF1F4CH   LINE      ECODE    ---       #159
      00FF1F52H   LINE      ECODE    ---       #161
      00FF1F77H   LINE      ECODE    ---       #162
      00FF1F79H   LINE      ECODE    ---       #163
      00FF1F7FH   LINE      ECODE    ---       #164
      00FF1F7FH   LINE      ECODE    ---       #165
      00FF1FB9H   LINE      ECODE    ---       #166
      00FF1FD0H   LINE      ECODE    ---       #167
      ---         BLOCKEND  ---      ---       LVL=0

      00FF1FD3H   BLOCK     ECODE    ---       LVL=0
      0001007BH   SYMBOL    XDATA    BYTE      x
      0001007CH   SYMBOL    XDATA    BYTE      y
      REG=3       REGSYM    ---      ---       chr
      0001007DH   SYMBOL    XDATA    BYTE      sizey
      00FF1FE7H   BLOCK     ECODE    NEAR LAB  LVL=1
      0001007EH   SYMBOL    XDATA    BYTE      j
      ---         BLOCKEND  ---      ---       LVL=1
      00FF1FD3H   LINE      ECODE    ---       #169
      00FF1FE7H   LINE      ECODE    ---       #170
      00FF1FE7H   LINE      ECODE    ---       #171
      00FF1FECH   LINE      ECODE    ---       #172
      00FF1FEEH   LINE      ECODE    ---       #174
      00FF2018H   LINE      ECODE    ---       #175
      00FF202CH   LINE      ECODE    ---       #176
      00FF203DH   LINE      ECODE    ---       #177
      00FF204CH   LINE      ECODE    ---       #178
      ---         BLOCKEND  ---      ---       LVL=0

      00FF204FH   BLOCK     ECODE    ---       LVL=0
      R12         REGSYM    ---      BYTE      x
      R13         REGSYM    ---      BYTE      y
L251 LINKER/LOCATER V4.66.93.0                                                        07/13/2023  23:54:08  PAGE 30


      R14         REGSYM    ---      BYTE      no
      R15         REGSYM    ---      BYTE      sizey
      00FF2059H   BLOCK     ECODE    NEAR LAB  LVL=1
      000100CFH   SYMBOL    XDATA    WORD      i
      000100D1H   SYMBOL    XDATA    WORD      size1
      ---         BLOCKEND  ---      ---       LVL=1
      00FF204FH   LINE      ECODE    ---       #180
      00FF2059H   LINE      ECODE    ---       #181
      00FF2059H   LINE      ECODE    ---       #182
      00FF207DH   LINE      ECODE    ---       #183
      00FF2084H   LINE      ECODE    ---       #185
      00FF209CH   LINE      ECODE    ---       #186
      00FF20C0H   LINE      ECODE    ---       #188
      00FF20C0H   LINE      ECODE    ---       #189
      00FF20DBH   LINE      ECODE    ---       #190
      ---         BLOCKEND  ---      ---       LVL=0

      00FF20DEH   BLOCK     ECODE    ---       LVL=0
      000100C7H   SYMBOL    XDATA    BYTE      x
      000100C8H   SYMBOL    XDATA    BYTE      y
      000100C9H   SYMBOL    XDATA    BYTE      sizex
      000100CAH   SYMBOL    XDATA    BYTE      sizey
      REG=3       REGSYM    ---      ---       BMP
      00FF20F8H   BLOCK     ECODE    NEAR LAB  LVL=1
      000100CBH   SYMBOL    XDATA    WORD      j
      000100CDH   SYMBOL    XDATA    BYTE      i
      000100CEH   SYMBOL    XDATA    BYTE      m
      ---         BLOCKEND  ---      ---       LVL=1
      00FF20DEH   LINE      ECODE    ---       #197
      00FF20F8H   LINE      ECODE    ---       #198
      00FF20F8H   LINE      ECODE    ---       #199
      00FF2100H   LINE      ECODE    ---       #201
      00FF2122H   LINE      ECODE    ---       #202
      00FF2129H   LINE      ECODE    ---       #204
      00FF2143H   LINE      ECODE    ---       #205
      00FF214AH   LINE      ECODE    ---       #207
      00FF2165H   LINE      ECODE    ---       #208
      00FF2179H   LINE      ECODE    ---       #209
      00FF218DH   LINE      ECODE    ---       #210
      ---         BLOCKEND  ---      ---       LVL=0

      00FF2190H   BLOCK     ECODE    ---       LVL=0
      00FF2190H   LINE      ECODE    ---       #215
      00FF2190H   LINE      ECODE    ---       #217
      00FF2192H   LINE      ECODE    ---       #218
      00FF219AH   LINE      ECODE    ---       #219
      00FF219CH   LINE      ECODE    ---       #221
      00FF21A4H   LINE      ECODE    ---       #222
      00FF21ABH   LINE      ECODE    ---       #223
      00FF21B3H   LINE      ECODE    ---       #224
      00FF21BBH   LINE      ECODE    ---       #225
      00FF21C3H   LINE      ECODE    ---       #226
      00FF21CBH   LINE      ECODE    ---       #227
      00FF21D3H   LINE      ECODE    ---       #228
      00FF21DBH   LINE      ECODE    ---       #229
      00FF21E3H   LINE      ECODE    ---       #230
      00FF21EBH   LINE      ECODE    ---       #231
      00FF21F3H   LINE      ECODE    ---       #232
      00FF21FBH   LINE      ECODE    ---       #233
      00FF2202H   LINE      ECODE    ---       #234
      00FF220AH   LINE      ECODE    ---       #235
      00FF2212H   LINE      ECODE    ---       #236
      00FF221AH   LINE      ECODE    ---       #237
      00FF2222H   LINE      ECODE    ---       #238
      00FF222AH   LINE      ECODE    ---       #239
L251 LINKER/LOCATER V4.66.93.0                                                        07/13/2023  23:54:08  PAGE 31


      00FF2232H   LINE      ECODE    ---       #240
      00FF223AH   LINE      ECODE    ---       #241
      00FF2242H   LINE      ECODE    ---       #242
      00FF224AH   LINE      ECODE    ---       #243
      00FF2252H   LINE      ECODE    ---       #244
      00FF225AH   LINE      ECODE    ---       #245
      00FF2262H   LINE      ECODE    ---       #246
      00FF226AH   LINE      ECODE    ---       #247
      00FF2272H   LINE      ECODE    ---       #248
      00FF2276H   LINE      ECODE    ---       #249
      ---         BLOCKEND  ---      ---       LVL=0

      ---         MODULE    ---      ---       ?C?FPADD?
      00FF1190H   PUBLIC    ECODE    ---       ?C?FPADD?
      00FF118DH   PUBLIC    ECODE    ---       ?C?FPSUB?

      ---         MODULE    ---      ---       ?C?FPMUL?
      00FF1248H   PUBLIC    ECODE    ---       ?C?FPMUL?

      ---         MODULE    ---      ---       ?C?FPDIV?
      00FF12E8H   PUBLIC    ECODE    ---       ?C?FPDIV?

      ---         MODULE    ---      ---       ?C?FCAST?
      00FF1373H   PUBLIC    ECODE    FAR LAB   ?C?FCASTC?
      00FF136EH   PUBLIC    ECODE    FAR LAB   ?C?FCASTI?
      00FF1369H   PUBLIC    ECODE    FAR LAB   ?C?FCASTL?

      ---         MODULE    ---      ---       ?C?CASTF?
      00FF13A6H   PUBLIC    ECODE    FAR LAB   ?C?CASTF?

      ---         MODULE    ---      ---       PRINTF?
      000100A3H   PUBLIC    XDATA    ---       ?PRINTF??BYTE
      00FF13E3H   PUBLIC    ECODE    FAR LAB   PRINTF?

      ---         MODULE    ---      ---       SPRINTF?
      000100A3H   PUBLIC    XDATA    ---       ?SPRINTF??BYTE
      00FF1410H   PUBLIC    ECODE    FAR LAB   SPRINTF?

      ---         MODULE    ---      ---       ASIN??
      00FF1430H   PUBLIC    ECODE    ---       ASIN??

      ---         MODULE    ---      ---       ?C?FPGETOPN?
      00FF1455H   PUBLIC    ECODE    ---       ?C?FPGETOPN2?
      00FF1492H   PUBLIC    ECODE    ---       ?C?FPNANRESULT?
      00FF149AH   PUBLIC    ECODE    ---       ?C?FPOVERFLOW?
      00FF1484H   PUBLIC    ECODE    ---       ?C?FPRESULT2?
      00FF146EH   PUBLIC    ECODE    ---       ?C?FPRESULT?
      00FF1497H   PUBLIC    ECODE    ---       ?C?FPUNDERFLOW?

      ---         MODULE    ---      ---       ?C?PRNFMT?
      00FF14D3H   PUBLIC    ECODE    ---       ?C?PRNFMT?

      ---         MODULE    ---      ---       SQRT??
      00FF18E2H   PUBLIC    ECODE    ---       SQRT??

      ---         MODULE    ---      ---       ATAN??
      00FF1994H   PUBLIC    ECODE    ---       ATAN??

      ---         MODULE    ---      ---       ?C?FPCONVERT?
      00FF1A7DH   PUBLIC    ECODE    ---       ?C?FPCONVERT?
      00FF1B37H   PUBLIC    ECODE    ---       ?C?FPROUND?

      ---         MODULE    ---      ---       ?C?FPSERIES?
      00FF1B7AH   PUBLIC    ECODE    ---       ?C?FP2SERIES?
      00FF1B84H   PUBLIC    ECODE    ---       ?C?FPSERIES?
L251 LINKER/LOCATER V4.66.93.0                                                        07/13/2023  23:54:08  PAGE 32



      ---         MODULE    ---      ---       ?C?FTNPWR?
      00FF1BDAH   PUBLIC    ECODE    ---       ?C?FTNPWR?

      ---         MODULE    ---      ---       ?C_START?
      00FF0000H   PUBLIC    CODE     ---       ?C?STARTUP?
      00FF0000H   PUBLIC    CODE     ---       ?C_STARTUP?

      ---         MODULE    ---      ---       ?C?SIDIV?
      00FF1C12H   PUBLIC    ECODE    ---       ?C?SIDIV?

      ---         MODULE    ---      ---       ?C?LMUL?
      00FF1C44H   PUBLIC    ECODE    ---       ?C?LMUL?

      ---         MODULE    ---      ---       ?C?ULDIV?
      00FF1C57H   PUBLIC    ECODE    FAR LAB   ?C?ULDIV?
      00FF1C55H   PUBLIC    ECODE    FAR LAB   ?C?ULIDIV?



*** WARNING L16: UNCALLED SEGMENT, IGNORED FOR OVERLAY PROCESS
    NAME:    MPU_Init?/MPU6050

*** WARNING L16: UNCALLED SEGMENT, IGNORED FOR OVERLAY PROCESS
    NAME:    MPU_Get_Temperature?/MPU6050

*** WARNING L16: UNCALLED SEGMENT, IGNORED FOR OVERLAY PROCESS
    NAME:    MPU_Get_Gyroscope?/MPU6050

*** WARNING L16: UNCALLED SEGMENT, IGNORED FOR OVERLAY PROCESS
    NAME:    MPU_Get_Accelerometer?/MPU6050

*** WARNING L16: UNCALLED SEGMENT, IGNORED FOR OVERLAY PROCESS
    NAME:    OLED_ColorTurn?/oled

*** WARNING L16: UNCALLED SEGMENT, IGNORED FOR OVERLAY PROCESS
    NAME:    OLED_DisplayTurn?/oled

*** WARNING L16: UNCALLED SEGMENT, IGNORED FOR OVERLAY PROCESS
    NAME:    OLED_Display_On?/oled

*** WARNING L16: UNCALLED SEGMENT, IGNORED FOR OVERLAY PROCESS
    NAME:    OLED_Display_Off?/oled

*** WARNING L16: UNCALLED SEGMENT, IGNORED FOR OVERLAY PROCESS
    NAME:    OLED_ShowNum?/oled

*** WARNING L16: UNCALLED SEGMENT, IGNORED FOR OVERLAY PROCESS
    NAME:    OLED_ShowChinese?/oled

*** WARNING L16: UNCALLED SEGMENT, IGNORED FOR OVERLAY PROCESS
    NAME:    OLED_DrawBMP?/oled

Program Size: data=8.0 edata+hdata=256 xdata=214 const=9 code=12282
L251 RUN COMPLETE.  11 WARNING(S),  0 ERROR(S)
